Determining if the pthread_create exist failed with the following output:
Change Dir: /home/student/Git-projects/robotproject-her-finn/build/d435i_xarm_setup/CMakeFiles/CMakeTmp

Run Build Command:"/usr/bin/make" "cmTC_844a4/fast"
/usr/bin/make -f CMakeFiles/cmTC_844a4.dir/build.make CMakeFiles/cmTC_844a4.dir/build
make[1]: Entering directory '/home/student/Git-projects/robotproject-her-finn/build/d435i_xarm_setup/CMakeFiles/CMakeTmp'
Building C object CMakeFiles/cmTC_844a4.dir/CheckSymbolExists.c.o
/usr/bin/cc    -o CMakeFiles/cmTC_844a4.dir/CheckSymbolExists.c.o   -c /home/student/Git-projects/robotproject-her-finn/build/d435i_xarm_setup/CMakeFiles/CMakeTmp/CheckSymbolExists.c
Linking C executable cmTC_844a4
/usr/bin/cmake -E cmake_link_script CMakeFiles/cmTC_844a4.dir/link.txt --verbose=1
/usr/bin/cc      -rdynamic CMakeFiles/cmTC_844a4.dir/CheckSymbolExists.c.o  -o cmTC_844a4 
CMakeFiles/cmTC_844a4.dir/CheckSymbolExists.c.o: In function `main':
CheckSymbolExists.c:(.text+0x1b): undefined reference to `pthread_create'
collect2: error: ld returned 1 exit status
CMakeFiles/cmTC_844a4.dir/build.make:97: recipe for target 'cmTC_844a4' failed
make[1]: *** [cmTC_844a4] Error 1
make[1]: Leaving directory '/home/student/Git-projects/robotproject-her-finn/build/d435i_xarm_setup/CMakeFiles/CMakeTmp'
Makefile:126: recipe for target 'cmTC_844a4/fast' failed
make: *** [cmTC_844a4/fast] Error 2

File /home/student/Git-projects/robotproject-her-finn/build/d435i_xarm_setup/CMakeFiles/CMakeTmp/CheckSymbolExists.c:
/* */
#include <pthread.h>

int main(int argc, char** argv)
{
  (void)argv;
#ifndef pthread_create
  return ((int*)(&pthread_create))[argc];
#else
  (void)argc;
  return 0;
#endif
}

Determining if the function pthread_create exists in the pthreads failed with the following output:
Change Dir: /home/student/Git-projects/robotproject-her-finn/build/d435i_xarm_setup/CMakeFiles/CMakeTmp

Run Build Command:"/usr/bin/make" "cmTC_005cf/fast"
/usr/bin/make -f CMakeFiles/cmTC_005cf.dir/build.make CMakeFiles/cmTC_005cf.dir/build
make[1]: Entering directory '/home/student/Git-projects/robotproject-her-finn/build/d435i_xarm_setup/CMakeFiles/CMakeTmp'
Building C object CMakeFiles/cmTC_005cf.dir/CheckFunctionExists.c.o
/usr/bin/cc   -DCHECK_FUNCTION_EXISTS=pthread_create   -o CMakeFiles/cmTC_005cf.dir/CheckFunctionExists.c.o   -c /usr/share/cmake-3.10/Modules/CheckFunctionExists.c
Linking C executable cmTC_005cf
/usr/bin/cmake -E cmake_link_script CMakeFiles/cmTC_005cf.dir/link.txt --verbose=1
/usr/bin/cc  -DCHECK_FUNCTION_EXISTS=pthread_create    -rdynamic CMakeFiles/cmTC_005cf.dir/CheckFunctionExists.c.o  -o cmTC_005cf -lpthreads 
/usr/bin/ld: cannot find -lpthreads
collect2: error: ld returned 1 exit status
CMakeFiles/cmTC_005cf.dir/build.make:97: recipe for target 'cmTC_005cf' failed
make[1]: *** [cmTC_005cf] Error 1
make[1]: Leaving directory '/home/student/Git-projects/robotproject-her-finn/build/d435i_xarm_setup/CMakeFiles/CMakeTmp'
Makefile:126: recipe for target 'cmTC_005cf/fast' failed
make: *** [cmTC_005cf/fast] Error 2


