Performing C SOURCE FILE Test CMAKE_HAVE_LIBC_PTHREAD failed with the following output:
Change Dir: /home/student/Git-projects/robotproject-her-finn/build/conveyor_package/CMakeFiles/CMakeScratch/TryCompile-3Uv9CR

Run Build Command(s):/usr/bin/make -f Makefile cmTC_6a743/fast && /usr/bin/make  -f CMakeFiles/cmTC_6a743.dir/build.make CMakeFiles/cmTC_6a743.dir/build
make[1]: Entering directory '/home/student/Git-projects/robotproject-her-finn/build/conveyor_package/CMakeFiles/CMakeScratch/TryCompile-3Uv9CR'
Building C object CMakeFiles/cmTC_6a743.dir/src.c.o
/usr/bin/cc -DCMAKE_HAVE_LIBC_PTHREAD   -o CMakeFiles/cmTC_6a743.dir/src.c.o -c /home/student/Git-projects/robotproject-her-finn/build/conveyor_package/CMakeFiles/CMakeScratch/TryCompile-3Uv9CR/src.c
Linking C executable cmTC_6a743
/usr/bin/cmake -E cmake_link_script CMakeFiles/cmTC_6a743.dir/link.txt --verbose=1
/usr/bin/cc -rdynamic CMakeFiles/cmTC_6a743.dir/src.c.o -o cmTC_6a743 
CMakeFiles/cmTC_6a743.dir/src.c.o: In function `main':
src.c:(.text+0x3e): undefined reference to `pthread_create'
src.c:(.text+0x4a): undefined reference to `pthread_detach'
src.c:(.text+0x56): undefined reference to `pthread_cancel'
src.c:(.text+0x67): undefined reference to `pthread_join'
src.c:(.text+0x7b): undefined reference to `pthread_atfork'
collect2: error: ld returned 1 exit status
CMakeFiles/cmTC_6a743.dir/build.make:98: recipe for target 'cmTC_6a743' failed
make[1]: *** [cmTC_6a743] Error 1
make[1]: Leaving directory '/home/student/Git-projects/robotproject-her-finn/build/conveyor_package/CMakeFiles/CMakeScratch/TryCompile-3Uv9CR'
Makefile:127: recipe for target 'cmTC_6a743/fast' failed
make: *** [cmTC_6a743/fast] Error 2


Source file was:
#include <pthread.h>

static void* test_func(void* data)
{
  return data;
}

int main(void)
{
  pthread_t thread;
  pthread_create(&thread, NULL, test_func, NULL);
  pthread_detach(thread);
  pthread_cancel(thread);
  pthread_join(thread, NULL);
  pthread_atfork(NULL, NULL, NULL);
  pthread_exit(NULL);

  return 0;
}


Determining if the function pthread_create exists in the pthreads failed with the following output:
Change Dir: /home/student/Git-projects/robotproject-her-finn/build/conveyor_package/CMakeFiles/CMakeScratch/TryCompile-l0Tn1k

Run Build Command(s):/usr/bin/make -f Makefile cmTC_081c5/fast && /usr/bin/make  -f CMakeFiles/cmTC_081c5.dir/build.make CMakeFiles/cmTC_081c5.dir/build
make[1]: Entering directory '/home/student/Git-projects/robotproject-her-finn/build/conveyor_package/CMakeFiles/CMakeScratch/TryCompile-l0Tn1k'
Building C object CMakeFiles/cmTC_081c5.dir/CheckFunctionExists.c.o
/usr/bin/cc   -DCHECK_FUNCTION_EXISTS=pthread_create -o CMakeFiles/cmTC_081c5.dir/CheckFunctionExists.c.o -c /home/student/Git-projects/robotproject-her-finn/build/conveyor_package/CMakeFiles/CMakeScratch/TryCompile-l0Tn1k/CheckFunctionExists.c
Linking C executable cmTC_081c5
/usr/bin/cmake -E cmake_link_script CMakeFiles/cmTC_081c5.dir/link.txt --verbose=1
/usr/bin/cc  -DCHECK_FUNCTION_EXISTS=pthread_create -rdynamic CMakeFiles/cmTC_081c5.dir/CheckFunctionExists.c.o -o cmTC_081c5  -lpthreads 
/usr/bin/ld: cannot find -lpthreads
collect2: error: ld returned 1 exit status
CMakeFiles/cmTC_081c5.dir/build.make:98: recipe for target 'cmTC_081c5' failed
make[1]: *** [cmTC_081c5] Error 1
make[1]: Leaving directory '/home/student/Git-projects/robotproject-her-finn/build/conveyor_package/CMakeFiles/CMakeScratch/TryCompile-l0Tn1k'
Makefile:127: recipe for target 'cmTC_081c5/fast' failed
make: *** [cmTC_081c5/fast] Error 2



