[  0%] Built target roscpp_generate_messages_eus
[  0%] Built target actionlib_msgs_generate_messages_py
[  0%] Built target _my_demo_generate_messages_check_deps_PickPlaceActionGoal
[  0%] Built target _my_demo_generate_messages_check_deps_PickPlaceFeedback
[  0%] Built target _my_demo_generate_messages_check_deps_PickPlaceActionFeedback
[  0%] Built target _my_demo_generate_messages_check_deps_PickPlaceAction
[  0%] Built target _my_demo_generate_messages_check_deps_PickPlaceResult
[  0%] Built target _my_demo_generate_messages_check_deps_PickPlaceGoal
[  0%] Built target _my_demo_generate_messages_check_deps_PickPlaceActionResult
[  0%] Built target geometry_msgs_generate_messages_py
[  0%] Built target std_msgs_generate_messages_py
[  0%] Built target actionlib_msgs_generate_messages_lisp
[  0%] Built target std_msgs_generate_messages_lisp
[  0%] Built target geometry_msgs_generate_messages_lisp
[  0%] Built target actionlib_msgs_generate_messages_cpp
[  0%] Built target std_msgs_generate_messages_cpp
[  0%] Built target geometry_msgs_generate_messages_cpp
[  0%] Built target std_msgs_generate_messages_eus
[  0%] Built target geometry_msgs_generate_messages_eus
[  0%] Built target actionlib_msgs_generate_messages_eus
[  0%] Built target std_msgs_generate_messages_nodejs
[  0%] Built target geometry_msgs_generate_messages_nodejs
[  0%] Built target actionlib_msgs_generate_messages_nodejs
[  0%] Built target roscpp_generate_messages_py
[  0%] Built target rosgraph_msgs_generate_messages_nodejs
[  0%] Built target rosgraph_msgs_generate_messages_py
[  0%] Built target roscpp_generate_messages_lisp
[  0%] Built target rosgraph_msgs_generate_messages_cpp
[  0%] Built target roscpp_generate_messages_cpp
[  0%] Built target actionlib_generate_messages_cpp
[  0%] Built target rosgraph_msgs_generate_messages_lisp
[  0%] Built target actionlib_generate_messages_eus
[  0%] Built target actionlib_generate_messages_lisp
[  0%] Built target actionlib_generate_messages_nodejs
[  0%] Built target actionlib_generate_messages_py
[  0%] Built target rosgraph_msgs_generate_messages_eus
[ 21%] Built target my_demo_generate_messages_py
[ 21%] Built target roscpp_generate_messages_nodejs
[ 40%] Built target my_demo_generate_messages_lisp
[ 59%] Built target my_demo_generate_messages_cpp
[ 81%] Built target my_demo_generate_messages_eus
[100%] Built target my_demo_generate_messages_nodejs
[100%] Built target my_demo_generate_messages
