Symlinking /home/student/Git-projects/robotproject-her-finn/devel/include/my_demo/PickPlaceActionFeedback.h
Symlinking /home/student/Git-projects/robotproject-her-finn/devel/include/my_demo/PickPlaceGoal.h
Symlinking /home/student/Git-projects/robotproject-her-finn/devel/include/my_demo/PickPlaceResult.h
Symlinking /home/student/Git-projects/robotproject-her-finn/devel/include/my_demo/PickPlaceFeedback.h
Symlinking /home/student/Git-projects/robotproject-her-finn/devel/include/my_demo/PickPlaceActionResult.h
Symlinking /home/student/Git-projects/robotproject-her-finn/devel/include/my_demo/PickPlaceAction.h
Symlinking /home/student/Git-projects/robotproject-her-finn/devel/include/my_demo/PickPlaceActionGoal.h
Symlinking /home/student/Git-projects/robotproject-her-finn/devel/lib/python2.7/dist-packages/my_demo/__init__.py
Symlinking /home/student/Git-projects/robotproject-her-finn/devel/lib/python2.7/dist-packages/my_demo/msg/_PickPlaceFeedback.py
Symlinking /home/student/Git-projects/robotproject-her-finn/devel/lib/python2.7/dist-packages/my_demo/msg/_PickPlaceAction.py
Symlinking /home/student/Git-projects/robotproject-her-finn/devel/lib/python2.7/dist-packages/my_demo/msg/_PickPlaceResult.py
Symlinking /home/student/Git-projects/robotproject-her-finn/devel/lib/python2.7/dist-packages/my_demo/msg/__init__.py
Symlinking /home/student/Git-projects/robotproject-her-finn/devel/lib/python2.7/dist-packages/my_demo/msg/_PickPlaceActionFeedback.py
Symlinking /home/student/Git-projects/robotproject-her-finn/devel/lib/python2.7/dist-packages/my_demo/msg/_PickPlaceGoal.py
Symlinking /home/student/Git-projects/robotproject-her-finn/devel/lib/python2.7/dist-packages/my_demo/msg/_PickPlaceActionGoal.py
Symlinking /home/student/Git-projects/robotproject-her-finn/devel/lib/python2.7/dist-packages/my_demo/msg/_PickPlaceActionResult.py
Symlinking /home/student/Git-projects/robotproject-her-finn/devel/lib/pkgconfig/my_demo.pc
Symlinking /home/student/Git-projects/robotproject-her-finn/devel/share/my_demo/msg/PickPlaceActionResult.msg
Symlinking /home/student/Git-projects/robotproject-her-finn/devel/share/my_demo/msg/PickPlaceAction.msg
Symlinking /home/student/Git-projects/robotproject-her-finn/devel/share/my_demo/msg/PickPlaceGoal.msg
Symlinking /home/student/Git-projects/robotproject-her-finn/devel/share/my_demo/msg/PickPlaceActionFeedback.msg
Symlinking /home/student/Git-projects/robotproject-her-finn/devel/share/my_demo/msg/PickPlaceActionGoal.msg
Symlinking /home/student/Git-projects/robotproject-her-finn/devel/share/my_demo/msg/PickPlaceResult.msg
Symlinking /home/student/Git-projects/robotproject-her-finn/devel/share/my_demo/msg/PickPlaceFeedback.msg
Symlinking /home/student/Git-projects/robotproject-her-finn/devel/share/my_demo/cmake/my_demo-msg-extras.cmake
Symlinking /home/student/Git-projects/robotproject-her-finn/devel/share/my_demo/cmake/my_demoConfig-version.cmake
Symlinking /home/student/Git-projects/robotproject-her-finn/devel/share/my_demo/cmake/my_demoConfig.cmake
Symlinking /home/student/Git-projects/robotproject-her-finn/devel/share/my_demo/cmake/my_demo-msg-paths.cmake
Symlinking /home/student/Git-projects/robotproject-her-finn/devel/share/gennodejs/ros/my_demo/_index.js
Symlinking /home/student/Git-projects/robotproject-her-finn/devel/share/gennodejs/ros/my_demo/msg/PickPlaceActionResult.js
Symlinking /home/student/Git-projects/robotproject-her-finn/devel/share/gennodejs/ros/my_demo/msg/PickPlaceGoal.js
Symlinking /home/student/Git-projects/robotproject-her-finn/devel/share/gennodejs/ros/my_demo/msg/_index.js
Symlinking /home/student/Git-projects/robotproject-her-finn/devel/share/gennodejs/ros/my_demo/msg/PickPlaceAction.js
Symlinking /home/student/Git-projects/robotproject-her-finn/devel/share/gennodejs/ros/my_demo/msg/PickPlaceActionFeedback.js
Symlinking /home/student/Git-projects/robotproject-her-finn/devel/share/gennodejs/ros/my_demo/msg/PickPlaceFeedback.js
Symlinking /home/student/Git-projects/robotproject-her-finn/devel/share/gennodejs/ros/my_demo/msg/PickPlaceResult.js
Symlinking /home/student/Git-projects/robotproject-her-finn/devel/share/gennodejs/ros/my_demo/msg/PickPlaceActionGoal.js
Symlinking /home/student/Git-projects/robotproject-her-finn/devel/share/roseus/ros/my_demo/manifest.l
Symlinking /home/student/Git-projects/robotproject-her-finn/devel/share/roseus/ros/my_demo/msg/PickPlaceActionFeedback.l
Symlinking /home/student/Git-projects/robotproject-her-finn/devel/share/roseus/ros/my_demo/msg/PickPlaceActionGoal.l
Symlinking /home/student/Git-projects/robotproject-her-finn/devel/share/roseus/ros/my_demo/msg/PickPlaceGoal.l
Symlinking /home/student/Git-projects/robotproject-her-finn/devel/share/roseus/ros/my_demo/msg/PickPlaceResult.l
Symlinking /home/student/Git-projects/robotproject-her-finn/devel/share/roseus/ros/my_demo/msg/PickPlaceFeedback.l
Symlinking /home/student/Git-projects/robotproject-her-finn/devel/share/roseus/ros/my_demo/msg/PickPlaceAction.l
Symlinking /home/student/Git-projects/robotproject-her-finn/devel/share/roseus/ros/my_demo/msg/PickPlaceActionResult.l
Symlinking /home/student/Git-projects/robotproject-her-finn/devel/share/common-lisp/ros/my_demo/msg/_package_PickPlaceGoal.lisp
Symlinking /home/student/Git-projects/robotproject-her-finn/devel/share/common-lisp/ros/my_demo/msg/_package_PickPlaceActionResult.lisp
Symlinking /home/student/Git-projects/robotproject-her-finn/devel/share/common-lisp/ros/my_demo/msg/PickPlaceActionFeedback.lisp
Symlinking /home/student/Git-projects/robotproject-her-finn/devel/share/common-lisp/ros/my_demo/msg/PickPlaceActionGoal.lisp
Symlinking /home/student/Git-projects/robotproject-her-finn/devel/share/common-lisp/ros/my_demo/msg/_package.lisp
Symlinking /home/student/Git-projects/robotproject-her-finn/devel/share/common-lisp/ros/my_demo/msg/PickPlaceActionResult.lisp
Symlinking /home/student/Git-projects/robotproject-her-finn/devel/share/common-lisp/ros/my_demo/msg/PickPlaceResult.lisp
Symlinking /home/student/Git-projects/robotproject-her-finn/devel/share/common-lisp/ros/my_demo/msg/_package_PickPlaceAction.lisp
Symlinking /home/student/Git-projects/robotproject-her-finn/devel/share/common-lisp/ros/my_demo/msg/_package_PickPlaceActionFeedback.lisp
Symlinking /home/student/Git-projects/robotproject-her-finn/devel/share/common-lisp/ros/my_demo/msg/_package_PickPlaceFeedback.lisp
Symlinking /home/student/Git-projects/robotproject-her-finn/devel/share/common-lisp/ros/my_demo/msg/PickPlaceGoal.lisp
Symlinking /home/student/Git-projects/robotproject-her-finn/devel/share/common-lisp/ros/my_demo/msg/_package_PickPlaceResult.lisp
Symlinking /home/student/Git-projects/robotproject-her-finn/devel/share/common-lisp/ros/my_demo/msg/_package_PickPlaceActionGoal.lisp
Symlinking /home/student/Git-projects/robotproject-her-finn/devel/share/common-lisp/ros/my_demo/msg/PickPlaceAction.lisp
Symlinking /home/student/Git-projects/robotproject-her-finn/devel/share/common-lisp/ros/my_demo/msg/PickPlaceFeedback.lisp
Symlinking /home/student/Git-projects/robotproject-her-finn/devel/share/common-lisp/ros/my_demo/msg/my_demo-msg.asd
