Linked: (/home/student/Git-projects/robotproject-her-finn/devel/.private/my_demo/include/my_demo/PickPlaceActionFeedback.h, /home/student/Git-projects/robotproject-her-finn/devel/include/my_demo/PickPlaceActionFeedback.h)
Linked: (/home/student/Git-projects/robotproject-her-finn/devel/.private/my_demo/include/my_demo/PickPlaceGoal.h, /home/student/Git-projects/robotproject-her-finn/devel/include/my_demo/PickPlaceGoal.h)
Linked: (/home/student/Git-projects/robotproject-her-finn/devel/.private/my_demo/include/my_demo/PickPlaceResult.h, /home/student/Git-projects/robotproject-her-finn/devel/include/my_demo/PickPlaceResult.h)
Linked: (/home/student/Git-projects/robotproject-her-finn/devel/.private/my_demo/include/my_demo/PickPlaceFeedback.h, /home/student/Git-projects/robotproject-her-finn/devel/include/my_demo/PickPlaceFeedback.h)
Linked: (/home/student/Git-projects/robotproject-her-finn/devel/.private/my_demo/include/my_demo/PickPlaceActionResult.h, /home/student/Git-projects/robotproject-her-finn/devel/include/my_demo/PickPlaceActionResult.h)
Linked: (/home/student/Git-projects/robotproject-her-finn/devel/.private/my_demo/include/my_demo/PickPlaceAction.h, /home/student/Git-projects/robotproject-her-finn/devel/include/my_demo/PickPlaceAction.h)
Linked: (/home/student/Git-projects/robotproject-her-finn/devel/.private/my_demo/include/my_demo/PickPlaceActionGoal.h, /home/student/Git-projects/robotproject-her-finn/devel/include/my_demo/PickPlaceActionGoal.h)
Linked: (/home/student/Git-projects/robotproject-her-finn/devel/.private/my_demo/lib/python2.7/dist-packages/my_demo/__init__.py, /home/student/Git-projects/robotproject-her-finn/devel/lib/python2.7/dist-packages/my_demo/__init__.py)
Linked: (/home/student/Git-projects/robotproject-her-finn/devel/.private/my_demo/lib/python2.7/dist-packages/my_demo/msg/_PickPlaceFeedback.py, /home/student/Git-projects/robotproject-her-finn/devel/lib/python2.7/dist-packages/my_demo/msg/_PickPlaceFeedback.py)
Linked: (/home/student/Git-projects/robotproject-her-finn/devel/.private/my_demo/lib/python2.7/dist-packages/my_demo/msg/_PickPlaceAction.py, /home/student/Git-projects/robotproject-her-finn/devel/lib/python2.7/dist-packages/my_demo/msg/_PickPlaceAction.py)
Linked: (/home/student/Git-projects/robotproject-her-finn/devel/.private/my_demo/lib/python2.7/dist-packages/my_demo/msg/_PickPlaceResult.py, /home/student/Git-projects/robotproject-her-finn/devel/lib/python2.7/dist-packages/my_demo/msg/_PickPlaceResult.py)
Linked: (/home/student/Git-projects/robotproject-her-finn/devel/.private/my_demo/lib/python2.7/dist-packages/my_demo/msg/__init__.py, /home/student/Git-projects/robotproject-her-finn/devel/lib/python2.7/dist-packages/my_demo/msg/__init__.py)
Linked: (/home/student/Git-projects/robotproject-her-finn/devel/.private/my_demo/lib/python2.7/dist-packages/my_demo/msg/_PickPlaceActionFeedback.py, /home/student/Git-projects/robotproject-her-finn/devel/lib/python2.7/dist-packages/my_demo/msg/_PickPlaceActionFeedback.py)
Linked: (/home/student/Git-projects/robotproject-her-finn/devel/.private/my_demo/lib/python2.7/dist-packages/my_demo/msg/_PickPlaceGoal.py, /home/student/Git-projects/robotproject-her-finn/devel/lib/python2.7/dist-packages/my_demo/msg/_PickPlaceGoal.py)
Linked: (/home/student/Git-projects/robotproject-her-finn/devel/.private/my_demo/lib/python2.7/dist-packages/my_demo/msg/_PickPlaceActionGoal.py, /home/student/Git-projects/robotproject-her-finn/devel/lib/python2.7/dist-packages/my_demo/msg/_PickPlaceActionGoal.py)
Linked: (/home/student/Git-projects/robotproject-her-finn/devel/.private/my_demo/lib/python2.7/dist-packages/my_demo/msg/_PickPlaceActionResult.py, /home/student/Git-projects/robotproject-her-finn/devel/lib/python2.7/dist-packages/my_demo/msg/_PickPlaceActionResult.py)
Linked: (/home/student/Git-projects/robotproject-her-finn/devel/.private/my_demo/lib/pkgconfig/my_demo.pc, /home/student/Git-projects/robotproject-her-finn/devel/lib/pkgconfig/my_demo.pc)
Linked: (/home/student/Git-projects/robotproject-her-finn/devel/.private/my_demo/share/my_demo/msg/PickPlaceActionResult.msg, /home/student/Git-projects/robotproject-her-finn/devel/share/my_demo/msg/PickPlaceActionResult.msg)
Linked: (/home/student/Git-projects/robotproject-her-finn/devel/.private/my_demo/share/my_demo/msg/PickPlaceAction.msg, /home/student/Git-projects/robotproject-her-finn/devel/share/my_demo/msg/PickPlaceAction.msg)
Linked: (/home/student/Git-projects/robotproject-her-finn/devel/.private/my_demo/share/my_demo/msg/PickPlaceGoal.msg, /home/student/Git-projects/robotproject-her-finn/devel/share/my_demo/msg/PickPlaceGoal.msg)
Linked: (/home/student/Git-projects/robotproject-her-finn/devel/.private/my_demo/share/my_demo/msg/PickPlaceActionFeedback.msg, /home/student/Git-projects/robotproject-her-finn/devel/share/my_demo/msg/PickPlaceActionFeedback.msg)
Linked: (/home/student/Git-projects/robotproject-her-finn/devel/.private/my_demo/share/my_demo/msg/PickPlaceActionGoal.msg, /home/student/Git-projects/robotproject-her-finn/devel/share/my_demo/msg/PickPlaceActionGoal.msg)
Linked: (/home/student/Git-projects/robotproject-her-finn/devel/.private/my_demo/share/my_demo/msg/PickPlaceResult.msg, /home/student/Git-projects/robotproject-her-finn/devel/share/my_demo/msg/PickPlaceResult.msg)
Linked: (/home/student/Git-projects/robotproject-her-finn/devel/.private/my_demo/share/my_demo/msg/PickPlaceFeedback.msg, /home/student/Git-projects/robotproject-her-finn/devel/share/my_demo/msg/PickPlaceFeedback.msg)
Linked: (/home/student/Git-projects/robotproject-her-finn/devel/.private/my_demo/share/my_demo/cmake/my_demo-msg-extras.cmake, /home/student/Git-projects/robotproject-her-finn/devel/share/my_demo/cmake/my_demo-msg-extras.cmake)
Linked: (/home/student/Git-projects/robotproject-her-finn/devel/.private/my_demo/share/my_demo/cmake/my_demoConfig-version.cmake, /home/student/Git-projects/robotproject-her-finn/devel/share/my_demo/cmake/my_demoConfig-version.cmake)
Linked: (/home/student/Git-projects/robotproject-her-finn/devel/.private/my_demo/share/my_demo/cmake/my_demoConfig.cmake, /home/student/Git-projects/robotproject-her-finn/devel/share/my_demo/cmake/my_demoConfig.cmake)
Linked: (/home/student/Git-projects/robotproject-her-finn/devel/.private/my_demo/share/my_demo/cmake/my_demo-msg-paths.cmake, /home/student/Git-projects/robotproject-her-finn/devel/share/my_demo/cmake/my_demo-msg-paths.cmake)
Linked: (/home/student/Git-projects/robotproject-her-finn/devel/.private/my_demo/share/gennodejs/ros/my_demo/_index.js, /home/student/Git-projects/robotproject-her-finn/devel/share/gennodejs/ros/my_demo/_index.js)
Linked: (/home/student/Git-projects/robotproject-her-finn/devel/.private/my_demo/share/gennodejs/ros/my_demo/msg/PickPlaceActionResult.js, /home/student/Git-projects/robotproject-her-finn/devel/share/gennodejs/ros/my_demo/msg/PickPlaceActionResult.js)
Linked: (/home/student/Git-projects/robotproject-her-finn/devel/.private/my_demo/share/gennodejs/ros/my_demo/msg/PickPlaceGoal.js, /home/student/Git-projects/robotproject-her-finn/devel/share/gennodejs/ros/my_demo/msg/PickPlaceGoal.js)
Linked: (/home/student/Git-projects/robotproject-her-finn/devel/.private/my_demo/share/gennodejs/ros/my_demo/msg/_index.js, /home/student/Git-projects/robotproject-her-finn/devel/share/gennodejs/ros/my_demo/msg/_index.js)
Linked: (/home/student/Git-projects/robotproject-her-finn/devel/.private/my_demo/share/gennodejs/ros/my_demo/msg/PickPlaceAction.js, /home/student/Git-projects/robotproject-her-finn/devel/share/gennodejs/ros/my_demo/msg/PickPlaceAction.js)
Linked: (/home/student/Git-projects/robotproject-her-finn/devel/.private/my_demo/share/gennodejs/ros/my_demo/msg/PickPlaceActionFeedback.js, /home/student/Git-projects/robotproject-her-finn/devel/share/gennodejs/ros/my_demo/msg/PickPlaceActionFeedback.js)
Linked: (/home/student/Git-projects/robotproject-her-finn/devel/.private/my_demo/share/gennodejs/ros/my_demo/msg/PickPlaceFeedback.js, /home/student/Git-projects/robotproject-her-finn/devel/share/gennodejs/ros/my_demo/msg/PickPlaceFeedback.js)
Linked: (/home/student/Git-projects/robotproject-her-finn/devel/.private/my_demo/share/gennodejs/ros/my_demo/msg/PickPlaceResult.js, /home/student/Git-projects/robotproject-her-finn/devel/share/gennodejs/ros/my_demo/msg/PickPlaceResult.js)
Linked: (/home/student/Git-projects/robotproject-her-finn/devel/.private/my_demo/share/gennodejs/ros/my_demo/msg/PickPlaceActionGoal.js, /home/student/Git-projects/robotproject-her-finn/devel/share/gennodejs/ros/my_demo/msg/PickPlaceActionGoal.js)
Linked: (/home/student/Git-projects/robotproject-her-finn/devel/.private/my_demo/share/roseus/ros/my_demo/manifest.l, /home/student/Git-projects/robotproject-her-finn/devel/share/roseus/ros/my_demo/manifest.l)
Linked: (/home/student/Git-projects/robotproject-her-finn/devel/.private/my_demo/share/roseus/ros/my_demo/msg/PickPlaceActionFeedback.l, /home/student/Git-projects/robotproject-her-finn/devel/share/roseus/ros/my_demo/msg/PickPlaceActionFeedback.l)
Linked: (/home/student/Git-projects/robotproject-her-finn/devel/.private/my_demo/share/roseus/ros/my_demo/msg/PickPlaceActionGoal.l, /home/student/Git-projects/robotproject-her-finn/devel/share/roseus/ros/my_demo/msg/PickPlaceActionGoal.l)
Linked: (/home/student/Git-projects/robotproject-her-finn/devel/.private/my_demo/share/roseus/ros/my_demo/msg/PickPlaceGoal.l, /home/student/Git-projects/robotproject-her-finn/devel/share/roseus/ros/my_demo/msg/PickPlaceGoal.l)
Linked: (/home/student/Git-projects/robotproject-her-finn/devel/.private/my_demo/share/roseus/ros/my_demo/msg/PickPlaceResult.l, /home/student/Git-projects/robotproject-her-finn/devel/share/roseus/ros/my_demo/msg/PickPlaceResult.l)
Linked: (/home/student/Git-projects/robotproject-her-finn/devel/.private/my_demo/share/roseus/ros/my_demo/msg/PickPlaceFeedback.l, /home/student/Git-projects/robotproject-her-finn/devel/share/roseus/ros/my_demo/msg/PickPlaceFeedback.l)
Linked: (/home/student/Git-projects/robotproject-her-finn/devel/.private/my_demo/share/roseus/ros/my_demo/msg/PickPlaceAction.l, /home/student/Git-projects/robotproject-her-finn/devel/share/roseus/ros/my_demo/msg/PickPlaceAction.l)
Linked: (/home/student/Git-projects/robotproject-her-finn/devel/.private/my_demo/share/roseus/ros/my_demo/msg/PickPlaceActionResult.l, /home/student/Git-projects/robotproject-her-finn/devel/share/roseus/ros/my_demo/msg/PickPlaceActionResult.l)
Linked: (/home/student/Git-projects/robotproject-her-finn/devel/.private/my_demo/share/common-lisp/ros/my_demo/msg/_package_PickPlaceGoal.lisp, /home/student/Git-projects/robotproject-her-finn/devel/share/common-lisp/ros/my_demo/msg/_package_PickPlaceGoal.lisp)
Linked: (/home/student/Git-projects/robotproject-her-finn/devel/.private/my_demo/share/common-lisp/ros/my_demo/msg/_package_PickPlaceActionResult.lisp, /home/student/Git-projects/robotproject-her-finn/devel/share/common-lisp/ros/my_demo/msg/_package_PickPlaceActionResult.lisp)
Linked: (/home/student/Git-projects/robotproject-her-finn/devel/.private/my_demo/share/common-lisp/ros/my_demo/msg/PickPlaceActionFeedback.lisp, /home/student/Git-projects/robotproject-her-finn/devel/share/common-lisp/ros/my_demo/msg/PickPlaceActionFeedback.lisp)
Linked: (/home/student/Git-projects/robotproject-her-finn/devel/.private/my_demo/share/common-lisp/ros/my_demo/msg/PickPlaceActionGoal.lisp, /home/student/Git-projects/robotproject-her-finn/devel/share/common-lisp/ros/my_demo/msg/PickPlaceActionGoal.lisp)
Linked: (/home/student/Git-projects/robotproject-her-finn/devel/.private/my_demo/share/common-lisp/ros/my_demo/msg/_package.lisp, /home/student/Git-projects/robotproject-her-finn/devel/share/common-lisp/ros/my_demo/msg/_package.lisp)
Linked: (/home/student/Git-projects/robotproject-her-finn/devel/.private/my_demo/share/common-lisp/ros/my_demo/msg/PickPlaceActionResult.lisp, /home/student/Git-projects/robotproject-her-finn/devel/share/common-lisp/ros/my_demo/msg/PickPlaceActionResult.lisp)
Linked: (/home/student/Git-projects/robotproject-her-finn/devel/.private/my_demo/share/common-lisp/ros/my_demo/msg/PickPlaceResult.lisp, /home/student/Git-projects/robotproject-her-finn/devel/share/common-lisp/ros/my_demo/msg/PickPlaceResult.lisp)
Linked: (/home/student/Git-projects/robotproject-her-finn/devel/.private/my_demo/share/common-lisp/ros/my_demo/msg/_package_PickPlaceAction.lisp, /home/student/Git-projects/robotproject-her-finn/devel/share/common-lisp/ros/my_demo/msg/_package_PickPlaceAction.lisp)
Linked: (/home/student/Git-projects/robotproject-her-finn/devel/.private/my_demo/share/common-lisp/ros/my_demo/msg/_package_PickPlaceActionFeedback.lisp, /home/student/Git-projects/robotproject-her-finn/devel/share/common-lisp/ros/my_demo/msg/_package_PickPlaceActionFeedback.lisp)
Linked: (/home/student/Git-projects/robotproject-her-finn/devel/.private/my_demo/share/common-lisp/ros/my_demo/msg/_package_PickPlaceFeedback.lisp, /home/student/Git-projects/robotproject-her-finn/devel/share/common-lisp/ros/my_demo/msg/_package_PickPlaceFeedback.lisp)
Linked: (/home/student/Git-projects/robotproject-her-finn/devel/.private/my_demo/share/common-lisp/ros/my_demo/msg/PickPlaceGoal.lisp, /home/student/Git-projects/robotproject-her-finn/devel/share/common-lisp/ros/my_demo/msg/PickPlaceGoal.lisp)
Linked: (/home/student/Git-projects/robotproject-her-finn/devel/.private/my_demo/share/common-lisp/ros/my_demo/msg/_package_PickPlaceResult.lisp, /home/student/Git-projects/robotproject-her-finn/devel/share/common-lisp/ros/my_demo/msg/_package_PickPlaceResult.lisp)
Linked: (/home/student/Git-projects/robotproject-her-finn/devel/.private/my_demo/share/common-lisp/ros/my_demo/msg/_package_PickPlaceActionGoal.lisp, /home/student/Git-projects/robotproject-her-finn/devel/share/common-lisp/ros/my_demo/msg/_package_PickPlaceActionGoal.lisp)
Linked: (/home/student/Git-projects/robotproject-her-finn/devel/.private/my_demo/share/common-lisp/ros/my_demo/msg/PickPlaceAction.lisp, /home/student/Git-projects/robotproject-her-finn/devel/share/common-lisp/ros/my_demo/msg/PickPlaceAction.lisp)
Linked: (/home/student/Git-projects/robotproject-her-finn/devel/.private/my_demo/share/common-lisp/ros/my_demo/msg/PickPlaceFeedback.lisp, /home/student/Git-projects/robotproject-her-finn/devel/share/common-lisp/ros/my_demo/msg/PickPlaceFeedback.lisp)
Linked: (/home/student/Git-projects/robotproject-her-finn/devel/.private/my_demo/share/common-lisp/ros/my_demo/msg/my_demo-msg.asd, /home/student/Git-projects/robotproject-her-finn/devel/share/common-lisp/ros/my_demo/msg/my_demo-msg.asd)
