[35m[1mScanning dependencies of target roscpp_generate_messages_eus[0m
[35m[1mScanning dependencies of target _my_demo_generate_messages_check_deps_PickPlaceActionGoal[0m
[35m[1mScanning dependencies of target actionlib_msgs_generate_messages_py[0m
[  0%] Built target roscpp_generate_messages_eus
[  0%] Built target actionlib_msgs_generate_messages_py
[35m[1mScanning dependencies of target _my_demo_generate_messages_check_deps_PickPlaceFeedback[0m
[35m[1mScanning dependencies of target _my_demo_generate_messages_check_deps_PickPlaceActionFeedback[0m
[  0%] Built target _my_demo_generate_messages_check_deps_PickPlaceActionGoal
[  0%] Built target _my_demo_generate_messages_check_deps_PickPlaceFeedback
[35m[1mScanning dependencies of target _my_demo_generate_messages_check_deps_PickPlaceResult[0m
[35m[1mScanning dependencies of target _my_demo_generate_messages_check_deps_PickPlaceAction[0m
[  0%] Built target _my_demo_generate_messages_check_deps_PickPlaceActionFeedback
[35m[1mScanning dependencies of target _my_demo_generate_messages_check_deps_PickPlaceGoal[0m
[  0%] Built target _my_demo_generate_messages_check_deps_PickPlaceResult
[  0%] Built target _my_demo_generate_messages_check_deps_PickPlaceAction
[35m[1mScanning dependencies of target _my_demo_generate_messages_check_deps_PickPlaceActionResult[0m
[  0%] Built target _my_demo_generate_messages_check_deps_PickPlaceGoal
[35m[1mScanning dependencies of target std_msgs_generate_messages_py[0m
[35m[1mScanning dependencies of target geometry_msgs_generate_messages_py[0m
[  0%] Built target geometry_msgs_generate_messages_py
[35m[1mScanning dependencies of target actionlib_msgs_generate_messages_lisp[0m
[  0%] Built target std_msgs_generate_messages_py
[  0%] Built target actionlib_msgs_generate_messages_lisp
[35m[1mScanning dependencies of target std_msgs_generate_messages_lisp[0m
[  0%] Built target _my_demo_generate_messages_check_deps_PickPlaceActionResult
[  0%] Built target std_msgs_generate_messages_lisp
[35m[1mScanning dependencies of target geometry_msgs_generate_messages_lisp[0m
[35m[1mScanning dependencies of target actionlib_msgs_generate_messages_cpp[0m
[35m[1mScanning dependencies of target geometry_msgs_generate_messages_cpp[0m
[  0%] Built target geometry_msgs_generate_messages_lisp
[  0%] Built target actionlib_msgs_generate_messages_cpp
[  0%] Built target geometry_msgs_generate_messages_cpp
[35m[1mScanning dependencies of target std_msgs_generate_messages_cpp[0m
[35m[1mScanning dependencies of target std_msgs_generate_messages_eus[0m
[  0%] Built target std_msgs_generate_messages_cpp
[35m[1mScanning dependencies of target geometry_msgs_generate_messages_eus[0m
[  0%] Built target std_msgs_generate_messages_eus
[35m[1mScanning dependencies of target actionlib_msgs_generate_messages_eus[0m
[  0%] Built target geometry_msgs_generate_messages_eus
[  0%] Built target actionlib_msgs_generate_messages_eus
[35m[1mScanning dependencies of target std_msgs_generate_messages_nodejs[0m
[35m[1mScanning dependencies of target actionlib_msgs_generate_messages_nodejs[0m
[35m[1mScanning dependencies of target geometry_msgs_generate_messages_nodejs[0m
[  0%] Built target std_msgs_generate_messages_nodejs
[  0%] Built target actionlib_msgs_generate_messages_nodejs
[  0%] Built target geometry_msgs_generate_messages_nodejs
[35m[1mScanning dependencies of target roscpp_generate_messages_py[0m
[  0%] Built target roscpp_generate_messages_py
[35m[1mScanning dependencies of target rosgraph_msgs_generate_messages_nodejs[0m
[35m[1mScanning dependencies of target rosgraph_msgs_generate_messages_cpp[0m
[35m[1mScanning dependencies of target rosgraph_msgs_generate_messages_py[0m
[  0%] Built target rosgraph_msgs_generate_messages_py
[  0%] Built target rosgraph_msgs_generate_messages_nodejs
[  0%] Built target rosgraph_msgs_generate_messages_cpp
[35m[1mScanning dependencies of target roscpp_generate_messages_cpp[0m
[35m[1mScanning dependencies of target roscpp_generate_messages_lisp[0m
[35m[1mScanning dependencies of target actionlib_generate_messages_cpp[0m
[  0%] Built target roscpp_generate_messages_cpp
[  0%] Built target roscpp_generate_messages_lisp
[  0%] Built target actionlib_generate_messages_cpp
[35m[1mScanning dependencies of target rosgraph_msgs_generate_messages_lisp[0m
[35m[1mScanning dependencies of target actionlib_generate_messages_eus[0m
[35m[1mScanning dependencies of target actionlib_generate_messages_lisp[0m
[  0%] Built target rosgraph_msgs_generate_messages_lisp
[  0%] Built target actionlib_generate_messages_eus
[35m[1mScanning dependencies of target actionlib_generate_messages_nodejs[0m
[  0%] Built target actionlib_generate_messages_lisp
[35m[1mScanning dependencies of target actionlib_generate_messages_py[0m
[  0%] Built target actionlib_generate_messages_nodejs
[35m[1mScanning dependencies of target rosgraph_msgs_generate_messages_eus[0m
[  0%] Built target rosgraph_msgs_generate_messages_eus
[  0%] Built target actionlib_generate_messages_py
[35m[1mScanning dependencies of target roscpp_generate_messages_nodejs[0m
[  0%] Built target roscpp_generate_messages_nodejs
[35m[1mScanning dependencies of target my_demo_generate_messages_lisp[0m
[35m[1mScanning dependencies of target my_demo_generate_messages_py[0m
[35m[1mScanning dependencies of target my_demo_generate_messages_cpp[0m
[  2%] [34m[1mGenerating Python from MSG my_demo/PickPlaceActionResult[0m
[  5%] [34m[1mGenerating Lisp code from my_demo/PickPlaceActionResult.msg[0m
[  8%] [34m[1mGenerating C++ code from my_demo/PickPlaceActionResult.msg[0m
[ 10%] [34m[1mGenerating Lisp code from my_demo/PickPlaceGoal.msg[0m
[ 13%] [34m[1mGenerating Python from MSG my_demo/PickPlaceGoal[0m
[ 16%] [34m[1mGenerating Lisp code from my_demo/PickPlaceAction.msg[0m
[ 18%] [34m[1mGenerating C++ code from my_demo/PickPlaceGoal.msg[0m
[ 21%] [34m[1mGenerating Lisp code from my_demo/PickPlaceActionFeedback.msg[0m
[ 24%] [34m[1mGenerating Lisp code from my_demo/PickPlaceFeedback.msg[0m
[ 27%] [34m[1mGenerating C++ code from my_demo/PickPlaceAction.msg[0m
[ 29%] [34m[1mGenerating Python from MSG my_demo/PickPlaceAction[0m
[ 32%] [34m[1mGenerating Lisp code from my_demo/PickPlaceResult.msg[0m
[ 35%] [34m[1mGenerating Lisp code from my_demo/PickPlaceActionGoal.msg[0m
[ 35%] Built target my_demo_generate_messages_lisp
[35m[1mScanning dependencies of target my_demo_generate_messages_eus[0m
[ 37%] [34m[1mGenerating C++ code from my_demo/PickPlaceActionFeedback.msg[0m
[ 40%] [34m[1mGenerating EusLisp code from my_demo/PickPlaceActionResult.msg[0m
[ 43%] [34m[1mGenerating Python from MSG my_demo/PickPlaceActionFeedback[0m
[ 45%] [34m[1mGenerating EusLisp code from my_demo/PickPlaceGoal.msg[0m
[ 48%] [34m[1mGenerating C++ code from my_demo/PickPlaceFeedback.msg[0m
[ 51%] [34m[1mGenerating EusLisp code from my_demo/PickPlaceAction.msg[0m
[ 54%] [34m[1mGenerating Python from MSG my_demo/PickPlaceFeedback[0m
[ 56%] [34m[1mGenerating EusLisp code from my_demo/PickPlaceActionFeedback.msg[0m
[ 59%] [34m[1mGenerating C++ code from my_demo/PickPlaceResult.msg[0m
[ 62%] [34m[1mGenerating EusLisp code from my_demo/PickPlaceFeedback.msg[0m
[ 64%] [34m[1mGenerating Python from MSG my_demo/PickPlaceResult[0m
[ 67%] [34m[1mGenerating EusLisp code from my_demo/PickPlaceResult.msg[0m
[ 70%] [34m[1mGenerating C++ code from my_demo/PickPlaceActionGoal.msg[0m
[ 72%] [34m[1mGenerating EusLisp code from my_demo/PickPlaceActionGoal.msg[0m
[ 75%] [34m[1mGenerating Python from MSG my_demo/PickPlaceActionGoal[0m
[ 78%] [34m[1mGenerating EusLisp manifest code for my_demo[0m
[ 78%] Built target my_demo_generate_messages_cpp
[35m[1mScanning dependencies of target my_demo_generate_messages_nodejs[0m
[ 81%] [34m[1mGenerating Python msg __init__.py for my_demo[0m
[ 83%] [34m[1mGenerating Javascript code from my_demo/PickPlaceActionResult.msg[0m
[ 86%] [34m[1mGenerating Javascript code from my_demo/PickPlaceGoal.msg[0m
[ 89%] [34m[1mGenerating Javascript code from my_demo/PickPlaceAction.msg[0m
[ 91%] [34m[1mGenerating Javascript code from my_demo/PickPlaceActionFeedback.msg[0m
[ 91%] Built target my_demo_generate_messages_py
[ 94%] [34m[1mGenerating Javascript code from my_demo/PickPlaceFeedback.msg[0m
[ 97%] [34m[1mGenerating Javascript code from my_demo/PickPlaceResult.msg[0m
[100%] [34m[1mGenerating Javascript code from my_demo/PickPlaceActionGoal.msg[0m
[100%] Built target my_demo_generate_messages_nodejs
[100%] Built target my_demo_generate_messages_eus
[35m[1mScanning dependencies of target my_demo_generate_messages[0m
[100%] Built target my_demo_generate_messages
