Performing C SOURCE FILE Test CMAKE_HAVE_LIBC_PTHREAD failed with the following output:
Change Dir: /home/student/Git-projects/robotproject-her-finn/build/catkin_tools_prebuild/CMakeFiles/CMakeScratch/TryCompile-Hg0x5a

Run Build Command(s):/usr/bin/make -f Makefile cmTC_00bde/fast && /usr/bin/make  -f CMakeFiles/cmTC_00bde.dir/build.make CMakeFiles/cmTC_00bde.dir/build
make[1]: Entering directory '/home/student/Git-projects/robotproject-her-finn/build/catkin_tools_prebuild/CMakeFiles/CMakeScratch/TryCompile-Hg0x5a'
Building C object CMakeFiles/cmTC_00bde.dir/src.c.o
/usr/bin/cc -DCMAKE_HAVE_LIBC_PTHREAD   -o CMakeFiles/cmTC_00bde.dir/src.c.o -c /home/student/Git-projects/robotproject-her-finn/build/catkin_tools_prebuild/CMakeFiles/CMakeScratch/TryCompile-Hg0x5a/src.c
Linking C executable cmTC_00bde
/usr/bin/cmake -E cmake_link_script CMakeFiles/cmTC_00bde.dir/link.txt --verbose=1
/usr/bin/cc -rdynamic CMakeFiles/cmTC_00bde.dir/src.c.o -o cmTC_00bde 
CMakeFiles/cmTC_00bde.dir/src.c.o: In function `main':
src.c:(.text+0x3e): undefined reference to `pthread_create'
src.c:(.text+0x4a): undefined reference to `pthread_detach'
src.c:(.text+0x56): undefined reference to `pthread_cancel'
src.c:(.text+0x67): undefined reference to `pthread_join'
src.c:(.text+0x7b): undefined reference to `pthread_atfork'
collect2: error: ld returned 1 exit status
CMakeFiles/cmTC_00bde.dir/build.make:98: recipe for target 'cmTC_00bde' failed
make[1]: *** [cmTC_00bde] Error 1
make[1]: Leaving directory '/home/student/Git-projects/robotproject-her-finn/build/catkin_tools_prebuild/CMakeFiles/CMakeScratch/TryCompile-Hg0x5a'
Makefile:127: recipe for target 'cmTC_00bde/fast' failed
make: *** [cmTC_00bde/fast] Error 2


Source file was:
#include <pthread.h>

static void* test_func(void* data)
{
  return data;
}

int main(void)
{
  pthread_t thread;
  pthread_create(&thread, NULL, test_func, NULL);
  pthread_detach(thread);
  pthread_cancel(thread);
  pthread_join(thread, NULL);
  pthread_atfork(NULL, NULL, NULL);
  pthread_exit(NULL);

  return 0;
}


Determining if the function pthread_create exists in the pthreads failed with the following output:
Change Dir: /home/student/Git-projects/robotproject-her-finn/build/catkin_tools_prebuild/CMakeFiles/CMakeScratch/TryCompile-UkCMgg

Run Build Command(s):/usr/bin/make -f Makefile cmTC_800e7/fast && /usr/bin/make  -f CMakeFiles/cmTC_800e7.dir/build.make CMakeFiles/cmTC_800e7.dir/build
make[1]: Entering directory '/home/student/Git-projects/robotproject-her-finn/build/catkin_tools_prebuild/CMakeFiles/CMakeScratch/TryCompile-UkCMgg'
Building C object CMakeFiles/cmTC_800e7.dir/CheckFunctionExists.c.o
/usr/bin/cc   -DCHECK_FUNCTION_EXISTS=pthread_create -o CMakeFiles/cmTC_800e7.dir/CheckFunctionExists.c.o -c /home/student/Git-projects/robotproject-her-finn/build/catkin_tools_prebuild/CMakeFiles/CMakeScratch/TryCompile-UkCMgg/CheckFunctionExists.c
Linking C executable cmTC_800e7
/usr/bin/cmake -E cmake_link_script CMakeFiles/cmTC_800e7.dir/link.txt --verbose=1
/usr/bin/cc  -DCHECK_FUNCTION_EXISTS=pthread_create -rdynamic CMakeFiles/cmTC_800e7.dir/CheckFunctionExists.c.o -o cmTC_800e7  -lpthreads 
/usr/bin/ld: cannot find -lpthreads
collect2: error: ld returned 1 exit status
CMakeFiles/cmTC_800e7.dir/build.make:98: recipe for target 'cmTC_800e7' failed
make[1]: *** [cmTC_800e7] Error 1
make[1]: Leaving directory '/home/student/Git-projects/robotproject-her-finn/build/catkin_tools_prebuild/CMakeFiles/CMakeScratch/TryCompile-UkCMgg'
Makefile:127: recipe for target 'cmTC_800e7/fast' failed
make: *** [cmTC_800e7/fast] Error 2



