[35m[1mScanning dependencies of target xarm_msgs_generate_messages_cpp[0m
[  0%] Built target xarm_msgs_generate_messages_cpp
[35m[1mScanning dependencies of target example1_report_norm[0m
[35m[1mScanning dependencies of target move_test[0m
[35m[1mScanning dependencies of target servo_cartesian_test[0m
[  5%] [32mBuilding CXX object CMakeFiles/example1_report_norm.dir/test/example1_report_norm.cpp.o[0m
[ 10%] [32mBuilding CXX object CMakeFiles/move_test.dir/test/move_test.cpp.o[0m
[ 15%] [32mBuilding CXX object CMakeFiles/servo_cartesian_test.dir/test/servo_cartesian_test.cpp.o[0m
[ 20%] [32m[1mLinking CXX executable /home/student/Git-projects/robotproject-her-finn/devel/.private/xarm_api/lib/xarm_api/example1_report_norm[0m
[ 20%] Built target example1_report_norm
[35m[1mScanning dependencies of target xarm_ros_driver[0m
[ 25%] [32mBuilding CXX object CMakeFiles/xarm_ros_driver.dir/src/xarm_driver.cpp.o[0m
[ 30%] [32m[1mLinking CXX executable /home/student/Git-projects/robotproject-her-finn/devel/.private/xarm_api/lib/xarm_api/move_test[0m
[ 35%] [32m[1mLinking CXX executable /home/student/Git-projects/robotproject-her-finn/devel/.private/xarm_api/lib/xarm_api/servo_cartesian_test[0m
[ 35%] Built target move_test
[35m[1mScanning dependencies of target xarm_ros_client[0m
[ 40%] [32mBuilding CXX object CMakeFiles/xarm_ros_client.dir/src/xarm_ros_client.cpp.o[0m
[ 40%] Built target servo_cartesian_test
[ 45%] [32m[1mLinking CXX shared library /home/student/Git-projects/robotproject-her-finn/devel/.private/xarm_api/lib/libxarm_ros_client.so[0m
[ 45%] Built target xarm_ros_client
[35m[1mScanning dependencies of target test_xarm_velo_move[0m
[35m[1mScanning dependencies of target test_tool_modbus[0m
[ 50%] [32mBuilding CXX object CMakeFiles/test_xarm_velo_move.dir/test/test_xarm_velo_move.cpp.o[0m
[ 55%] [32mBuilding CXX object CMakeFiles/test_tool_modbus.dir/test/test_tool_modbus.cpp.o[0m
[ 60%] [32m[1mLinking CXX executable /home/student/Git-projects/robotproject-her-finn/devel/.private/xarm_api/lib/xarm_api/test_xarm_velo_move[0m
[ 60%] Built target test_xarm_velo_move
[35m[1mScanning dependencies of target test_xarm_ros_client[0m
[ 65%] [32mBuilding CXX object CMakeFiles/test_xarm_ros_client.dir/test/test_xarm_ros_client.cpp.o[0m
[ 70%] [32m[1mLinking CXX executable /home/student/Git-projects/robotproject-her-finn/devel/.private/xarm_api/lib/xarm_api/test_tool_modbus[0m
[ 70%] Built target test_tool_modbus
[35m[1mScanning dependencies of target test_xarm_states[0m
[ 75%] [32mBuilding CXX object CMakeFiles/test_xarm_states.dir/test/test_xarm_states.cpp.o[0m
[ 80%] [32m[1mLinking CXX executable /home/student/Git-projects/robotproject-her-finn/devel/.private/xarm_api/lib/xarm_api/test_xarm_ros_client[0m
[ 80%] Built target test_xarm_ros_client
[ 85%] [32m[1mLinking CXX executable /home/student/Git-projects/robotproject-her-finn/devel/.private/xarm_api/lib/xarm_api/test_xarm_states[0m
[ 85%] Built target test_xarm_states
[ 90%] [32m[1mLinking CXX shared library /home/student/Git-projects/robotproject-her-finn/devel/.private/xarm_api/lib/libxarm_ros_driver.so[0m
[ 90%] Built target xarm_ros_driver
[35m[1mScanning dependencies of target xarm_driver_node[0m
[ 95%] [32mBuilding CXX object CMakeFiles/xarm_driver_node.dir/src/xarm_driver_node.cpp.o[0m
[100%] [32m[1mLinking CXX executable /home/student/Git-projects/robotproject-her-finn/devel/.private/xarm_api/lib/xarm_api/xarm_driver_node[0m
[100%] Built target xarm_driver_node
