[35m[1mScanning dependencies of target xarm_msgs_generate_messages_eus[0m
[35m[1mScanning dependencies of target sample_motion[0m
[35m[1mScanning dependencies of target control_msgs_generate_messages_cpp[0m
[  0%] Built target xarm_msgs_generate_messages_eus
[  0%] Built target control_msgs_generate_messages_cpp
[ 10%] [32mBuilding CXX object CMakeFiles/sample_motion.dir/src/sample_motion.cpp.o[0m
[35m[1mScanning dependencies of target geometry_msgs_generate_messages_lisp[0m
[35m[1mScanning dependencies of target xarm_msgs_generate_messages_cpp[0m
[ 10%] Built target geometry_msgs_generate_messages_lisp
[ 10%] Built target xarm_msgs_generate_messages_cpp
[35m[1mScanning dependencies of target sensor_msgs_generate_messages_nodejs[0m
[35m[1mScanning dependencies of target sensor_msgs_generate_messages_lisp[0m
[ 10%] Built target sensor_msgs_generate_messages_nodejs
[ 10%] Built target sensor_msgs_generate_messages_lisp
[35m[1mScanning dependencies of target controller_manager_msgs_generate_messages_cpp[0m
[35m[1mScanning dependencies of target controller_manager_msgs_generate_messages_nodejs[0m
[ 10%] Built target controller_manager_msgs_generate_messages_cpp
[ 10%] Built target controller_manager_msgs_generate_messages_nodejs
[35m[1mScanning dependencies of target geometry_msgs_generate_messages_py[0m
[35m[1mScanning dependencies of target std_msgs_generate_messages_nodejs[0m
[ 10%] Built target geometry_msgs_generate_messages_py
[ 10%] Built target std_msgs_generate_messages_nodejs
[35m[1mScanning dependencies of target sensor_msgs_generate_messages_eus[0m
[35m[1mScanning dependencies of target sensor_msgs_generate_messages_cpp[0m
[ 10%] Built target sensor_msgs_generate_messages_eus
[ 10%] Built target sensor_msgs_generate_messages_cpp
[35m[1mScanning dependencies of target sensor_msgs_generate_messages_py[0m
[35m[1mScanning dependencies of target geometry_msgs_generate_messages_nodejs[0m
[ 10%] Built target sensor_msgs_generate_messages_py
[ 10%] Built target geometry_msgs_generate_messages_nodejs
[35m[1mScanning dependencies of target std_msgs_generate_messages_cpp[0m
[35m[1mScanning dependencies of target actionlib_msgs_generate_messages_nodejs[0m
[ 10%] Built target std_msgs_generate_messages_cpp
[ 10%] Built target actionlib_msgs_generate_messages_nodejs
[35m[1mScanning dependencies of target controller_manager_msgs_generate_messages_py[0m
[35m[1mScanning dependencies of target roscpp_generate_messages_lisp[0m
[ 10%] Built target roscpp_generate_messages_lisp
[ 10%] Built target controller_manager_msgs_generate_messages_py
[35m[1mScanning dependencies of target std_msgs_generate_messages_lisp[0m
[ 10%] Built target std_msgs_generate_messages_lisp
[35m[1mScanning dependencies of target roscpp_generate_messages_nodejs[0m
[35m[1mScanning dependencies of target geometry_msgs_generate_messages_eus[0m
[ 10%] Built target geometry_msgs_generate_messages_eus
[ 10%] Built target roscpp_generate_messages_nodejs
[35m[1mScanning dependencies of target roscpp_generate_messages_py[0m
[ 10%] Built target roscpp_generate_messages_py
[35m[1mScanning dependencies of target controller_manager_msgs_generate_messages_eus[0m
[35m[1mScanning dependencies of target trajectory_msgs_generate_messages_eus[0m
[ 10%] Built target controller_manager_msgs_generate_messages_eus
[35m[1mScanning dependencies of target controller_manager_msgs_generate_messages_lisp[0m
[ 10%] Built target trajectory_msgs_generate_messages_eus
[35m[1mScanning dependencies of target actionlib_msgs_generate_messages_py[0m
[ 10%] Built target controller_manager_msgs_generate_messages_lisp
[ 10%] Built target actionlib_msgs_generate_messages_py
[35m[1mScanning dependencies of target xarm_msgs_generate_messages_py[0m
[ 10%] Built target xarm_msgs_generate_messages_py
[35m[1mScanning dependencies of target actionlib_generate_messages_cpp[0m
[35m[1mScanning dependencies of target rosgraph_msgs_generate_messages_cpp[0m
[ 10%] Built target actionlib_generate_messages_cpp
[ 10%] Built target rosgraph_msgs_generate_messages_cpp
[35m[1mScanning dependencies of target control_toolbox_generate_messages_nodejs[0m
[35m[1mScanning dependencies of target dynamic_reconfigure_generate_messages_cpp[0m
[ 10%] Built target control_toolbox_generate_messages_nodejs
[ 10%] Built target dynamic_reconfigure_generate_messages_cpp
[35m[1mScanning dependencies of target rosgraph_msgs_generate_messages_eus[0m
[35m[1mScanning dependencies of target rosgraph_msgs_generate_messages_lisp[0m
[ 10%] Built target rosgraph_msgs_generate_messages_eus
[ 10%] Built target rosgraph_msgs_generate_messages_lisp
[35m[1mScanning dependencies of target std_msgs_generate_messages_eus[0m
[35m[1mScanning dependencies of target trajectory_msgs_generate_messages_py[0m
[ 10%] Built target std_msgs_generate_messages_eus
[ 10%] Built target trajectory_msgs_generate_messages_py
[35m[1mScanning dependencies of target control_msgs_generate_messages_py[0m
[35m[1mScanning dependencies of target rosgraph_msgs_generate_messages_nodejs[0m
[ 10%] Built target control_msgs_generate_messages_py
[ 10%] Built target rosgraph_msgs_generate_messages_nodejs
[35m[1mScanning dependencies of target std_msgs_generate_messages_py[0m
[ 10%] Built target std_msgs_generate_messages_py
[35m[1mScanning dependencies of target control_toolbox_gencfg[0m
[35m[1mScanning dependencies of target control_msgs_generate_messages_eus[0m
[ 10%] Built target control_toolbox_gencfg
[ 10%] Built target control_msgs_generate_messages_eus
[35m[1mScanning dependencies of target dynamic_reconfigure_gencfg[0m
[ 10%] Built target dynamic_reconfigure_gencfg
[35m[1mScanning dependencies of target control_msgs_generate_messages_lisp[0m
[35m[1mScanning dependencies of target roscpp_generate_messages_cpp[0m
[ 10%] Built target control_msgs_generate_messages_lisp
[ 10%] Built target roscpp_generate_messages_cpp
[35m[1mScanning dependencies of target control_msgs_generate_messages_nodejs[0m
[35m[1mScanning dependencies of target actionlib_msgs_generate_messages_cpp[0m
[ 10%] Built target control_msgs_generate_messages_nodejs
[ 10%] Built target actionlib_msgs_generate_messages_cpp
[35m[1mScanning dependencies of target roscpp_generate_messages_eus[0m
[35m[1mScanning dependencies of target rosgraph_msgs_generate_messages_py[0m
[ 10%] Built target roscpp_generate_messages_eus
[ 10%] Built target rosgraph_msgs_generate_messages_py
[35m[1mScanning dependencies of target actionlib_msgs_generate_messages_eus[0m
[35m[1mScanning dependencies of target actionlib_msgs_generate_messages_lisp[0m
[ 10%] Built target actionlib_msgs_generate_messages_eus
[ 10%] Built target actionlib_msgs_generate_messages_lisp
[35m[1mScanning dependencies of target trajectory_msgs_generate_messages_cpp[0m
[35m[1mScanning dependencies of target trajectory_msgs_generate_messages_lisp[0m
[ 10%] Built target trajectory_msgs_generate_messages_cpp
[ 10%] Built target trajectory_msgs_generate_messages_lisp
[35m[1mScanning dependencies of target trajectory_msgs_generate_messages_nodejs[0m
[35m[1mScanning dependencies of target control_toolbox_generate_messages_cpp[0m
[ 10%] Built target trajectory_msgs_generate_messages_nodejs
[ 10%] Built target control_toolbox_generate_messages_cpp
[35m[1mScanning dependencies of target control_toolbox_generate_messages_eus[0m
[35m[1mScanning dependencies of target control_toolbox_generate_messages_py[0m
[ 10%] Built target control_toolbox_generate_messages_eus
[ 10%] Built target control_toolbox_generate_messages_py
[35m[1mScanning dependencies of target dynamic_reconfigure_generate_messages_eus[0m
[35m[1mScanning dependencies of target dynamic_reconfigure_generate_messages_lisp[0m
[ 10%] Built target dynamic_reconfigure_generate_messages_eus
[ 10%] Built target dynamic_reconfigure_generate_messages_lisp
[35m[1mScanning dependencies of target dynamic_reconfigure_generate_messages_nodejs[0m
[35m[1mScanning dependencies of target xarm_msgs_generate_messages_lisp[0m
[ 10%] Built target dynamic_reconfigure_generate_messages_nodejs
[ 10%] Built target xarm_msgs_generate_messages_lisp
[35m[1mScanning dependencies of target dynamic_reconfigure_generate_messages_py[0m
[35m[1mScanning dependencies of target actionlib_generate_messages_eus[0m
[ 10%] Built target dynamic_reconfigure_generate_messages_py
[35m[1mScanning dependencies of target geometry_msgs_generate_messages_cpp[0m
[ 10%] Built target actionlib_generate_messages_eus
[ 10%] Built target geometry_msgs_generate_messages_cpp
[35m[1mScanning dependencies of target control_toolbox_generate_messages_lisp[0m
[35m[1mScanning dependencies of target actionlib_generate_messages_lisp[0m
[ 10%] Built target control_toolbox_generate_messages_lisp
[ 10%] Built target actionlib_generate_messages_lisp
[35m[1mScanning dependencies of target xarm_msgs_generate_messages_nodejs[0m
[ 20%] [32m[1mLinking CXX executable /home/student/Git-projects/robotproject-her-finn/devel/.private/xarm_controller/lib/xarm_controller/sample_motion[0m
[35m[1mScanning dependencies of target actionlib_generate_messages_nodejs[0m
[ 20%] Built target xarm_msgs_generate_messages_nodejs
[ 20%] Built target actionlib_generate_messages_nodejs
[35m[1mScanning dependencies of target actionlib_generate_messages_py[0m
[ 20%] Built target actionlib_generate_messages_py
[35m[1mScanning dependencies of target xarm_hw[0m
[ 20%] Built target sample_motion
[ 30%] [32mBuilding CXX object CMakeFiles/xarm_hw.dir/src/xarm_hw.cpp.o[0m
[ 40%] [32m[1mLinking CXX shared library /home/student/Git-projects/robotproject-her-finn/devel/.private/xarm_controller/lib/libxarm_hw.so[0m
[ 40%] Built target xarm_hw
[35m[1mScanning dependencies of target uf_ros_controller[0m
[35m[1mScanning dependencies of target xarm_combined_hw[0m
[ 50%] [32mBuilding CXX object CMakeFiles/uf_ros_controller.dir/src/xarm_control_node.cpp.o[0m
[ 60%] [32mBuilding CXX object CMakeFiles/xarm_combined_hw.dir/src/xarm_combined_hw.cpp.o[0m
[ 70%] [32m[1mLinking CXX shared library /home/student/Git-projects/robotproject-her-finn/devel/.private/xarm_controller/lib/libxarm_combined_hw.so[0m
[ 70%] Built target xarm_combined_hw
[35m[1mScanning dependencies of target xarm_combined_traj_controller[0m
[ 80%] [32m[1mLinking CXX executable /home/student/Git-projects/robotproject-her-finn/devel/.private/xarm_controller/lib/xarm_controller/uf_ros_controller[0m
[ 90%] [32mBuilding CXX object CMakeFiles/xarm_combined_traj_controller.dir/src/xarm_combined_control_node.cpp.o[0m
[ 90%] Built target uf_ros_controller
[100%] [32m[1mLinking CXX executable /home/student/Git-projects/robotproject-her-finn/devel/.private/xarm_controller/lib/xarm_controller/xarm_combined_traj_controller[0m
[100%] Built target xarm_combined_traj_controller
