[ 20%] Built target sample_motion
[ 20%] Built target xarm_msgs_generate_messages_eus
[ 20%] Built target control_msgs_generate_messages_cpp
[ 20%] Built target geometry_msgs_generate_messages_lisp
[ 20%] Built target xarm_msgs_generate_messages_cpp
[ 20%] Built target sensor_msgs_generate_messages_lisp
[ 20%] Built target sensor_msgs_generate_messages_nodejs
[ 20%] Built target controller_manager_msgs_generate_messages_nodejs
[ 20%] Built target controller_manager_msgs_generate_messages_cpp
[ 20%] Built target geometry_msgs_generate_messages_py
[ 20%] Built target std_msgs_generate_messages_nodejs
[ 20%] Built target sensor_msgs_generate_messages_eus
[ 20%] Built target sensor_msgs_generate_messages_cpp
[ 20%] Built target sensor_msgs_generate_messages_py
[ 20%] Built target geometry_msgs_generate_messages_nodejs
[ 20%] Built target std_msgs_generate_messages_cpp
[ 20%] Built target actionlib_msgs_generate_messages_nodejs
[ 20%] Built target controller_manager_msgs_generate_messages_py
[ 20%] Built target roscpp_generate_messages_lisp
[ 20%] Built target std_msgs_generate_messages_lisp
[ 20%] Built target roscpp_generate_messages_nodejs
[ 20%] Built target geometry_msgs_generate_messages_eus
[ 20%] Built target roscpp_generate_messages_py
[ 20%] Built target controller_manager_msgs_generate_messages_eus
[ 20%] Built target trajectory_msgs_generate_messages_eus
[ 20%] Built target controller_manager_msgs_generate_messages_lisp
[ 20%] Built target actionlib_msgs_generate_messages_py
[ 20%] Built target actionlib_generate_messages_cpp
[ 20%] Built target xarm_msgs_generate_messages_py
[ 20%] Built target rosgraph_msgs_generate_messages_cpp
[ 20%] Built target control_toolbox_generate_messages_nodejs
[ 20%] Built target dynamic_reconfigure_generate_messages_cpp
[ 20%] Built target rosgraph_msgs_generate_messages_eus
[ 20%] Built target rosgraph_msgs_generate_messages_lisp
[ 20%] Built target std_msgs_generate_messages_eus
[ 20%] Built target trajectory_msgs_generate_messages_py
[ 20%] Built target control_msgs_generate_messages_py
[ 20%] Built target std_msgs_generate_messages_py
[ 20%] Built target rosgraph_msgs_generate_messages_nodejs
[ 20%] Built target control_msgs_generate_messages_eus
[ 20%] Built target control_toolbox_gencfg
[ 20%] Built target control_msgs_generate_messages_lisp
[ 20%] Built target dynamic_reconfigure_gencfg
[ 20%] Built target roscpp_generate_messages_cpp
[ 20%] Built target control_msgs_generate_messages_nodejs
[ 20%] Built target actionlib_msgs_generate_messages_cpp
[ 20%] Built target roscpp_generate_messages_eus
[ 20%] Built target rosgraph_msgs_generate_messages_py
[ 20%] Built target actionlib_msgs_generate_messages_eus
[ 20%] Built target trajectory_msgs_generate_messages_cpp
[ 20%] Built target actionlib_msgs_generate_messages_lisp
[ 20%] Built target trajectory_msgs_generate_messages_lisp
[ 20%] Built target trajectory_msgs_generate_messages_nodejs
[ 20%] Built target control_toolbox_generate_messages_cpp
[ 20%] Built target control_toolbox_generate_messages_eus
[ 20%] Built target control_toolbox_generate_messages_py
[ 20%] Built target dynamic_reconfigure_generate_messages_eus
[ 20%] Built target dynamic_reconfigure_generate_messages_lisp
[ 20%] Built target dynamic_reconfigure_generate_messages_nodejs
[ 20%] Built target xarm_msgs_generate_messages_lisp
[ 20%] Built target dynamic_reconfigure_generate_messages_py
[ 20%] Built target actionlib_generate_messages_eus
[ 20%] Built target geometry_msgs_generate_messages_cpp
[ 20%] Built target actionlib_generate_messages_lisp
[ 20%] Built target xarm_msgs_generate_messages_nodejs
[ 20%] Built target control_toolbox_generate_messages_lisp
[ 20%] Built target actionlib_generate_messages_nodejs
[ 20%] Built target actionlib_generate_messages_py
[ 40%] Built target xarm_hw
[ 60%] Built target uf_ros_controller
[ 80%] Built target xarm_combined_hw
[100%] Built target xarm_combined_traj_controller
