Performing C SOURCE FILE Test CMAKE_HAVE_LIBC_PTHREAD failed with the following output:
Change Dir: /home/student/Git-projects/robotproject-her-finn/build/dual_xarm6_moveit_config/CMakeFiles/CMakeScratch/TryCompile-lHf7sS

Run Build Command(s):/usr/bin/make -f Makefile cmTC_01c14/fast && /usr/bin/make  -f CMakeFiles/cmTC_01c14.dir/build.make CMakeFiles/cmTC_01c14.dir/build
make[1]: Entering directory '/home/student/Git-projects/robotproject-her-finn/build/dual_xarm6_moveit_config/CMakeFiles/CMakeScratch/TryCompile-lHf7sS'
Building C object CMakeFiles/cmTC_01c14.dir/src.c.o
/usr/bin/cc -DCMAKE_HAVE_LIBC_PTHREAD   -o CMakeFiles/cmTC_01c14.dir/src.c.o -c /home/student/Git-projects/robotproject-her-finn/build/dual_xarm6_moveit_config/CMakeFiles/CMakeScratch/TryCompile-lHf7sS/src.c
Linking C executable cmTC_01c14
/usr/bin/cmake -E cmake_link_script CMakeFiles/cmTC_01c14.dir/link.txt --verbose=1
/usr/bin/cc -rdynamic CMakeFiles/cmTC_01c14.dir/src.c.o -o cmTC_01c14 
CMakeFiles/cmTC_01c14.dir/src.c.o: In function `main':
src.c:(.text+0x3e): undefined reference to `pthread_create'
src.c:(.text+0x4a): undefined reference to `pthread_detach'
src.c:(.text+0x56): undefined reference to `pthread_cancel'
src.c:(.text+0x67): undefined reference to `pthread_join'
src.c:(.text+0x7b): undefined reference to `pthread_atfork'
collect2: error: ld returned 1 exit status
CMakeFiles/cmTC_01c14.dir/build.make:98: recipe for target 'cmTC_01c14' failed
make[1]: *** [cmTC_01c14] Error 1
make[1]: Leaving directory '/home/student/Git-projects/robotproject-her-finn/build/dual_xarm6_moveit_config/CMakeFiles/CMakeScratch/TryCompile-lHf7sS'
Makefile:127: recipe for target 'cmTC_01c14/fast' failed
make: *** [cmTC_01c14/fast] Error 2


Source file was:
#include <pthread.h>

static void* test_func(void* data)
{
  return data;
}

int main(void)
{
  pthread_t thread;
  pthread_create(&thread, NULL, test_func, NULL);
  pthread_detach(thread);
  pthread_cancel(thread);
  pthread_join(thread, NULL);
  pthread_atfork(NULL, NULL, NULL);
  pthread_exit(NULL);

  return 0;
}


Determining if the function pthread_create exists in the pthreads failed with the following output:
Change Dir: /home/student/Git-projects/robotproject-her-finn/build/dual_xarm6_moveit_config/CMakeFiles/CMakeScratch/TryCompile-BOlNDJ

Run Build Command(s):/usr/bin/make -f Makefile cmTC_d6d19/fast && /usr/bin/make  -f CMakeFiles/cmTC_d6d19.dir/build.make CMakeFiles/cmTC_d6d19.dir/build
make[1]: Entering directory '/home/student/Git-projects/robotproject-her-finn/build/dual_xarm6_moveit_config/CMakeFiles/CMakeScratch/TryCompile-BOlNDJ'
Building C object CMakeFiles/cmTC_d6d19.dir/CheckFunctionExists.c.o
/usr/bin/cc   -DCHECK_FUNCTION_EXISTS=pthread_create -o CMakeFiles/cmTC_d6d19.dir/CheckFunctionExists.c.o -c /home/student/Git-projects/robotproject-her-finn/build/dual_xarm6_moveit_config/CMakeFiles/CMakeScratch/TryCompile-BOlNDJ/CheckFunctionExists.c
Linking C executable cmTC_d6d19
/usr/bin/cmake -E cmake_link_script CMakeFiles/cmTC_d6d19.dir/link.txt --verbose=1
/usr/bin/cc  -DCHECK_FUNCTION_EXISTS=pthread_create -rdynamic CMakeFiles/cmTC_d6d19.dir/CheckFunctionExists.c.o -o cmTC_d6d19  -lpthreads 
/usr/bin/ld: cannot find -lpthreads
collect2: error: ld returned 1 exit status
CMakeFiles/cmTC_d6d19.dir/build.make:98: recipe for target 'cmTC_d6d19' failed
make[1]: *** [cmTC_d6d19] Error 1
make[1]: Leaving directory '/home/student/Git-projects/robotproject-her-finn/build/dual_xarm6_moveit_config/CMakeFiles/CMakeScratch/TryCompile-BOlNDJ'
Makefile:127: recipe for target 'cmTC_d6d19/fast' failed
make: *** [cmTC_d6d19/fast] Error 2



