Performing C SOURCE FILE Test CMAKE_HAVE_LIBC_PTHREAD failed with the following output:
Change Dir: /home/student/Git-projects/robotproject-her-finn/build/my_lite6_moveit_config/CMakeFiles/CMakeScratch/TryCompile-Jep4hT

Run Build Command(s):/usr/bin/make -f Makefile cmTC_d9c1c/fast && /usr/bin/make  -f CMakeFiles/cmTC_d9c1c.dir/build.make CMakeFiles/cmTC_d9c1c.dir/build
make[1]: Entering directory '/home/student/Git-projects/robotproject-her-finn/build/my_lite6_moveit_config/CMakeFiles/CMakeScratch/TryCompile-Jep4hT'
Building C object CMakeFiles/cmTC_d9c1c.dir/src.c.o
/usr/bin/cc -DCMAKE_HAVE_LIBC_PTHREAD   -o CMakeFiles/cmTC_d9c1c.dir/src.c.o -c /home/student/Git-projects/robotproject-her-finn/build/my_lite6_moveit_config/CMakeFiles/CMakeScratch/TryCompile-Jep4hT/src.c
Linking C executable cmTC_d9c1c
/usr/bin/cmake -E cmake_link_script CMakeFiles/cmTC_d9c1c.dir/link.txt --verbose=1
/usr/bin/cc -rdynamic CMakeFiles/cmTC_d9c1c.dir/src.c.o -o cmTC_d9c1c 
CMakeFiles/cmTC_d9c1c.dir/src.c.o: In function `main':
src.c:(.text+0x3e): undefined reference to `pthread_create'
src.c:(.text+0x4a): undefined reference to `pthread_detach'
src.c:(.text+0x56): undefined reference to `pthread_cancel'
src.c:(.text+0x67): undefined reference to `pthread_join'
src.c:(.text+0x7b): undefined reference to `pthread_atfork'
collect2: error: ld returned 1 exit status
CMakeFiles/cmTC_d9c1c.dir/build.make:98: recipe for target 'cmTC_d9c1c' failed
make[1]: *** [cmTC_d9c1c] Error 1
make[1]: Leaving directory '/home/student/Git-projects/robotproject-her-finn/build/my_lite6_moveit_config/CMakeFiles/CMakeScratch/TryCompile-Jep4hT'
Makefile:127: recipe for target 'cmTC_d9c1c/fast' failed
make: *** [cmTC_d9c1c/fast] Error 2


Source file was:
#include <pthread.h>

static void* test_func(void* data)
{
  return data;
}

int main(void)
{
  pthread_t thread;
  pthread_create(&thread, NULL, test_func, NULL);
  pthread_detach(thread);
  pthread_cancel(thread);
  pthread_join(thread, NULL);
  pthread_atfork(NULL, NULL, NULL);
  pthread_exit(NULL);

  return 0;
}


Determining if the function pthread_create exists in the pthreads failed with the following output:
Change Dir: /home/student/Git-projects/robotproject-her-finn/build/my_lite6_moveit_config/CMakeFiles/CMakeScratch/TryCompile-mziBOd

Run Build Command(s):/usr/bin/make -f Makefile cmTC_261ad/fast && /usr/bin/make  -f CMakeFiles/cmTC_261ad.dir/build.make CMakeFiles/cmTC_261ad.dir/build
make[1]: Entering directory '/home/student/Git-projects/robotproject-her-finn/build/my_lite6_moveit_config/CMakeFiles/CMakeScratch/TryCompile-mziBOd'
Building C object CMakeFiles/cmTC_261ad.dir/CheckFunctionExists.c.o
/usr/bin/cc   -DCHECK_FUNCTION_EXISTS=pthread_create -o CMakeFiles/cmTC_261ad.dir/CheckFunctionExists.c.o -c /home/student/Git-projects/robotproject-her-finn/build/my_lite6_moveit_config/CMakeFiles/CMakeScratch/TryCompile-mziBOd/CheckFunctionExists.c
Linking C executable cmTC_261ad
/usr/bin/cmake -E cmake_link_script CMakeFiles/cmTC_261ad.dir/link.txt --verbose=1
/usr/bin/cc  -DCHECK_FUNCTION_EXISTS=pthread_create -rdynamic CMakeFiles/cmTC_261ad.dir/CheckFunctionExists.c.o -o cmTC_261ad  -lpthreads 
/usr/bin/ld: cannot find -lpthreads
collect2: error: ld returned 1 exit status
CMakeFiles/cmTC_261ad.dir/build.make:98: recipe for target 'cmTC_261ad' failed
make[1]: *** [cmTC_261ad] Error 1
make[1]: Leaving directory '/home/student/Git-projects/robotproject-her-finn/build/my_lite6_moveit_config/CMakeFiles/CMakeScratch/TryCompile-mziBOd'
Makefile:127: recipe for target 'cmTC_261ad/fast' failed
make: *** [cmTC_261ad/fast] Error 2



