Determining if the pthread_create exist failed with the following output:
Change Dir: /home/student/Git-projects/robotproject-her-finn/build/xarm_gazebo/CMakeFiles/CMakeTmp

Run Build Command:"/usr/bin/make" "cmTC_b75ed/fast"
/usr/bin/make -f CMakeFiles/cmTC_b75ed.dir/build.make CMakeFiles/cmTC_b75ed.dir/build
make[1]: Entering directory '/home/student/Git-projects/robotproject-her-finn/build/xarm_gazebo/CMakeFiles/CMakeTmp'
Building C object CMakeFiles/cmTC_b75ed.dir/CheckSymbolExists.c.o
/usr/bin/cc    -o CMakeFiles/cmTC_b75ed.dir/CheckSymbolExists.c.o   -c /home/student/Git-projects/robotproject-her-finn/build/xarm_gazebo/CMakeFiles/CMakeTmp/CheckSymbolExists.c
Linking C executable cmTC_b75ed
/usr/bin/cmake -E cmake_link_script CMakeFiles/cmTC_b75ed.dir/link.txt --verbose=1
/usr/bin/cc      -rdynamic CMakeFiles/cmTC_b75ed.dir/CheckSymbolExists.c.o  -o cmTC_b75ed 
CMakeFiles/cmTC_b75ed.dir/CheckSymbolExists.c.o: In function `main':
CheckSymbolExists.c:(.text+0x1b): undefined reference to `pthread_create'
collect2: error: ld returned 1 exit status
CMakeFiles/cmTC_b75ed.dir/build.make:97: recipe for target 'cmTC_b75ed' failed
make[1]: *** [cmTC_b75ed] Error 1
make[1]: Leaving directory '/home/student/Git-projects/robotproject-her-finn/build/xarm_gazebo/CMakeFiles/CMakeTmp'
Makefile:126: recipe for target 'cmTC_b75ed/fast' failed
make: *** [cmTC_b75ed/fast] Error 2

File /home/student/Git-projects/robotproject-her-finn/build/xarm_gazebo/CMakeFiles/CMakeTmp/CheckSymbolExists.c:
/* */
#include <pthread.h>

int main(int argc, char** argv)
{
  (void)argv;
#ifndef pthread_create
  return ((int*)(&pthread_create))[argc];
#else
  (void)argc;
  return 0;
#endif
}

Determining if the function pthread_create exists in the pthreads failed with the following output:
Change Dir: /home/student/Git-projects/robotproject-her-finn/build/xarm_gazebo/CMakeFiles/CMakeTmp

Run Build Command:"/usr/bin/make" "cmTC_44ef2/fast"
/usr/bin/make -f CMakeFiles/cmTC_44ef2.dir/build.make CMakeFiles/cmTC_44ef2.dir/build
make[1]: Entering directory '/home/student/Git-projects/robotproject-her-finn/build/xarm_gazebo/CMakeFiles/CMakeTmp'
Building C object CMakeFiles/cmTC_44ef2.dir/CheckFunctionExists.c.o
/usr/bin/cc   -DCHECK_FUNCTION_EXISTS=pthread_create   -o CMakeFiles/cmTC_44ef2.dir/CheckFunctionExists.c.o   -c /usr/share/cmake-3.10/Modules/CheckFunctionExists.c
Linking C executable cmTC_44ef2
/usr/bin/cmake -E cmake_link_script CMakeFiles/cmTC_44ef2.dir/link.txt --verbose=1
/usr/bin/cc  -DCHECK_FUNCTION_EXISTS=pthread_create    -rdynamic CMakeFiles/cmTC_44ef2.dir/CheckFunctionExists.c.o  -o cmTC_44ef2 -lpthreads 
/usr/bin/ld: cannot find -lpthreads
collect2: error: ld returned 1 exit status
CMakeFiles/cmTC_44ef2.dir/build.make:97: recipe for target 'cmTC_44ef2' failed
make[1]: *** [cmTC_44ef2] Error 1
make[1]: Leaving directory '/home/student/Git-projects/robotproject-her-finn/build/xarm_gazebo/CMakeFiles/CMakeTmp'
Makefile:126: recipe for target 'cmTC_44ef2/fast' failed
make: *** [cmTC_44ef2/fast] Error 2


