Symlinking /home/student/Git-projects/robotproject-her-finn/devel/include/xarm_msgs/CallResponse.h
Symlinking /home/student/Git-projects/robotproject-her-finn/devel/include/xarm_msgs/SetMultipleIntsResponse.h
Symlinking /home/student/Git-projects/robotproject-her-finn/devel/include/xarm_msgs/FtIdenLoadRequest.h
Symlinking /home/student/Git-projects/robotproject-her-finn/devel/include/xarm_msgs/RobotMsg.h
Symlinking /home/student/Git-projects/robotproject-her-finn/devel/include/xarm_msgs/GetControllerDigitalIORequest.h
Symlinking /home/student/Git-projects/robotproject-her-finn/devel/include/xarm_msgs/ClearErr.h
Symlinking /home/student/Git-projects/robotproject-her-finn/devel/include/xarm_msgs/SetLoadResponse.h
Symlinking /home/student/Git-projects/robotproject-her-finn/devel/include/xarm_msgs/FtIdenLoad.h
Symlinking /home/student/Git-projects/robotproject-her-finn/devel/include/xarm_msgs/GripperMove.h
Symlinking /home/student/Git-projects/robotproject-her-finn/devel/include/xarm_msgs/PlayTrajRequest.h
Symlinking /home/student/Git-projects/robotproject-her-finn/devel/include/xarm_msgs/GetAnalogIORequest.h
Symlinking /home/student/Git-projects/robotproject-her-finn/devel/include/xarm_msgs/SetDigitalIOResponse.h
Symlinking /home/student/Git-projects/robotproject-her-finn/devel/include/xarm_msgs/GripperConfigRequest.h
Symlinking /home/student/Git-projects/robotproject-her-finn/devel/include/xarm_msgs/GripperMoveResponse.h
Symlinking /home/student/Git-projects/robotproject-her-finn/devel/include/xarm_msgs/SetFloat32.h
Symlinking /home/student/Git-projects/robotproject-her-finn/devel/include/xarm_msgs/Call.h
Symlinking /home/student/Git-projects/robotproject-her-finn/devel/include/xarm_msgs/CallRequest.h
Symlinking /home/student/Git-projects/robotproject-her-finn/devel/include/xarm_msgs/GetFloat32ListRequest.h
Symlinking /home/student/Git-projects/robotproject-her-finn/devel/include/xarm_msgs/SetMultipleIntsRequest.h
Symlinking /home/student/Git-projects/robotproject-her-finn/devel/include/xarm_msgs/GetControllerDigitalIO.h
Symlinking /home/student/Git-projects/robotproject-her-finn/devel/include/xarm_msgs/SetControllerAnalogIORequest.h
Symlinking /home/student/Git-projects/robotproject-her-finn/devel/include/xarm_msgs/MoveAxisAngle.h
Symlinking /home/student/Git-projects/robotproject-her-finn/devel/include/xarm_msgs/SetDigitalIO.h
Symlinking /home/student/Git-projects/robotproject-her-finn/devel/include/xarm_msgs/MoveVelocity.h
Symlinking /home/student/Git-projects/robotproject-her-finn/devel/include/xarm_msgs/ConfigToolModbusResponse.h
Symlinking /home/student/Git-projects/robotproject-her-finn/devel/include/xarm_msgs/MoveRequest.h
Symlinking /home/student/Git-projects/robotproject-her-finn/devel/include/xarm_msgs/MoveAxisAngleResponse.h
Symlinking /home/student/Git-projects/robotproject-her-finn/devel/include/xarm_msgs/SetString.h
Symlinking /home/student/Git-projects/robotproject-her-finn/devel/include/xarm_msgs/MoveVeloResponse.h
Symlinking /home/student/Git-projects/robotproject-her-finn/devel/include/xarm_msgs/GripperConfigResponse.h
Symlinking /home/student/Git-projects/robotproject-her-finn/devel/include/xarm_msgs/GetDigitalIORequest.h
Symlinking /home/student/Git-projects/robotproject-her-finn/devel/include/xarm_msgs/SetStringResponse.h
Symlinking /home/student/Git-projects/robotproject-her-finn/devel/include/xarm_msgs/SetToolModbusRequest.h
Symlinking /home/student/Git-projects/robotproject-her-finn/devel/include/xarm_msgs/VacuumGripperCtrlRequest.h
Symlinking /home/student/Git-projects/robotproject-her-finn/devel/include/xarm_msgs/GetSetModbusDataRequest.h
Symlinking /home/student/Git-projects/robotproject-her-finn/devel/include/xarm_msgs/MoveVelocityRequest.h
Symlinking /home/student/Git-projects/robotproject-her-finn/devel/include/xarm_msgs/SetControllerAnalogIOResponse.h
Symlinking /home/student/Git-projects/robotproject-her-finn/devel/include/xarm_msgs/MoveVelocityResponse.h
Symlinking /home/student/Git-projects/robotproject-her-finn/devel/include/xarm_msgs/ConfigToolModbus.h
Symlinking /home/student/Git-projects/robotproject-her-finn/devel/include/xarm_msgs/GetDigitalIOResponse.h
Symlinking /home/student/Git-projects/robotproject-her-finn/devel/include/xarm_msgs/GripperStateRequest.h
Symlinking /home/student/Git-projects/robotproject-her-finn/devel/include/xarm_msgs/VacuumGripperCtrl.h
Symlinking /home/student/Git-projects/robotproject-her-finn/devel/include/xarm_msgs/SetModbusTimeoutRequest.h
Symlinking /home/student/Git-projects/robotproject-her-finn/devel/include/xarm_msgs/MoveResponse.h
Symlinking /home/student/Git-projects/robotproject-her-finn/devel/include/xarm_msgs/GetAnalogIO.h
Symlinking /home/student/Git-projects/robotproject-her-finn/devel/include/xarm_msgs/SetToolModbusResponse.h
Symlinking /home/student/Git-projects/robotproject-her-finn/devel/include/xarm_msgs/GetErr.h
Symlinking /home/student/Git-projects/robotproject-her-finn/devel/include/xarm_msgs/VacuumGripperCtrlResponse.h
Symlinking /home/student/Git-projects/robotproject-her-finn/devel/include/xarm_msgs/SetFloat32Request.h
Symlinking /home/student/Git-projects/robotproject-her-finn/devel/include/xarm_msgs/GetErrResponse.h
Symlinking /home/student/Git-projects/robotproject-her-finn/devel/include/xarm_msgs/SetModbusTimeoutResponse.h
Symlinking /home/student/Git-projects/robotproject-her-finn/devel/include/xarm_msgs/GetInt32.h
Symlinking /home/student/Git-projects/robotproject-her-finn/devel/include/xarm_msgs/SetInt16.h
Symlinking /home/student/Git-projects/robotproject-her-finn/devel/include/xarm_msgs/VeloMoveMsg.h
Symlinking /home/student/Git-projects/robotproject-her-finn/devel/include/xarm_msgs/GetFloat32ListResponse.h
Symlinking /home/student/Git-projects/robotproject-her-finn/devel/include/xarm_msgs/SetStringRequest.h
Symlinking /home/student/Git-projects/robotproject-her-finn/devel/include/xarm_msgs/PlayTrajResponse.h
Symlinking /home/student/Git-projects/robotproject-her-finn/devel/include/xarm_msgs/SetToolModbus.h
Symlinking /home/student/Git-projects/robotproject-her-finn/devel/include/xarm_msgs/Move.h
Symlinking /home/student/Git-projects/robotproject-her-finn/devel/include/xarm_msgs/SetFloat32Response.h
Symlinking /home/student/Git-projects/robotproject-her-finn/devel/include/xarm_msgs/GripperState.h
Symlinking /home/student/Git-projects/robotproject-her-finn/devel/include/xarm_msgs/SetAxisResponse.h
Symlinking /home/student/Git-projects/robotproject-her-finn/devel/include/xarm_msgs/CIOState.h
Symlinking /home/student/Git-projects/robotproject-her-finn/devel/include/xarm_msgs/MoveVeloRequest.h
Symlinking /home/student/Git-projects/robotproject-her-finn/devel/include/xarm_msgs/TCPOffsetRequest.h
Symlinking /home/student/Git-projects/robotproject-her-finn/devel/include/xarm_msgs/GripperMoveRequest.h
Symlinking /home/student/Git-projects/robotproject-her-finn/devel/include/xarm_msgs/TCPOffsetResponse.h
Symlinking /home/student/Git-projects/robotproject-her-finn/devel/include/xarm_msgs/GripperConfig.h
Symlinking /home/student/Git-projects/robotproject-her-finn/devel/include/xarm_msgs/FtCaliLoadRequest.h
Symlinking /home/student/Git-projects/robotproject-her-finn/devel/include/xarm_msgs/GetSetModbusDataResponse.h
Symlinking /home/student/Git-projects/robotproject-her-finn/devel/include/xarm_msgs/IOState.h
Symlinking /home/student/Git-projects/robotproject-her-finn/devel/include/xarm_msgs/TCPOffset.h
Symlinking /home/student/Git-projects/robotproject-her-finn/devel/include/xarm_msgs/SetInt16Request.h
Symlinking /home/student/Git-projects/robotproject-her-finn/devel/include/xarm_msgs/ConfigToolModbusRequest.h
Symlinking /home/student/Git-projects/robotproject-her-finn/devel/include/xarm_msgs/ClearErrResponse.h
Symlinking /home/student/Git-projects/robotproject-her-finn/devel/include/xarm_msgs/SetInt16Response.h
Symlinking /home/student/Git-projects/robotproject-her-finn/devel/include/xarm_msgs/GetInt32Response.h
Symlinking /home/student/Git-projects/robotproject-her-finn/devel/include/xarm_msgs/GetDigitalIO.h
Symlinking /home/student/Git-projects/robotproject-her-finn/devel/include/xarm_msgs/SetLoadRequest.h
Symlinking /home/student/Git-projects/robotproject-her-finn/devel/include/xarm_msgs/GripperStateResponse.h
Symlinking /home/student/Git-projects/robotproject-her-finn/devel/include/xarm_msgs/FtCaliLoad.h
Symlinking /home/student/Git-projects/robotproject-her-finn/devel/include/xarm_msgs/SetLoad.h
Symlinking /home/student/Git-projects/robotproject-her-finn/devel/include/xarm_msgs/GetSetModbusData.h
Symlinking /home/student/Git-projects/robotproject-her-finn/devel/include/xarm_msgs/GetAnalogIOResponse.h
Symlinking /home/student/Git-projects/robotproject-her-finn/devel/include/xarm_msgs/SetDigitalIORequest.h
Symlinking /home/student/Git-projects/robotproject-her-finn/devel/include/xarm_msgs/MoveAxisAngleRequest.h
Symlinking /home/student/Git-projects/robotproject-her-finn/devel/include/xarm_msgs/SetAxisRequest.h
Symlinking /home/student/Git-projects/robotproject-her-finn/devel/include/xarm_msgs/SetMultipleInts.h
Symlinking /home/student/Git-projects/robotproject-her-finn/devel/include/xarm_msgs/GetInt32Request.h
Symlinking /home/student/Git-projects/robotproject-her-finn/devel/include/xarm_msgs/MoveVelo.h
Symlinking /home/student/Git-projects/robotproject-her-finn/devel/include/xarm_msgs/FtIdenLoadResponse.h
Symlinking /home/student/Git-projects/robotproject-her-finn/devel/include/xarm_msgs/ClearErrRequest.h
Symlinking /home/student/Git-projects/robotproject-her-finn/devel/include/xarm_msgs/GetErrRequest.h
Symlinking /home/student/Git-projects/robotproject-her-finn/devel/include/xarm_msgs/SetAxis.h
Symlinking /home/student/Git-projects/robotproject-her-finn/devel/include/xarm_msgs/SetControllerAnalogIO.h
Symlinking /home/student/Git-projects/robotproject-her-finn/devel/include/xarm_msgs/SetModbusTimeout.h
Symlinking /home/student/Git-projects/robotproject-her-finn/devel/include/xarm_msgs/FtCaliLoadResponse.h
Symlinking /home/student/Git-projects/robotproject-her-finn/devel/include/xarm_msgs/GetFloat32List.h
Symlinking /home/student/Git-projects/robotproject-her-finn/devel/include/xarm_msgs/PlayTraj.h
Symlinking /home/student/Git-projects/robotproject-her-finn/devel/include/xarm_msgs/GetControllerDigitalIOResponse.h
Symlinking /home/student/Git-projects/robotproject-her-finn/devel/lib/python2.7/dist-packages/xarm_msgs/__init__.py
Symlinking /home/student/Git-projects/robotproject-her-finn/devel/lib/python2.7/dist-packages/xarm_msgs/msg/_VeloMoveMsg.py
Symlinking /home/student/Git-projects/robotproject-her-finn/devel/lib/python2.7/dist-packages/xarm_msgs/msg/__init__.py
Symlinking /home/student/Git-projects/robotproject-her-finn/devel/lib/python2.7/dist-packages/xarm_msgs/msg/_CIOState.py
Symlinking /home/student/Git-projects/robotproject-her-finn/devel/lib/python2.7/dist-packages/xarm_msgs/msg/_IOState.py
Symlinking /home/student/Git-projects/robotproject-her-finn/devel/lib/python2.7/dist-packages/xarm_msgs/msg/_RobotMsg.py
Symlinking /home/student/Git-projects/robotproject-her-finn/devel/lib/python2.7/dist-packages/xarm_msgs/srv/_ConfigToolModbus.py
Symlinking /home/student/Git-projects/robotproject-her-finn/devel/lib/python2.7/dist-packages/xarm_msgs/srv/_GripperMove.py
Symlinking /home/student/Git-projects/robotproject-her-finn/devel/lib/python2.7/dist-packages/xarm_msgs/srv/_SetInt16.py
Symlinking /home/student/Git-projects/robotproject-her-finn/devel/lib/python2.7/dist-packages/xarm_msgs/srv/_PlayTraj.py
Symlinking /home/student/Git-projects/robotproject-her-finn/devel/lib/python2.7/dist-packages/xarm_msgs/srv/_GripperConfig.py
Symlinking /home/student/Git-projects/robotproject-her-finn/devel/lib/python2.7/dist-packages/xarm_msgs/srv/_GripperState.py
Symlinking /home/student/Git-projects/robotproject-her-finn/devel/lib/python2.7/dist-packages/xarm_msgs/srv/_GetSetModbusData.py
Symlinking /home/student/Git-projects/robotproject-her-finn/devel/lib/python2.7/dist-packages/xarm_msgs/srv/_SetModbusTimeout.py
Symlinking /home/student/Git-projects/robotproject-her-finn/devel/lib/python2.7/dist-packages/xarm_msgs/srv/_VacuumGripperCtrl.py
Symlinking /home/student/Git-projects/robotproject-her-finn/devel/lib/python2.7/dist-packages/xarm_msgs/srv/_GetControllerDigitalIO.py
Symlinking /home/student/Git-projects/robotproject-her-finn/devel/lib/python2.7/dist-packages/xarm_msgs/srv/_FtCaliLoad.py
Symlinking /home/student/Git-projects/robotproject-her-finn/devel/lib/python2.7/dist-packages/xarm_msgs/srv/_SetDigitalIO.py
Symlinking /home/student/Git-projects/robotproject-her-finn/devel/lib/python2.7/dist-packages/xarm_msgs/srv/_GetFloat32List.py
Symlinking /home/student/Git-projects/robotproject-her-finn/devel/lib/python2.7/dist-packages/xarm_msgs/srv/_SetToolModbus.py
Symlinking /home/student/Git-projects/robotproject-her-finn/devel/lib/python2.7/dist-packages/xarm_msgs/srv/_GetInt32.py
Symlinking /home/student/Git-projects/robotproject-her-finn/devel/lib/python2.7/dist-packages/xarm_msgs/srv/__init__.py
Symlinking /home/student/Git-projects/robotproject-her-finn/devel/lib/python2.7/dist-packages/xarm_msgs/srv/_SetLoad.py
Symlinking /home/student/Git-projects/robotproject-her-finn/devel/lib/python2.7/dist-packages/xarm_msgs/srv/_Call.py
Symlinking /home/student/Git-projects/robotproject-her-finn/devel/lib/python2.7/dist-packages/xarm_msgs/srv/_TCPOffset.py
Symlinking /home/student/Git-projects/robotproject-her-finn/devel/lib/python2.7/dist-packages/xarm_msgs/srv/_FtIdenLoad.py
Symlinking /home/student/Git-projects/robotproject-her-finn/devel/lib/python2.7/dist-packages/xarm_msgs/srv/_SetMultipleInts.py
Symlinking /home/student/Git-projects/robotproject-her-finn/devel/lib/python2.7/dist-packages/xarm_msgs/srv/_ClearErr.py
Symlinking /home/student/Git-projects/robotproject-her-finn/devel/lib/python2.7/dist-packages/xarm_msgs/srv/_MoveVelocity.py
Symlinking /home/student/Git-projects/robotproject-her-finn/devel/lib/python2.7/dist-packages/xarm_msgs/srv/_SetAxis.py
Symlinking /home/student/Git-projects/robotproject-her-finn/devel/lib/python2.7/dist-packages/xarm_msgs/srv/_SetFloat32.py
Symlinking /home/student/Git-projects/robotproject-her-finn/devel/lib/python2.7/dist-packages/xarm_msgs/srv/_GetErr.py
Symlinking /home/student/Git-projects/robotproject-her-finn/devel/lib/python2.7/dist-packages/xarm_msgs/srv/_MoveVelo.py
Symlinking /home/student/Git-projects/robotproject-her-finn/devel/lib/python2.7/dist-packages/xarm_msgs/srv/_MoveAxisAngle.py
Symlinking /home/student/Git-projects/robotproject-her-finn/devel/lib/python2.7/dist-packages/xarm_msgs/srv/_Move.py
Symlinking /home/student/Git-projects/robotproject-her-finn/devel/lib/python2.7/dist-packages/xarm_msgs/srv/_GetAnalogIO.py
Symlinking /home/student/Git-projects/robotproject-her-finn/devel/lib/python2.7/dist-packages/xarm_msgs/srv/_GetDigitalIO.py
Symlinking /home/student/Git-projects/robotproject-her-finn/devel/lib/python2.7/dist-packages/xarm_msgs/srv/_SetString.py
Symlinking /home/student/Git-projects/robotproject-her-finn/devel/lib/python2.7/dist-packages/xarm_msgs/srv/_SetControllerAnalogIO.py
Symlinking /home/student/Git-projects/robotproject-her-finn/devel/lib/pkgconfig/xarm_msgs.pc
Symlinking /home/student/Git-projects/robotproject-her-finn/devel/share/gennodejs/ros/xarm_msgs/_index.js
Symlinking /home/student/Git-projects/robotproject-her-finn/devel/share/gennodejs/ros/xarm_msgs/msg/RobotMsg.js
Symlinking /home/student/Git-projects/robotproject-her-finn/devel/share/gennodejs/ros/xarm_msgs/msg/CIOState.js
Symlinking /home/student/Git-projects/robotproject-her-finn/devel/share/gennodejs/ros/xarm_msgs/msg/_index.js
Symlinking /home/student/Git-projects/robotproject-her-finn/devel/share/gennodejs/ros/xarm_msgs/msg/VeloMoveMsg.js
Symlinking /home/student/Git-projects/robotproject-her-finn/devel/share/gennodejs/ros/xarm_msgs/msg/IOState.js
Symlinking /home/student/Git-projects/robotproject-her-finn/devel/share/gennodejs/ros/xarm_msgs/srv/GripperMove.js
Symlinking /home/student/Git-projects/robotproject-her-finn/devel/share/gennodejs/ros/xarm_msgs/srv/ClearErr.js
Symlinking /home/student/Git-projects/robotproject-her-finn/devel/share/gennodejs/ros/xarm_msgs/srv/GetControllerDigitalIO.js
Symlinking /home/student/Git-projects/robotproject-her-finn/devel/share/gennodejs/ros/xarm_msgs/srv/GetFloat32List.js
Symlinking /home/student/Git-projects/robotproject-her-finn/devel/share/gennodejs/ros/xarm_msgs/srv/Call.js
Symlinking /home/student/Git-projects/robotproject-her-finn/devel/share/gennodejs/ros/xarm_msgs/srv/FtIdenLoad.js
Symlinking /home/student/Git-projects/robotproject-her-finn/devel/share/gennodejs/ros/xarm_msgs/srv/SetMultipleInts.js
Symlinking /home/student/Git-projects/robotproject-her-finn/devel/share/gennodejs/ros/xarm_msgs/srv/Move.js
Symlinking /home/student/Git-projects/robotproject-her-finn/devel/share/gennodejs/ros/xarm_msgs/srv/TCPOffset.js
Symlinking /home/student/Git-projects/robotproject-her-finn/devel/share/gennodejs/ros/xarm_msgs/srv/GetAnalogIO.js
Symlinking /home/student/Git-projects/robotproject-her-finn/devel/share/gennodejs/ros/xarm_msgs/srv/SetControllerAnalogIO.js
Symlinking /home/student/Git-projects/robotproject-her-finn/devel/share/gennodejs/ros/xarm_msgs/srv/GetInt32.js
Symlinking /home/student/Git-projects/robotproject-her-finn/devel/share/gennodejs/ros/xarm_msgs/srv/MoveVelocity.js
Symlinking /home/student/Git-projects/robotproject-her-finn/devel/share/gennodejs/ros/xarm_msgs/srv/MoveAxisAngle.js
Symlinking /home/student/Git-projects/robotproject-her-finn/devel/share/gennodejs/ros/xarm_msgs/srv/GetSetModbusData.js
Symlinking /home/student/Git-projects/robotproject-her-finn/devel/share/gennodejs/ros/xarm_msgs/srv/SetModbusTimeout.js
Symlinking /home/student/Git-projects/robotproject-her-finn/devel/share/gennodejs/ros/xarm_msgs/srv/SetDigitalIO.js
Symlinking /home/student/Git-projects/robotproject-her-finn/devel/share/gennodejs/ros/xarm_msgs/srv/VacuumGripperCtrl.js
Symlinking /home/student/Git-projects/robotproject-her-finn/devel/share/gennodejs/ros/xarm_msgs/srv/ConfigToolModbus.js
Symlinking /home/student/Git-projects/robotproject-her-finn/devel/share/gennodejs/ros/xarm_msgs/srv/SetToolModbus.js
Symlinking /home/student/Git-projects/robotproject-her-finn/devel/share/gennodejs/ros/xarm_msgs/srv/SetLoad.js
Symlinking /home/student/Git-projects/robotproject-her-finn/devel/share/gennodejs/ros/xarm_msgs/srv/GetErr.js
Symlinking /home/student/Git-projects/robotproject-her-finn/devel/share/gennodejs/ros/xarm_msgs/srv/SetInt16.js
Symlinking /home/student/Git-projects/robotproject-her-finn/devel/share/gennodejs/ros/xarm_msgs/srv/SetFloat32.js
Symlinking /home/student/Git-projects/robotproject-her-finn/devel/share/gennodejs/ros/xarm_msgs/srv/_index.js
Symlinking /home/student/Git-projects/robotproject-her-finn/devel/share/gennodejs/ros/xarm_msgs/srv/SetString.js
Symlinking /home/student/Git-projects/robotproject-her-finn/devel/share/gennodejs/ros/xarm_msgs/srv/PlayTraj.js
Symlinking /home/student/Git-projects/robotproject-her-finn/devel/share/gennodejs/ros/xarm_msgs/srv/MoveVelo.js
Symlinking /home/student/Git-projects/robotproject-her-finn/devel/share/gennodejs/ros/xarm_msgs/srv/FtCaliLoad.js
Symlinking /home/student/Git-projects/robotproject-her-finn/devel/share/gennodejs/ros/xarm_msgs/srv/GetDigitalIO.js
Symlinking /home/student/Git-projects/robotproject-her-finn/devel/share/gennodejs/ros/xarm_msgs/srv/SetAxis.js
Symlinking /home/student/Git-projects/robotproject-her-finn/devel/share/gennodejs/ros/xarm_msgs/srv/GripperConfig.js
Symlinking /home/student/Git-projects/robotproject-her-finn/devel/share/gennodejs/ros/xarm_msgs/srv/GripperState.js
Symlinking /home/student/Git-projects/robotproject-her-finn/devel/share/roseus/ros/xarm_msgs/manifest.l
Symlinking /home/student/Git-projects/robotproject-her-finn/devel/share/roseus/ros/xarm_msgs/msg/VeloMoveMsg.l
Symlinking /home/student/Git-projects/robotproject-her-finn/devel/share/roseus/ros/xarm_msgs/msg/CIOState.l
Symlinking /home/student/Git-projects/robotproject-her-finn/devel/share/roseus/ros/xarm_msgs/msg/IOState.l
Symlinking /home/student/Git-projects/robotproject-her-finn/devel/share/roseus/ros/xarm_msgs/msg/RobotMsg.l
Symlinking /home/student/Git-projects/robotproject-her-finn/devel/share/roseus/ros/xarm_msgs/srv/SetInt16.l
Symlinking /home/student/Git-projects/robotproject-her-finn/devel/share/roseus/ros/xarm_msgs/srv/GetAnalogIO.l
Symlinking /home/student/Git-projects/robotproject-her-finn/devel/share/roseus/ros/xarm_msgs/srv/SetAxis.l
Symlinking /home/student/Git-projects/robotproject-her-finn/devel/share/roseus/ros/xarm_msgs/srv/ClearErr.l
Symlinking /home/student/Git-projects/robotproject-her-finn/devel/share/roseus/ros/xarm_msgs/srv/GripperState.l
Symlinking /home/student/Git-projects/robotproject-her-finn/devel/share/roseus/ros/xarm_msgs/srv/MoveVelo.l
Symlinking /home/student/Git-projects/robotproject-her-finn/devel/share/roseus/ros/xarm_msgs/srv/GetErr.l
Symlinking /home/student/Git-projects/robotproject-her-finn/devel/share/roseus/ros/xarm_msgs/srv/SetString.l
Symlinking /home/student/Git-projects/robotproject-her-finn/devel/share/roseus/ros/xarm_msgs/srv/GetControllerDigitalIO.l
Symlinking /home/student/Git-projects/robotproject-her-finn/devel/share/roseus/ros/xarm_msgs/srv/GetFloat32List.l
Symlinking /home/student/Git-projects/robotproject-her-finn/devel/share/roseus/ros/xarm_msgs/srv/FtCaliLoad.l
Symlinking /home/student/Git-projects/robotproject-her-finn/devel/share/roseus/ros/xarm_msgs/srv/SetControllerAnalogIO.l
Symlinking /home/student/Git-projects/robotproject-her-finn/devel/share/roseus/ros/xarm_msgs/srv/SetFloat32.l
Symlinking /home/student/Git-projects/robotproject-her-finn/devel/share/roseus/ros/xarm_msgs/srv/Move.l
Symlinking /home/student/Git-projects/robotproject-her-finn/devel/share/roseus/ros/xarm_msgs/srv/TCPOffset.l
Symlinking /home/student/Git-projects/robotproject-her-finn/devel/share/roseus/ros/xarm_msgs/srv/PlayTraj.l
Symlinking /home/student/Git-projects/robotproject-her-finn/devel/share/roseus/ros/xarm_msgs/srv/ConfigToolModbus.l
Symlinking /home/student/Git-projects/robotproject-her-finn/devel/share/roseus/ros/xarm_msgs/srv/SetModbusTimeout.l
Symlinking /home/student/Git-projects/robotproject-her-finn/devel/share/roseus/ros/xarm_msgs/srv/FtIdenLoad.l
Symlinking /home/student/Git-projects/robotproject-her-finn/devel/share/roseus/ros/xarm_msgs/srv/MoveAxisAngle.l
Symlinking /home/student/Git-projects/robotproject-her-finn/devel/share/roseus/ros/xarm_msgs/srv/GetSetModbusData.l
Symlinking /home/student/Git-projects/robotproject-her-finn/devel/share/roseus/ros/xarm_msgs/srv/GetDigitalIO.l
Symlinking /home/student/Git-projects/robotproject-her-finn/devel/share/roseus/ros/xarm_msgs/srv/MoveVelocity.l
Symlinking /home/student/Git-projects/robotproject-her-finn/devel/share/roseus/ros/xarm_msgs/srv/VacuumGripperCtrl.l
Symlinking /home/student/Git-projects/robotproject-her-finn/devel/share/roseus/ros/xarm_msgs/srv/SetMultipleInts.l
Symlinking /home/student/Git-projects/robotproject-her-finn/devel/share/roseus/ros/xarm_msgs/srv/SetLoad.l
Symlinking /home/student/Git-projects/robotproject-her-finn/devel/share/roseus/ros/xarm_msgs/srv/GripperMove.l
Symlinking /home/student/Git-projects/robotproject-her-finn/devel/share/roseus/ros/xarm_msgs/srv/SetToolModbus.l
Symlinking /home/student/Git-projects/robotproject-her-finn/devel/share/roseus/ros/xarm_msgs/srv/Call.l
Symlinking /home/student/Git-projects/robotproject-her-finn/devel/share/roseus/ros/xarm_msgs/srv/GripperConfig.l
Symlinking /home/student/Git-projects/robotproject-her-finn/devel/share/roseus/ros/xarm_msgs/srv/SetDigitalIO.l
Symlinking /home/student/Git-projects/robotproject-her-finn/devel/share/roseus/ros/xarm_msgs/srv/GetInt32.l
Symlinking /home/student/Git-projects/robotproject-her-finn/devel/share/common-lisp/ros/xarm_msgs/msg/IOState.lisp
Symlinking /home/student/Git-projects/robotproject-her-finn/devel/share/common-lisp/ros/xarm_msgs/msg/VeloMoveMsg.lisp
Symlinking /home/student/Git-projects/robotproject-her-finn/devel/share/common-lisp/ros/xarm_msgs/msg/_package_VeloMoveMsg.lisp
Symlinking /home/student/Git-projects/robotproject-her-finn/devel/share/common-lisp/ros/xarm_msgs/msg/_package.lisp
Symlinking /home/student/Git-projects/robotproject-her-finn/devel/share/common-lisp/ros/xarm_msgs/msg/_package_CIOState.lisp
Symlinking /home/student/Git-projects/robotproject-her-finn/devel/share/common-lisp/ros/xarm_msgs/msg/xarm_msgs-msg.asd
Symlinking /home/student/Git-projects/robotproject-her-finn/devel/share/common-lisp/ros/xarm_msgs/msg/RobotMsg.lisp
Symlinking /home/student/Git-projects/robotproject-her-finn/devel/share/common-lisp/ros/xarm_msgs/msg/_package_IOState.lisp
Symlinking /home/student/Git-projects/robotproject-her-finn/devel/share/common-lisp/ros/xarm_msgs/msg/_package_RobotMsg.lisp
Symlinking /home/student/Git-projects/robotproject-her-finn/devel/share/common-lisp/ros/xarm_msgs/msg/CIOState.lisp
Symlinking /home/student/Git-projects/robotproject-her-finn/devel/share/common-lisp/ros/xarm_msgs/srv/SetString.lisp
Symlinking /home/student/Git-projects/robotproject-her-finn/devel/share/common-lisp/ros/xarm_msgs/srv/SetMultipleInts.lisp
Symlinking /home/student/Git-projects/robotproject-her-finn/devel/share/common-lisp/ros/xarm_msgs/srv/_package_SetToolModbus.lisp
Symlinking /home/student/Git-projects/robotproject-her-finn/devel/share/common-lisp/ros/xarm_msgs/srv/GripperState.lisp
Symlinking /home/student/Git-projects/robotproject-her-finn/devel/share/common-lisp/ros/xarm_msgs/srv/_package_FtCaliLoad.lisp
Symlinking /home/student/Git-projects/robotproject-her-finn/devel/share/common-lisp/ros/xarm_msgs/srv/_package_GetInt32.lisp
Symlinking /home/student/Git-projects/robotproject-her-finn/devel/share/common-lisp/ros/xarm_msgs/srv/_package_GetErr.lisp
Symlinking /home/student/Git-projects/robotproject-her-finn/devel/share/common-lisp/ros/xarm_msgs/srv/_package_VacuumGripperCtrl.lisp
Symlinking /home/student/Git-projects/robotproject-her-finn/devel/share/common-lisp/ros/xarm_msgs/srv/GetControllerDigitalIO.lisp
Symlinking /home/student/Git-projects/robotproject-her-finn/devel/share/common-lisp/ros/xarm_msgs/srv/GetSetModbusData.lisp
Symlinking /home/student/Git-projects/robotproject-her-finn/devel/share/common-lisp/ros/xarm_msgs/srv/_package_SetInt16.lisp
Symlinking /home/student/Git-projects/robotproject-her-finn/devel/share/common-lisp/ros/xarm_msgs/srv/GetInt32.lisp
Symlinking /home/student/Git-projects/robotproject-her-finn/devel/share/common-lisp/ros/xarm_msgs/srv/GetFloat32List.lisp
Symlinking /home/student/Git-projects/robotproject-her-finn/devel/share/common-lisp/ros/xarm_msgs/srv/_package_GetDigitalIO.lisp
Symlinking /home/student/Git-projects/robotproject-her-finn/devel/share/common-lisp/ros/xarm_msgs/srv/SetFloat32.lisp
Symlinking /home/student/Git-projects/robotproject-her-finn/devel/share/common-lisp/ros/xarm_msgs/srv/_package_SetModbusTimeout.lisp
Symlinking /home/student/Git-projects/robotproject-her-finn/devel/share/common-lisp/ros/xarm_msgs/srv/SetModbusTimeout.lisp
Symlinking /home/student/Git-projects/robotproject-her-finn/devel/share/common-lisp/ros/xarm_msgs/srv/GetErr.lisp
Symlinking /home/student/Git-projects/robotproject-her-finn/devel/share/common-lisp/ros/xarm_msgs/srv/_package_GripperConfig.lisp
Symlinking /home/student/Git-projects/robotproject-her-finn/devel/share/common-lisp/ros/xarm_msgs/srv/_package.lisp
Symlinking /home/student/Git-projects/robotproject-her-finn/devel/share/common-lisp/ros/xarm_msgs/srv/_package_SetString.lisp
Symlinking /home/student/Git-projects/robotproject-her-finn/devel/share/common-lisp/ros/xarm_msgs/srv/SetDigitalIO.lisp
Symlinking /home/student/Git-projects/robotproject-her-finn/devel/share/common-lisp/ros/xarm_msgs/srv/_package_MoveVelocity.lisp
Symlinking /home/student/Git-projects/robotproject-her-finn/devel/share/common-lisp/ros/xarm_msgs/srv/_package_GetFloat32List.lisp
Symlinking /home/student/Git-projects/robotproject-her-finn/devel/share/common-lisp/ros/xarm_msgs/srv/SetControllerAnalogIO.lisp
Symlinking /home/student/Git-projects/robotproject-her-finn/devel/share/common-lisp/ros/xarm_msgs/srv/SetLoad.lisp
Symlinking /home/student/Git-projects/robotproject-her-finn/devel/share/common-lisp/ros/xarm_msgs/srv/_package_GetControllerDigitalIO.lisp
Symlinking /home/student/Git-projects/robotproject-her-finn/devel/share/common-lisp/ros/xarm_msgs/srv/GripperMove.lisp
Symlinking /home/student/Git-projects/robotproject-her-finn/devel/share/common-lisp/ros/xarm_msgs/srv/_package_GetAnalogIO.lisp
Symlinking /home/student/Git-projects/robotproject-her-finn/devel/share/common-lisp/ros/xarm_msgs/srv/_package_SetDigitalIO.lisp
Symlinking /home/student/Git-projects/robotproject-her-finn/devel/share/common-lisp/ros/xarm_msgs/srv/_package_Call.lisp
Symlinking /home/student/Git-projects/robotproject-her-finn/devel/share/common-lisp/ros/xarm_msgs/srv/ConfigToolModbus.lisp
Symlinking /home/student/Git-projects/robotproject-her-finn/devel/share/common-lisp/ros/xarm_msgs/srv/_package_GetSetModbusData.lisp
Symlinking /home/student/Git-projects/robotproject-her-finn/devel/share/common-lisp/ros/xarm_msgs/srv/_package_TCPOffset.lisp
Symlinking /home/student/Git-projects/robotproject-her-finn/devel/share/common-lisp/ros/xarm_msgs/srv/_package_FtIdenLoad.lisp
Symlinking /home/student/Git-projects/robotproject-her-finn/devel/share/common-lisp/ros/xarm_msgs/srv/SetInt16.lisp
Symlinking /home/student/Git-projects/robotproject-her-finn/devel/share/common-lisp/ros/xarm_msgs/srv/_package_MoveAxisAngle.lisp
Symlinking /home/student/Git-projects/robotproject-her-finn/devel/share/common-lisp/ros/xarm_msgs/srv/Call.lisp
Symlinking /home/student/Git-projects/robotproject-her-finn/devel/share/common-lisp/ros/xarm_msgs/srv/_package_MoveVelo.lisp
Symlinking /home/student/Git-projects/robotproject-her-finn/devel/share/common-lisp/ros/xarm_msgs/srv/_package_SetAxis.lisp
Symlinking /home/student/Git-projects/robotproject-her-finn/devel/share/common-lisp/ros/xarm_msgs/srv/_package_Move.lisp
Symlinking /home/student/Git-projects/robotproject-her-finn/devel/share/common-lisp/ros/xarm_msgs/srv/_package_ClearErr.lisp
Symlinking /home/student/Git-projects/robotproject-her-finn/devel/share/common-lisp/ros/xarm_msgs/srv/_package_GripperState.lisp
Symlinking /home/student/Git-projects/robotproject-her-finn/devel/share/common-lisp/ros/xarm_msgs/srv/_package_SetLoad.lisp
Symlinking /home/student/Git-projects/robotproject-her-finn/devel/share/common-lisp/ros/xarm_msgs/srv/FtIdenLoad.lisp
Symlinking /home/student/Git-projects/robotproject-her-finn/devel/share/common-lisp/ros/xarm_msgs/srv/GripperConfig.lisp
Symlinking /home/student/Git-projects/robotproject-her-finn/devel/share/common-lisp/ros/xarm_msgs/srv/GetDigitalIO.lisp
Symlinking /home/student/Git-projects/robotproject-her-finn/devel/share/common-lisp/ros/xarm_msgs/srv/MoveVelo.lisp
Symlinking /home/student/Git-projects/robotproject-her-finn/devel/share/common-lisp/ros/xarm_msgs/srv/PlayTraj.lisp
Symlinking /home/student/Git-projects/robotproject-her-finn/devel/share/common-lisp/ros/xarm_msgs/srv/_package_GripperMove.lisp
Symlinking /home/student/Git-projects/robotproject-her-finn/devel/share/common-lisp/ros/xarm_msgs/srv/_package_SetFloat32.lisp
Symlinking /home/student/Git-projects/robotproject-her-finn/devel/share/common-lisp/ros/xarm_msgs/srv/_package_SetControllerAnalogIO.lisp
Symlinking /home/student/Git-projects/robotproject-her-finn/devel/share/common-lisp/ros/xarm_msgs/srv/_package_ConfigToolModbus.lisp
Symlinking /home/student/Git-projects/robotproject-her-finn/devel/share/common-lisp/ros/xarm_msgs/srv/FtCaliLoad.lisp
Symlinking /home/student/Git-projects/robotproject-her-finn/devel/share/common-lisp/ros/xarm_msgs/srv/TCPOffset.lisp
Symlinking /home/student/Git-projects/robotproject-her-finn/devel/share/common-lisp/ros/xarm_msgs/srv/_package_SetMultipleInts.lisp
Symlinking /home/student/Git-projects/robotproject-her-finn/devel/share/common-lisp/ros/xarm_msgs/srv/ClearErr.lisp
Symlinking /home/student/Git-projects/robotproject-her-finn/devel/share/common-lisp/ros/xarm_msgs/srv/Move.lisp
Symlinking /home/student/Git-projects/robotproject-her-finn/devel/share/common-lisp/ros/xarm_msgs/srv/SetToolModbus.lisp
Symlinking /home/student/Git-projects/robotproject-her-finn/devel/share/common-lisp/ros/xarm_msgs/srv/GetAnalogIO.lisp
Symlinking /home/student/Git-projects/robotproject-her-finn/devel/share/common-lisp/ros/xarm_msgs/srv/xarm_msgs-srv.asd
Symlinking /home/student/Git-projects/robotproject-her-finn/devel/share/common-lisp/ros/xarm_msgs/srv/MoveVelocity.lisp
Symlinking /home/student/Git-projects/robotproject-her-finn/devel/share/common-lisp/ros/xarm_msgs/srv/VacuumGripperCtrl.lisp
Symlinking /home/student/Git-projects/robotproject-her-finn/devel/share/common-lisp/ros/xarm_msgs/srv/SetAxis.lisp
Symlinking /home/student/Git-projects/robotproject-her-finn/devel/share/common-lisp/ros/xarm_msgs/srv/MoveAxisAngle.lisp
Symlinking /home/student/Git-projects/robotproject-her-finn/devel/share/common-lisp/ros/xarm_msgs/srv/_package_PlayTraj.lisp
Symlinking /home/student/Git-projects/robotproject-her-finn/devel/share/xarm_msgs/cmake/xarm_msgsConfig-version.cmake
Symlinking /home/student/Git-projects/robotproject-her-finn/devel/share/xarm_msgs/cmake/xarm_msgs-msg-extras.cmake
Symlinking /home/student/Git-projects/robotproject-her-finn/devel/share/xarm_msgs/cmake/xarm_msgs-msg-paths.cmake
Symlinking /home/student/Git-projects/robotproject-her-finn/devel/share/xarm_msgs/cmake/xarm_msgsConfig.cmake
