[  0%] Built target std_msgs_generate_messages_py
[  0%] Built target _xarm_msgs_generate_messages_check_deps_RobotMsg
[  0%] Built target _xarm_msgs_generate_messages_check_deps_GetAnalogIO
[  0%] Built target _xarm_msgs_generate_messages_check_deps_VeloMoveMsg
[  0%] Built target _xarm_msgs_generate_messages_check_deps_IOState
[  0%] Built target _xarm_msgs_generate_messages_check_deps_GetSetModbusData
[  0%] Built target _xarm_msgs_generate_messages_check_deps_SetInt16
[  0%] Built target _xarm_msgs_generate_messages_check_deps_SetToolModbus
[  0%] Built target _xarm_msgs_generate_messages_check_deps_GetControllerDigitalIO
[  0%] Built target _xarm_msgs_generate_messages_check_deps_TCPOffset
[  0%] Built target _xarm_msgs_generate_messages_check_deps_MoveVelo
[  0%] Built target _xarm_msgs_generate_messages_check_deps_ConfigToolModbus
[  0%] Built target _xarm_msgs_generate_messages_check_deps_ClearErr
[  0%] Built target _xarm_msgs_generate_messages_check_deps_GetDigitalIO
[  0%] Built target _xarm_msgs_generate_messages_check_deps_Move
[  0%] Built target _xarm_msgs_generate_messages_check_deps_SetFloat32
[  0%] Built target _xarm_msgs_generate_messages_check_deps_CIOState
[  0%] Built target _xarm_msgs_generate_messages_check_deps_FtIdenLoad
[  0%] Built target _xarm_msgs_generate_messages_check_deps_FtCaliLoad
[  0%] Built target _xarm_msgs_generate_messages_check_deps_MoveAxisAngle
[  0%] Built target _xarm_msgs_generate_messages_check_deps_GripperConfig
[  0%] Built target _xarm_msgs_generate_messages_check_deps_GetErr
[  0%] Built target _xarm_msgs_generate_messages_check_deps_SetString
[  0%] Built target _xarm_msgs_generate_messages_check_deps_PlayTraj
[  0%] Built target _xarm_msgs_generate_messages_check_deps_VacuumGripperCtrl
[  0%] Built target _xarm_msgs_generate_messages_check_deps_SetDigitalIO
[  0%] Built target _xarm_msgs_generate_messages_check_deps_GripperState
[  0%] Built target _xarm_msgs_generate_messages_check_deps_SetAxis
[  0%] Built target _xarm_msgs_generate_messages_check_deps_GetInt32
[  0%] Built target _xarm_msgs_generate_messages_check_deps_SetModbusTimeout
[  0%] Built target _xarm_msgs_generate_messages_check_deps_SetMultipleInts
[  0%] Built target _xarm_msgs_generate_messages_check_deps_GetFloat32List
[  0%] Built target _xarm_msgs_generate_messages_check_deps_Call
[  0%] Built target _xarm_msgs_generate_messages_check_deps_SetLoad
[  0%] Built target _xarm_msgs_generate_messages_check_deps_MoveVelocity
[  0%] Built target std_msgs_generate_messages_cpp
[  0%] Built target _xarm_msgs_generate_messages_check_deps_SetControllerAnalogIO
[  0%] Built target std_msgs_generate_messages_eus
[  0%] Built target std_msgs_generate_messages_lisp
[  0%] Built target _xarm_msgs_generate_messages_check_deps_GripperMove
[  0%] Built target std_msgs_generate_messages_nodejs
[  1%] [34m[1mGenerating EusLisp code from xarm_msgs/RobotMsg.msg[0m
[  1%] [34m[1mGenerating C++ code from xarm_msgs/RobotMsg.msg[0m
[  1%] [34m[1mGenerating Python from MSG xarm_msgs/RobotMsg[0m
[  2%] [34m[1mGenerating EusLisp code from xarm_msgs/CIOState.msg[0m
[  2%] [34m[1mGenerating Python from MSG xarm_msgs/CIOState[0m
[  3%] [34m[1mGenerating C++ code from xarm_msgs/CIOState.msg[0m
[  3%] [34m[1mGenerating EusLisp code from xarm_msgs/VeloMoveMsg.msg[0m
[  4%] [34m[1mGenerating Python from MSG xarm_msgs/VeloMoveMsg[0m
[  5%] [34m[1mGenerating C++ code from xarm_msgs/VeloMoveMsg.msg[0m
[  5%] [34m[1mGenerating EusLisp code from xarm_msgs/IOState.msg[0m
[  5%] [34m[1mGenerating EusLisp code from xarm_msgs/GetSetModbusData.srv[0m
[  6%] [34m[1mGenerating C++ code from xarm_msgs/IOState.msg[0m
[  6%] [34m[1mGenerating EusLisp code from xarm_msgs/SetInt16.srv[0m
[  7%] [34m[1mGenerating Python from MSG xarm_msgs/IOState[0m
[  8%] [34m[1mGenerating C++ code from xarm_msgs/GetSetModbusData.srv[0m
[  9%] [34m[1mGenerating EusLisp code from xarm_msgs/SetToolModbus.srv[0m
[ 10%] [34m[1mGenerating Python code from SRV xarm_msgs/GetSetModbusData[0m
[ 11%] [34m[1mGenerating EusLisp code from xarm_msgs/FtIdenLoad.srv[0m
[ 11%] [34m[1mGenerating EusLisp code from xarm_msgs/TCPOffset.srv[0m
[ 12%] [34m[1mGenerating C++ code from xarm_msgs/SetInt16.srv[0m
[ 13%] [34m[1mGenerating EusLisp code from xarm_msgs/MoveVelo.srv[0m
[ 13%] [34m[1mGenerating Python code from SRV xarm_msgs/SetInt16[0m
[ 14%] [34m[1mGenerating EusLisp code from xarm_msgs/ConfigToolModbus.srv[0m
[ 14%] [34m[1mGenerating EusLisp code from xarm_msgs/ClearErr.srv[0m
[ 14%] [34m[1mGenerating C++ code from xarm_msgs/SetToolModbus.srv[0m
[ 15%] [34m[1mGenerating Python code from SRV xarm_msgs/SetToolModbus[0m
[ 15%] [34m[1mGenerating EusLisp code from xarm_msgs/GetDigitalIO.srv[0m
[ 15%] [34m[1mGenerating Python code from SRV xarm_msgs/FtIdenLoad[0m
[ 16%] [34m[1mGenerating EusLisp code from xarm_msgs/Move.srv[0m
[ 17%] [34m[1mGenerating EusLisp code from xarm_msgs/SetFloat32.srv[0m
[ 17%] [34m[1mGenerating C++ code from xarm_msgs/FtIdenLoad.srv[0m
[ 17%] [34m[1mGenerating Python code from SRV xarm_msgs/TCPOffset[0m
[ 18%] [34m[1mGenerating EusLisp code from xarm_msgs/GetControllerDigitalIO.srv[0m
[ 18%] [34m[1mGenerating EusLisp code from xarm_msgs/FtCaliLoad.srv[0m
[ 20%] [34m[1mGenerating Python code from SRV xarm_msgs/MoveVelo[0m
[ 21%] [34m[1mGenerating C++ code from xarm_msgs/TCPOffset.srv[0m
[ 21%] [34m[1mGenerating EusLisp code from xarm_msgs/MoveAxisAngle.srv[0m
[ 21%] [34m[1mGenerating Python code from SRV xarm_msgs/ConfigToolModbus[0m
[ 22%] [34m[1mGenerating EusLisp code from xarm_msgs/GripperConfig.srv[0m
[ 22%] [34m[1mGenerating C++ code from xarm_msgs/MoveVelo.srv[0m
[ 23%] [34m[1mGenerating EusLisp code from xarm_msgs/GetErr.srv[0m
[ 24%] [34m[1mGenerating Python code from SRV xarm_msgs/ClearErr[0m
[ 24%] [34m[1mGenerating EusLisp code from xarm_msgs/SetString.srv[0m
[ 25%] [34m[1mGenerating EusLisp code from xarm_msgs/PlayTraj.srv[0m
[ 25%] [34m[1mGenerating C++ code from xarm_msgs/ConfigToolModbus.srv[0m
[ 26%] [34m[1mGenerating Python code from SRV xarm_msgs/GetDigitalIO[0m
[ 27%] [34m[1mGenerating EusLisp code from xarm_msgs/VacuumGripperCtrl.srv[0m
[ 27%] [34m[1mGenerating EusLisp code from xarm_msgs/SetDigitalIO.srv[0m
[ 28%] [34m[1mGenerating Python code from SRV xarm_msgs/Move[0m
[ 29%] [34m[1mGenerating C++ code from xarm_msgs/ClearErr.srv[0m
[ 29%] [34m[1mGenerating EusLisp code from xarm_msgs/GripperState.srv[0m
[ 29%] [34m[1mGenerating EusLisp code from xarm_msgs/SetAxis.srv[0m
[ 30%] [34m[1mGenerating Python code from SRV xarm_msgs/SetFloat32[0m
[ 31%] [34m[1mGenerating EusLisp code from xarm_msgs/GetInt32.srv[0m
[ 32%] [34m[1mGenerating C++ code from xarm_msgs/GetDigitalIO.srv[0m
[ 32%] [34m[1mGenerating EusLisp code from xarm_msgs/SetModbusTimeout.srv[0m
[ 32%] [34m[1mGenerating Python code from SRV xarm_msgs/GetControllerDigitalIO[0m
[ 33%] [34m[1mGenerating EusLisp code from xarm_msgs/SetMultipleInts.srv[0m
[ 33%] [34m[1mGenerating C++ code from xarm_msgs/Move.srv[0m
[ 33%] [34m[1mGenerating EusLisp code from xarm_msgs/GetFloat32List.srv[0m
[ 34%] [34m[1mGenerating Python code from SRV xarm_msgs/FtCaliLoad[0m
[ 35%] [34m[1mGenerating EusLisp code from xarm_msgs/Call.srv[0m
[ 36%] [34m[1mGenerating EusLisp code from xarm_msgs/SetLoad.srv[0m
[ 36%] [34m[1mGenerating C++ code from xarm_msgs/SetFloat32.srv[0m
[ 36%] [34m[1mGenerating Python code from SRV xarm_msgs/MoveAxisAngle[0m
[ 36%] [34m[1mGenerating EusLisp code from xarm_msgs/MoveVelocity.srv[0m
[ 36%] [34m[1mGenerating Python code from SRV xarm_msgs/GripperConfig[0m
[ 37%] [34m[1mGenerating EusLisp code from xarm_msgs/SetControllerAnalogIO.srv[0m
[ 37%] [34m[1mGenerating C++ code from xarm_msgs/GetControllerDigitalIO.srv[0m
[ 38%] [34m[1mGenerating EusLisp code from xarm_msgs/GripperMove.srv[0m
[ 38%] [34m[1mGenerating Python code from SRV xarm_msgs/GetErr[0m
[ 38%] [34m[1mGenerating EusLisp code from xarm_msgs/GetAnalogIO.srv[0m
[ 38%] [34m[1mGenerating EusLisp manifest code for xarm_msgs[0m
[ 40%] [34m[1mGenerating C++ code from xarm_msgs/FtCaliLoad.srv[0m
[ 40%] [34m[1mGenerating Python code from SRV xarm_msgs/SetString[0m
[ 41%] [34m[1mGenerating Python code from SRV xarm_msgs/PlayTraj[0m
[ 42%] [34m[1mGenerating C++ code from xarm_msgs/MoveAxisAngle.srv[0m
[ 43%] [34m[1mGenerating Python code from SRV xarm_msgs/VacuumGripperCtrl[0m
[ 43%] [34m[1mGenerating C++ code from xarm_msgs/GripperConfig.srv[0m
[ 43%] [34m[1mGenerating Python code from SRV xarm_msgs/SetDigitalIO[0m
[ 43%] [34m[1mGenerating Python code from SRV xarm_msgs/GripperState[0m
[ 43%] [34m[1mGenerating C++ code from xarm_msgs/GetErr.srv[0m
[ 43%] [34m[1mGenerating Python code from SRV xarm_msgs/SetAxis[0m
[ 44%] [34m[1mGenerating C++ code from xarm_msgs/SetString.srv[0m
[ 44%] [34m[1mGenerating Python code from SRV xarm_msgs/GetInt32[0m
[ 44%] Built target xarm_msgs_generate_messages_eus
[ 44%] [34m[1mGenerating Python code from SRV xarm_msgs/SetModbusTimeout[0m
[ 45%] [34m[1mGenerating Python code from SRV xarm_msgs/SetMultipleInts[0m
[ 46%] [34m[1mGenerating C++ code from xarm_msgs/PlayTraj.srv[0m
[ 47%] [34m[1mGenerating Python code from SRV xarm_msgs/GetFloat32List[0m
[ 47%] [34m[1mGenerating Lisp code from xarm_msgs/RobotMsg.msg[0m
[ 47%] [34m[1mGenerating Lisp code from xarm_msgs/CIOState.msg[0m
[ 48%] [34m[1mGenerating Lisp code from xarm_msgs/VeloMoveMsg.msg[0m
[ 49%] [34m[1mGenerating Lisp code from xarm_msgs/IOState.msg[0m
[ 49%] [34m[1mGenerating C++ code from xarm_msgs/VacuumGripperCtrl.srv[0m
[ 50%] [34m[1mGenerating Python code from SRV xarm_msgs/Call[0m
[ 50%] [34m[1mGenerating Lisp code from xarm_msgs/GetSetModbusData.srv[0m
[ 51%] [34m[1mGenerating Lisp code from xarm_msgs/SetInt16.srv[0m
[ 52%] [34m[1mGenerating Python code from SRV xarm_msgs/SetLoad[0m
[ 52%] [34m[1mGenerating Lisp code from xarm_msgs/SetToolModbus.srv[0m
[ 53%] [34m[1mGenerating C++ code from xarm_msgs/SetDigitalIO.srv[0m
[ 53%] [34m[1mGenerating Lisp code from xarm_msgs/FtIdenLoad.srv[0m
[ 54%] [34m[1mGenerating Lisp code from xarm_msgs/TCPOffset.srv[0m
[ 54%] [34m[1mGenerating Python code from SRV xarm_msgs/MoveVelocity[0m
[ 54%] [34m[1mGenerating Lisp code from xarm_msgs/MoveVelo.srv[0m
[ 54%] [34m[1mGenerating Lisp code from xarm_msgs/ConfigToolModbus.srv[0m
[ 54%] [34m[1mGenerating C++ code from xarm_msgs/GripperState.srv[0m
[ 55%] [34m[1mGenerating Lisp code from xarm_msgs/ClearErr.srv[0m
[ 56%] [34m[1mGenerating Python code from SRV xarm_msgs/SetControllerAnalogIO[0m
[ 57%] [34m[1mGenerating Lisp code from xarm_msgs/GetDigitalIO.srv[0m
[ 57%] [34m[1mGenerating Lisp code from xarm_msgs/Move.srv[0m
[ 57%] [34m[1mGenerating Lisp code from xarm_msgs/SetFloat32.srv[0m
[ 58%] [34m[1mGenerating Python code from SRV xarm_msgs/GripperMove[0m
[ 60%] [34m[1mGenerating C++ code from xarm_msgs/SetAxis.srv[0m
[ 60%] [34m[1mGenerating Lisp code from xarm_msgs/GetControllerDigitalIO.srv[0m
[ 61%] [34m[1mGenerating Lisp code from xarm_msgs/FtCaliLoad.srv[0m
[ 62%] [34m[1mGenerating Python code from SRV xarm_msgs/GetAnalogIO[0m
[ 63%] [34m[1mGenerating Lisp code from xarm_msgs/MoveAxisAngle.srv[0m
[ 63%] [34m[1mGenerating C++ code from xarm_msgs/GetInt32.srv[0m
[ 64%] [34m[1mGenerating Lisp code from xarm_msgs/GripperConfig.srv[0m
[ 64%] [34m[1mGenerating Python msg __init__.py for xarm_msgs[0m
[ 65%] [34m[1mGenerating Lisp code from xarm_msgs/GetErr.srv[0m
[ 66%] [34m[1mGenerating Lisp code from xarm_msgs/SetString.srv[0m
[ 67%] [34m[1mGenerating C++ code from xarm_msgs/SetModbusTimeout.srv[0m
[ 67%] [34m[1mGenerating Lisp code from xarm_msgs/PlayTraj.srv[0m
[ 68%] [34m[1mGenerating Python srv __init__.py for xarm_msgs[0m
[ 68%] [34m[1mGenerating Lisp code from xarm_msgs/VacuumGripperCtrl.srv[0m
[ 69%] [34m[1mGenerating Lisp code from xarm_msgs/SetDigitalIO.srv[0m
[ 70%] [34m[1mGenerating Lisp code from xarm_msgs/GripperState.srv[0m
[ 70%] Built target xarm_msgs_generate_messages_py
[ 71%] [34m[1mGenerating Lisp code from xarm_msgs/SetAxis.srv[0m
[ 71%] [34m[1mGenerating C++ code from xarm_msgs/SetMultipleInts.srv[0m
[ 72%] [34m[1mGenerating Javascript code from xarm_msgs/RobotMsg.msg[0m
[ 73%] [34m[1mGenerating Lisp code from xarm_msgs/GetInt32.srv[0m
[ 74%] [34m[1mGenerating Javascript code from xarm_msgs/CIOState.msg[0m
[ 74%] [34m[1mGenerating Javascript code from xarm_msgs/VeloMoveMsg.msg[0m
[ 75%] [34m[1mGenerating Lisp code from xarm_msgs/SetModbusTimeout.srv[0m
[ 75%] [34m[1mGenerating Javascript code from xarm_msgs/IOState.msg[0m
[ 75%] [34m[1mGenerating Lisp code from xarm_msgs/SetMultipleInts.srv[0m
[ 76%] [34m[1mGenerating Javascript code from xarm_msgs/GetSetModbusData.srv[0m
[ 76%] [34m[1mGenerating Lisp code from xarm_msgs/GetFloat32List.srv[0m
[ 77%] [34m[1mGenerating C++ code from xarm_msgs/GetFloat32List.srv[0m
[ 77%] [34m[1mGenerating Javascript code from xarm_msgs/SetInt16.srv[0m
[ 77%] [34m[1mGenerating Lisp code from xarm_msgs/Call.srv[0m
[ 78%] [34m[1mGenerating Javascript code from xarm_msgs/SetToolModbus.srv[0m
[ 78%] [34m[1mGenerating Lisp code from xarm_msgs/SetLoad.srv[0m
[ 80%] [34m[1mGenerating Javascript code from xarm_msgs/FtIdenLoad.srv[0m
[ 81%] [34m[1mGenerating Lisp code from xarm_msgs/MoveVelocity.srv[0m
[ 81%] [34m[1mGenerating Javascript code from xarm_msgs/TCPOffset.srv[0m
[ 81%] [34m[1mGenerating Lisp code from xarm_msgs/SetControllerAnalogIO.srv[0m
[ 81%] [34m[1mGenerating C++ code from xarm_msgs/Call.srv[0m
[ 82%] [34m[1mGenerating Javascript code from xarm_msgs/MoveVelo.srv[0m
[ 82%] [34m[1mGenerating Lisp code from xarm_msgs/GripperMove.srv[0m
[ 83%] [34m[1mGenerating Javascript code from xarm_msgs/ConfigToolModbus.srv[0m
[ 84%] [34m[1mGenerating Lisp code from xarm_msgs/GetAnalogIO.srv[0m
[ 84%] [34m[1mGenerating Javascript code from xarm_msgs/ClearErr.srv[0m
[ 84%] Built target xarm_msgs_generate_messages_lisp
[ 84%] [34m[1mGenerating C++ code from xarm_msgs/SetLoad.srv[0m
[ 85%] [34m[1mGenerating Javascript code from xarm_msgs/GetDigitalIO.srv[0m
[ 86%] [34m[1mGenerating Javascript code from xarm_msgs/Move.srv[0m
[ 87%] [34m[1mGenerating Javascript code from xarm_msgs/SetFloat32.srv[0m
[ 87%] [34m[1mGenerating Javascript code from xarm_msgs/GetControllerDigitalIO.srv[0m
[ 87%] [34m[1mGenerating Javascript code from xarm_msgs/FtCaliLoad.srv[0m
[ 87%] [34m[1mGenerating Javascript code from xarm_msgs/MoveAxisAngle.srv[0m
[ 87%] [34m[1mGenerating Javascript code from xarm_msgs/GripperConfig.srv[0m
[ 87%] [34m[1mGenerating Javascript code from xarm_msgs/GetErr.srv[0m
[ 87%] [34m[1mGenerating Javascript code from xarm_msgs/SetString.srv[0m
[ 88%] [34m[1mGenerating C++ code from xarm_msgs/MoveVelocity.srv[0m
[ 88%] [34m[1mGenerating C++ code from xarm_msgs/SetControllerAnalogIO.srv[0m
[ 89%] [34m[1mGenerating Javascript code from xarm_msgs/PlayTraj.srv[0m
[ 90%] [34m[1mGenerating Javascript code from xarm_msgs/VacuumGripperCtrl.srv[0m
[ 90%] [34m[1mGenerating Javascript code from xarm_msgs/SetDigitalIO.srv[0m
[ 90%] [34m[1mGenerating Javascript code from xarm_msgs/GripperState.srv[0m
[ 91%] [34m[1mGenerating C++ code from xarm_msgs/GripperMove.srv[0m
[ 91%] [34m[1mGenerating Javascript code from xarm_msgs/SetAxis.srv[0m
[ 92%] [34m[1mGenerating C++ code from xarm_msgs/GetAnalogIO.srv[0m
[ 92%] [34m[1mGenerating Javascript code from xarm_msgs/GetInt32.srv[0m
[ 92%] [34m[1mGenerating Javascript code from xarm_msgs/SetModbusTimeout.srv[0m
[ 93%] [34m[1mGenerating Javascript code from xarm_msgs/SetMultipleInts.srv[0m
[ 94%] [34m[1mGenerating Javascript code from xarm_msgs/GetFloat32List.srv[0m
[ 94%] Built target xarm_msgs_generate_messages_cpp
[ 95%] [34m[1mGenerating Javascript code from xarm_msgs/Call.srv[0m
[ 96%] [34m[1mGenerating Javascript code from xarm_msgs/SetLoad.srv[0m
[ 96%] [34m[1mGenerating Javascript code from xarm_msgs/MoveVelocity.srv[0m
[ 97%] [34m[1mGenerating Javascript code from xarm_msgs/SetControllerAnalogIO.srv[0m
[ 98%] [34m[1mGenerating Javascript code from xarm_msgs/GripperMove.srv[0m
[100%] [34m[1mGenerating Javascript code from xarm_msgs/GetAnalogIO.srv[0m
[100%] Built target xarm_msgs_generate_messages_nodejs
[100%] Built target xarm_msgs_generate_messages
