Linked: (/home/student/Git-projects/robotproject-her-finn/devel/.private/xarm_msgs/include/xarm_msgs/CallResponse.h, /home/student/Git-projects/robotproject-her-finn/devel/include/xarm_msgs/CallResponse.h)
Linked: (/home/student/Git-projects/robotproject-her-finn/devel/.private/xarm_msgs/include/xarm_msgs/SetMultipleIntsResponse.h, /home/student/Git-projects/robotproject-her-finn/devel/include/xarm_msgs/SetMultipleIntsResponse.h)
Linked: (/home/student/Git-projects/robotproject-her-finn/devel/.private/xarm_msgs/include/xarm_msgs/FtIdenLoadRequest.h, /home/student/Git-projects/robotproject-her-finn/devel/include/xarm_msgs/FtIdenLoadRequest.h)
Linked: (/home/student/Git-projects/robotproject-her-finn/devel/.private/xarm_msgs/include/xarm_msgs/RobotMsg.h, /home/student/Git-projects/robotproject-her-finn/devel/include/xarm_msgs/RobotMsg.h)
Linked: (/home/student/Git-projects/robotproject-her-finn/devel/.private/xarm_msgs/include/xarm_msgs/GetControllerDigitalIORequest.h, /home/student/Git-projects/robotproject-her-finn/devel/include/xarm_msgs/GetControllerDigitalIORequest.h)
Linked: (/home/student/Git-projects/robotproject-her-finn/devel/.private/xarm_msgs/include/xarm_msgs/ClearErr.h, /home/student/Git-projects/robotproject-her-finn/devel/include/xarm_msgs/ClearErr.h)
Linked: (/home/student/Git-projects/robotproject-her-finn/devel/.private/xarm_msgs/include/xarm_msgs/SetLoadResponse.h, /home/student/Git-projects/robotproject-her-finn/devel/include/xarm_msgs/SetLoadResponse.h)
Linked: (/home/student/Git-projects/robotproject-her-finn/devel/.private/xarm_msgs/include/xarm_msgs/FtIdenLoad.h, /home/student/Git-projects/robotproject-her-finn/devel/include/xarm_msgs/FtIdenLoad.h)
Linked: (/home/student/Git-projects/robotproject-her-finn/devel/.private/xarm_msgs/include/xarm_msgs/GripperMove.h, /home/student/Git-projects/robotproject-her-finn/devel/include/xarm_msgs/GripperMove.h)
Linked: (/home/student/Git-projects/robotproject-her-finn/devel/.private/xarm_msgs/include/xarm_msgs/PlayTrajRequest.h, /home/student/Git-projects/robotproject-her-finn/devel/include/xarm_msgs/PlayTrajRequest.h)
Linked: (/home/student/Git-projects/robotproject-her-finn/devel/.private/xarm_msgs/include/xarm_msgs/GetAnalogIORequest.h, /home/student/Git-projects/robotproject-her-finn/devel/include/xarm_msgs/GetAnalogIORequest.h)
Linked: (/home/student/Git-projects/robotproject-her-finn/devel/.private/xarm_msgs/include/xarm_msgs/SetDigitalIOResponse.h, /home/student/Git-projects/robotproject-her-finn/devel/include/xarm_msgs/SetDigitalIOResponse.h)
Linked: (/home/student/Git-projects/robotproject-her-finn/devel/.private/xarm_msgs/include/xarm_msgs/GripperConfigRequest.h, /home/student/Git-projects/robotproject-her-finn/devel/include/xarm_msgs/GripperConfigRequest.h)
Linked: (/home/student/Git-projects/robotproject-her-finn/devel/.private/xarm_msgs/include/xarm_msgs/GripperMoveResponse.h, /home/student/Git-projects/robotproject-her-finn/devel/include/xarm_msgs/GripperMoveResponse.h)
Linked: (/home/student/Git-projects/robotproject-her-finn/devel/.private/xarm_msgs/include/xarm_msgs/SetFloat32.h, /home/student/Git-projects/robotproject-her-finn/devel/include/xarm_msgs/SetFloat32.h)
Linked: (/home/student/Git-projects/robotproject-her-finn/devel/.private/xarm_msgs/include/xarm_msgs/Call.h, /home/student/Git-projects/robotproject-her-finn/devel/include/xarm_msgs/Call.h)
Linked: (/home/student/Git-projects/robotproject-her-finn/devel/.private/xarm_msgs/include/xarm_msgs/CallRequest.h, /home/student/Git-projects/robotproject-her-finn/devel/include/xarm_msgs/CallRequest.h)
Linked: (/home/student/Git-projects/robotproject-her-finn/devel/.private/xarm_msgs/include/xarm_msgs/GetFloat32ListRequest.h, /home/student/Git-projects/robotproject-her-finn/devel/include/xarm_msgs/GetFloat32ListRequest.h)
Linked: (/home/student/Git-projects/robotproject-her-finn/devel/.private/xarm_msgs/include/xarm_msgs/SetMultipleIntsRequest.h, /home/student/Git-projects/robotproject-her-finn/devel/include/xarm_msgs/SetMultipleIntsRequest.h)
Linked: (/home/student/Git-projects/robotproject-her-finn/devel/.private/xarm_msgs/include/xarm_msgs/GetControllerDigitalIO.h, /home/student/Git-projects/robotproject-her-finn/devel/include/xarm_msgs/GetControllerDigitalIO.h)
Linked: (/home/student/Git-projects/robotproject-her-finn/devel/.private/xarm_msgs/include/xarm_msgs/SetControllerAnalogIORequest.h, /home/student/Git-projects/robotproject-her-finn/devel/include/xarm_msgs/SetControllerAnalogIORequest.h)
Linked: (/home/student/Git-projects/robotproject-her-finn/devel/.private/xarm_msgs/include/xarm_msgs/MoveAxisAngle.h, /home/student/Git-projects/robotproject-her-finn/devel/include/xarm_msgs/MoveAxisAngle.h)
Linked: (/home/student/Git-projects/robotproject-her-finn/devel/.private/xarm_msgs/include/xarm_msgs/SetDigitalIO.h, /home/student/Git-projects/robotproject-her-finn/devel/include/xarm_msgs/SetDigitalIO.h)
Linked: (/home/student/Git-projects/robotproject-her-finn/devel/.private/xarm_msgs/include/xarm_msgs/MoveVelocity.h, /home/student/Git-projects/robotproject-her-finn/devel/include/xarm_msgs/MoveVelocity.h)
Linked: (/home/student/Git-projects/robotproject-her-finn/devel/.private/xarm_msgs/include/xarm_msgs/ConfigToolModbusResponse.h, /home/student/Git-projects/robotproject-her-finn/devel/include/xarm_msgs/ConfigToolModbusResponse.h)
Linked: (/home/student/Git-projects/robotproject-her-finn/devel/.private/xarm_msgs/include/xarm_msgs/MoveRequest.h, /home/student/Git-projects/robotproject-her-finn/devel/include/xarm_msgs/MoveRequest.h)
Linked: (/home/student/Git-projects/robotproject-her-finn/devel/.private/xarm_msgs/include/xarm_msgs/MoveAxisAngleResponse.h, /home/student/Git-projects/robotproject-her-finn/devel/include/xarm_msgs/MoveAxisAngleResponse.h)
Linked: (/home/student/Git-projects/robotproject-her-finn/devel/.private/xarm_msgs/include/xarm_msgs/SetString.h, /home/student/Git-projects/robotproject-her-finn/devel/include/xarm_msgs/SetString.h)
Linked: (/home/student/Git-projects/robotproject-her-finn/devel/.private/xarm_msgs/include/xarm_msgs/MoveVeloResponse.h, /home/student/Git-projects/robotproject-her-finn/devel/include/xarm_msgs/MoveVeloResponse.h)
Linked: (/home/student/Git-projects/robotproject-her-finn/devel/.private/xarm_msgs/include/xarm_msgs/GripperConfigResponse.h, /home/student/Git-projects/robotproject-her-finn/devel/include/xarm_msgs/GripperConfigResponse.h)
Linked: (/home/student/Git-projects/robotproject-her-finn/devel/.private/xarm_msgs/include/xarm_msgs/GetDigitalIORequest.h, /home/student/Git-projects/robotproject-her-finn/devel/include/xarm_msgs/GetDigitalIORequest.h)
Linked: (/home/student/Git-projects/robotproject-her-finn/devel/.private/xarm_msgs/include/xarm_msgs/SetStringResponse.h, /home/student/Git-projects/robotproject-her-finn/devel/include/xarm_msgs/SetStringResponse.h)
Linked: (/home/student/Git-projects/robotproject-her-finn/devel/.private/xarm_msgs/include/xarm_msgs/SetToolModbusRequest.h, /home/student/Git-projects/robotproject-her-finn/devel/include/xarm_msgs/SetToolModbusRequest.h)
Linked: (/home/student/Git-projects/robotproject-her-finn/devel/.private/xarm_msgs/include/xarm_msgs/VacuumGripperCtrlRequest.h, /home/student/Git-projects/robotproject-her-finn/devel/include/xarm_msgs/VacuumGripperCtrlRequest.h)
Linked: (/home/student/Git-projects/robotproject-her-finn/devel/.private/xarm_msgs/include/xarm_msgs/GetSetModbusDataRequest.h, /home/student/Git-projects/robotproject-her-finn/devel/include/xarm_msgs/GetSetModbusDataRequest.h)
Linked: (/home/student/Git-projects/robotproject-her-finn/devel/.private/xarm_msgs/include/xarm_msgs/MoveVelocityRequest.h, /home/student/Git-projects/robotproject-her-finn/devel/include/xarm_msgs/MoveVelocityRequest.h)
Linked: (/home/student/Git-projects/robotproject-her-finn/devel/.private/xarm_msgs/include/xarm_msgs/SetControllerAnalogIOResponse.h, /home/student/Git-projects/robotproject-her-finn/devel/include/xarm_msgs/SetControllerAnalogIOResponse.h)
Linked: (/home/student/Git-projects/robotproject-her-finn/devel/.private/xarm_msgs/include/xarm_msgs/MoveVelocityResponse.h, /home/student/Git-projects/robotproject-her-finn/devel/include/xarm_msgs/MoveVelocityResponse.h)
Linked: (/home/student/Git-projects/robotproject-her-finn/devel/.private/xarm_msgs/include/xarm_msgs/ConfigToolModbus.h, /home/student/Git-projects/robotproject-her-finn/devel/include/xarm_msgs/ConfigToolModbus.h)
Linked: (/home/student/Git-projects/robotproject-her-finn/devel/.private/xarm_msgs/include/xarm_msgs/GetDigitalIOResponse.h, /home/student/Git-projects/robotproject-her-finn/devel/include/xarm_msgs/GetDigitalIOResponse.h)
Linked: (/home/student/Git-projects/robotproject-her-finn/devel/.private/xarm_msgs/include/xarm_msgs/GripperStateRequest.h, /home/student/Git-projects/robotproject-her-finn/devel/include/xarm_msgs/GripperStateRequest.h)
Linked: (/home/student/Git-projects/robotproject-her-finn/devel/.private/xarm_msgs/include/xarm_msgs/VacuumGripperCtrl.h, /home/student/Git-projects/robotproject-her-finn/devel/include/xarm_msgs/VacuumGripperCtrl.h)
Linked: (/home/student/Git-projects/robotproject-her-finn/devel/.private/xarm_msgs/include/xarm_msgs/SetModbusTimeoutRequest.h, /home/student/Git-projects/robotproject-her-finn/devel/include/xarm_msgs/SetModbusTimeoutRequest.h)
Linked: (/home/student/Git-projects/robotproject-her-finn/devel/.private/xarm_msgs/include/xarm_msgs/MoveResponse.h, /home/student/Git-projects/robotproject-her-finn/devel/include/xarm_msgs/MoveResponse.h)
Linked: (/home/student/Git-projects/robotproject-her-finn/devel/.private/xarm_msgs/include/xarm_msgs/GetAnalogIO.h, /home/student/Git-projects/robotproject-her-finn/devel/include/xarm_msgs/GetAnalogIO.h)
Linked: (/home/student/Git-projects/robotproject-her-finn/devel/.private/xarm_msgs/include/xarm_msgs/SetToolModbusResponse.h, /home/student/Git-projects/robotproject-her-finn/devel/include/xarm_msgs/SetToolModbusResponse.h)
Linked: (/home/student/Git-projects/robotproject-her-finn/devel/.private/xarm_msgs/include/xarm_msgs/GetErr.h, /home/student/Git-projects/robotproject-her-finn/devel/include/xarm_msgs/GetErr.h)
Linked: (/home/student/Git-projects/robotproject-her-finn/devel/.private/xarm_msgs/include/xarm_msgs/VacuumGripperCtrlResponse.h, /home/student/Git-projects/robotproject-her-finn/devel/include/xarm_msgs/VacuumGripperCtrlResponse.h)
Linked: (/home/student/Git-projects/robotproject-her-finn/devel/.private/xarm_msgs/include/xarm_msgs/SetFloat32Request.h, /home/student/Git-projects/robotproject-her-finn/devel/include/xarm_msgs/SetFloat32Request.h)
Linked: (/home/student/Git-projects/robotproject-her-finn/devel/.private/xarm_msgs/include/xarm_msgs/GetErrResponse.h, /home/student/Git-projects/robotproject-her-finn/devel/include/xarm_msgs/GetErrResponse.h)
Linked: (/home/student/Git-projects/robotproject-her-finn/devel/.private/xarm_msgs/include/xarm_msgs/SetModbusTimeoutResponse.h, /home/student/Git-projects/robotproject-her-finn/devel/include/xarm_msgs/SetModbusTimeoutResponse.h)
Linked: (/home/student/Git-projects/robotproject-her-finn/devel/.private/xarm_msgs/include/xarm_msgs/GetInt32.h, /home/student/Git-projects/robotproject-her-finn/devel/include/xarm_msgs/GetInt32.h)
Linked: (/home/student/Git-projects/robotproject-her-finn/devel/.private/xarm_msgs/include/xarm_msgs/SetInt16.h, /home/student/Git-projects/robotproject-her-finn/devel/include/xarm_msgs/SetInt16.h)
Linked: (/home/student/Git-projects/robotproject-her-finn/devel/.private/xarm_msgs/include/xarm_msgs/VeloMoveMsg.h, /home/student/Git-projects/robotproject-her-finn/devel/include/xarm_msgs/VeloMoveMsg.h)
Linked: (/home/student/Git-projects/robotproject-her-finn/devel/.private/xarm_msgs/include/xarm_msgs/GetFloat32ListResponse.h, /home/student/Git-projects/robotproject-her-finn/devel/include/xarm_msgs/GetFloat32ListResponse.h)
Linked: (/home/student/Git-projects/robotproject-her-finn/devel/.private/xarm_msgs/include/xarm_msgs/SetStringRequest.h, /home/student/Git-projects/robotproject-her-finn/devel/include/xarm_msgs/SetStringRequest.h)
Linked: (/home/student/Git-projects/robotproject-her-finn/devel/.private/xarm_msgs/include/xarm_msgs/PlayTrajResponse.h, /home/student/Git-projects/robotproject-her-finn/devel/include/xarm_msgs/PlayTrajResponse.h)
Linked: (/home/student/Git-projects/robotproject-her-finn/devel/.private/xarm_msgs/include/xarm_msgs/SetToolModbus.h, /home/student/Git-projects/robotproject-her-finn/devel/include/xarm_msgs/SetToolModbus.h)
Linked: (/home/student/Git-projects/robotproject-her-finn/devel/.private/xarm_msgs/include/xarm_msgs/Move.h, /home/student/Git-projects/robotproject-her-finn/devel/include/xarm_msgs/Move.h)
Linked: (/home/student/Git-projects/robotproject-her-finn/devel/.private/xarm_msgs/include/xarm_msgs/SetFloat32Response.h, /home/student/Git-projects/robotproject-her-finn/devel/include/xarm_msgs/SetFloat32Response.h)
Linked: (/home/student/Git-projects/robotproject-her-finn/devel/.private/xarm_msgs/include/xarm_msgs/GripperState.h, /home/student/Git-projects/robotproject-her-finn/devel/include/xarm_msgs/GripperState.h)
Linked: (/home/student/Git-projects/robotproject-her-finn/devel/.private/xarm_msgs/include/xarm_msgs/SetAxisResponse.h, /home/student/Git-projects/robotproject-her-finn/devel/include/xarm_msgs/SetAxisResponse.h)
Linked: (/home/student/Git-projects/robotproject-her-finn/devel/.private/xarm_msgs/include/xarm_msgs/CIOState.h, /home/student/Git-projects/robotproject-her-finn/devel/include/xarm_msgs/CIOState.h)
Linked: (/home/student/Git-projects/robotproject-her-finn/devel/.private/xarm_msgs/include/xarm_msgs/MoveVeloRequest.h, /home/student/Git-projects/robotproject-her-finn/devel/include/xarm_msgs/MoveVeloRequest.h)
Linked: (/home/student/Git-projects/robotproject-her-finn/devel/.private/xarm_msgs/include/xarm_msgs/TCPOffsetRequest.h, /home/student/Git-projects/robotproject-her-finn/devel/include/xarm_msgs/TCPOffsetRequest.h)
Linked: (/home/student/Git-projects/robotproject-her-finn/devel/.private/xarm_msgs/include/xarm_msgs/GripperMoveRequest.h, /home/student/Git-projects/robotproject-her-finn/devel/include/xarm_msgs/GripperMoveRequest.h)
Linked: (/home/student/Git-projects/robotproject-her-finn/devel/.private/xarm_msgs/include/xarm_msgs/TCPOffsetResponse.h, /home/student/Git-projects/robotproject-her-finn/devel/include/xarm_msgs/TCPOffsetResponse.h)
Linked: (/home/student/Git-projects/robotproject-her-finn/devel/.private/xarm_msgs/include/xarm_msgs/GripperConfig.h, /home/student/Git-projects/robotproject-her-finn/devel/include/xarm_msgs/GripperConfig.h)
Linked: (/home/student/Git-projects/robotproject-her-finn/devel/.private/xarm_msgs/include/xarm_msgs/FtCaliLoadRequest.h, /home/student/Git-projects/robotproject-her-finn/devel/include/xarm_msgs/FtCaliLoadRequest.h)
Linked: (/home/student/Git-projects/robotproject-her-finn/devel/.private/xarm_msgs/include/xarm_msgs/GetSetModbusDataResponse.h, /home/student/Git-projects/robotproject-her-finn/devel/include/xarm_msgs/GetSetModbusDataResponse.h)
Linked: (/home/student/Git-projects/robotproject-her-finn/devel/.private/xarm_msgs/include/xarm_msgs/IOState.h, /home/student/Git-projects/robotproject-her-finn/devel/include/xarm_msgs/IOState.h)
Linked: (/home/student/Git-projects/robotproject-her-finn/devel/.private/xarm_msgs/include/xarm_msgs/TCPOffset.h, /home/student/Git-projects/robotproject-her-finn/devel/include/xarm_msgs/TCPOffset.h)
Linked: (/home/student/Git-projects/robotproject-her-finn/devel/.private/xarm_msgs/include/xarm_msgs/SetInt16Request.h, /home/student/Git-projects/robotproject-her-finn/devel/include/xarm_msgs/SetInt16Request.h)
Linked: (/home/student/Git-projects/robotproject-her-finn/devel/.private/xarm_msgs/include/xarm_msgs/ConfigToolModbusRequest.h, /home/student/Git-projects/robotproject-her-finn/devel/include/xarm_msgs/ConfigToolModbusRequest.h)
Linked: (/home/student/Git-projects/robotproject-her-finn/devel/.private/xarm_msgs/include/xarm_msgs/ClearErrResponse.h, /home/student/Git-projects/robotproject-her-finn/devel/include/xarm_msgs/ClearErrResponse.h)
Linked: (/home/student/Git-projects/robotproject-her-finn/devel/.private/xarm_msgs/include/xarm_msgs/SetInt16Response.h, /home/student/Git-projects/robotproject-her-finn/devel/include/xarm_msgs/SetInt16Response.h)
Linked: (/home/student/Git-projects/robotproject-her-finn/devel/.private/xarm_msgs/include/xarm_msgs/GetInt32Response.h, /home/student/Git-projects/robotproject-her-finn/devel/include/xarm_msgs/GetInt32Response.h)
Linked: (/home/student/Git-projects/robotproject-her-finn/devel/.private/xarm_msgs/include/xarm_msgs/GetDigitalIO.h, /home/student/Git-projects/robotproject-her-finn/devel/include/xarm_msgs/GetDigitalIO.h)
Linked: (/home/student/Git-projects/robotproject-her-finn/devel/.private/xarm_msgs/include/xarm_msgs/SetLoadRequest.h, /home/student/Git-projects/robotproject-her-finn/devel/include/xarm_msgs/SetLoadRequest.h)
Linked: (/home/student/Git-projects/robotproject-her-finn/devel/.private/xarm_msgs/include/xarm_msgs/GripperStateResponse.h, /home/student/Git-projects/robotproject-her-finn/devel/include/xarm_msgs/GripperStateResponse.h)
Linked: (/home/student/Git-projects/robotproject-her-finn/devel/.private/xarm_msgs/include/xarm_msgs/FtCaliLoad.h, /home/student/Git-projects/robotproject-her-finn/devel/include/xarm_msgs/FtCaliLoad.h)
Linked: (/home/student/Git-projects/robotproject-her-finn/devel/.private/xarm_msgs/include/xarm_msgs/SetLoad.h, /home/student/Git-projects/robotproject-her-finn/devel/include/xarm_msgs/SetLoad.h)
Linked: (/home/student/Git-projects/robotproject-her-finn/devel/.private/xarm_msgs/include/xarm_msgs/GetSetModbusData.h, /home/student/Git-projects/robotproject-her-finn/devel/include/xarm_msgs/GetSetModbusData.h)
Linked: (/home/student/Git-projects/robotproject-her-finn/devel/.private/xarm_msgs/include/xarm_msgs/GetAnalogIOResponse.h, /home/student/Git-projects/robotproject-her-finn/devel/include/xarm_msgs/GetAnalogIOResponse.h)
Linked: (/home/student/Git-projects/robotproject-her-finn/devel/.private/xarm_msgs/include/xarm_msgs/SetDigitalIORequest.h, /home/student/Git-projects/robotproject-her-finn/devel/include/xarm_msgs/SetDigitalIORequest.h)
Linked: (/home/student/Git-projects/robotproject-her-finn/devel/.private/xarm_msgs/include/xarm_msgs/MoveAxisAngleRequest.h, /home/student/Git-projects/robotproject-her-finn/devel/include/xarm_msgs/MoveAxisAngleRequest.h)
Linked: (/home/student/Git-projects/robotproject-her-finn/devel/.private/xarm_msgs/include/xarm_msgs/SetAxisRequest.h, /home/student/Git-projects/robotproject-her-finn/devel/include/xarm_msgs/SetAxisRequest.h)
Linked: (/home/student/Git-projects/robotproject-her-finn/devel/.private/xarm_msgs/include/xarm_msgs/SetMultipleInts.h, /home/student/Git-projects/robotproject-her-finn/devel/include/xarm_msgs/SetMultipleInts.h)
Linked: (/home/student/Git-projects/robotproject-her-finn/devel/.private/xarm_msgs/include/xarm_msgs/GetInt32Request.h, /home/student/Git-projects/robotproject-her-finn/devel/include/xarm_msgs/GetInt32Request.h)
Linked: (/home/student/Git-projects/robotproject-her-finn/devel/.private/xarm_msgs/include/xarm_msgs/MoveVelo.h, /home/student/Git-projects/robotproject-her-finn/devel/include/xarm_msgs/MoveVelo.h)
Linked: (/home/student/Git-projects/robotproject-her-finn/devel/.private/xarm_msgs/include/xarm_msgs/FtIdenLoadResponse.h, /home/student/Git-projects/robotproject-her-finn/devel/include/xarm_msgs/FtIdenLoadResponse.h)
Linked: (/home/student/Git-projects/robotproject-her-finn/devel/.private/xarm_msgs/include/xarm_msgs/ClearErrRequest.h, /home/student/Git-projects/robotproject-her-finn/devel/include/xarm_msgs/ClearErrRequest.h)
Linked: (/home/student/Git-projects/robotproject-her-finn/devel/.private/xarm_msgs/include/xarm_msgs/GetErrRequest.h, /home/student/Git-projects/robotproject-her-finn/devel/include/xarm_msgs/GetErrRequest.h)
Linked: (/home/student/Git-projects/robotproject-her-finn/devel/.private/xarm_msgs/include/xarm_msgs/SetAxis.h, /home/student/Git-projects/robotproject-her-finn/devel/include/xarm_msgs/SetAxis.h)
Linked: (/home/student/Git-projects/robotproject-her-finn/devel/.private/xarm_msgs/include/xarm_msgs/SetControllerAnalogIO.h, /home/student/Git-projects/robotproject-her-finn/devel/include/xarm_msgs/SetControllerAnalogIO.h)
Linked: (/home/student/Git-projects/robotproject-her-finn/devel/.private/xarm_msgs/include/xarm_msgs/SetModbusTimeout.h, /home/student/Git-projects/robotproject-her-finn/devel/include/xarm_msgs/SetModbusTimeout.h)
Linked: (/home/student/Git-projects/robotproject-her-finn/devel/.private/xarm_msgs/include/xarm_msgs/FtCaliLoadResponse.h, /home/student/Git-projects/robotproject-her-finn/devel/include/xarm_msgs/FtCaliLoadResponse.h)
Linked: (/home/student/Git-projects/robotproject-her-finn/devel/.private/xarm_msgs/include/xarm_msgs/GetFloat32List.h, /home/student/Git-projects/robotproject-her-finn/devel/include/xarm_msgs/GetFloat32List.h)
Linked: (/home/student/Git-projects/robotproject-her-finn/devel/.private/xarm_msgs/include/xarm_msgs/PlayTraj.h, /home/student/Git-projects/robotproject-her-finn/devel/include/xarm_msgs/PlayTraj.h)
Linked: (/home/student/Git-projects/robotproject-her-finn/devel/.private/xarm_msgs/include/xarm_msgs/GetControllerDigitalIOResponse.h, /home/student/Git-projects/robotproject-her-finn/devel/include/xarm_msgs/GetControllerDigitalIOResponse.h)
Linked: (/home/student/Git-projects/robotproject-her-finn/devel/.private/xarm_msgs/lib/python2.7/dist-packages/xarm_msgs/__init__.py, /home/student/Git-projects/robotproject-her-finn/devel/lib/python2.7/dist-packages/xarm_msgs/__init__.py)
Linked: (/home/student/Git-projects/robotproject-her-finn/devel/.private/xarm_msgs/lib/python2.7/dist-packages/xarm_msgs/msg/_VeloMoveMsg.py, /home/student/Git-projects/robotproject-her-finn/devel/lib/python2.7/dist-packages/xarm_msgs/msg/_VeloMoveMsg.py)
Linked: (/home/student/Git-projects/robotproject-her-finn/devel/.private/xarm_msgs/lib/python2.7/dist-packages/xarm_msgs/msg/__init__.py, /home/student/Git-projects/robotproject-her-finn/devel/lib/python2.7/dist-packages/xarm_msgs/msg/__init__.py)
Linked: (/home/student/Git-projects/robotproject-her-finn/devel/.private/xarm_msgs/lib/python2.7/dist-packages/xarm_msgs/msg/_CIOState.py, /home/student/Git-projects/robotproject-her-finn/devel/lib/python2.7/dist-packages/xarm_msgs/msg/_CIOState.py)
Linked: (/home/student/Git-projects/robotproject-her-finn/devel/.private/xarm_msgs/lib/python2.7/dist-packages/xarm_msgs/msg/_IOState.py, /home/student/Git-projects/robotproject-her-finn/devel/lib/python2.7/dist-packages/xarm_msgs/msg/_IOState.py)
Linked: (/home/student/Git-projects/robotproject-her-finn/devel/.private/xarm_msgs/lib/python2.7/dist-packages/xarm_msgs/msg/_RobotMsg.py, /home/student/Git-projects/robotproject-her-finn/devel/lib/python2.7/dist-packages/xarm_msgs/msg/_RobotMsg.py)
Linked: (/home/student/Git-projects/robotproject-her-finn/devel/.private/xarm_msgs/lib/python2.7/dist-packages/xarm_msgs/srv/_ConfigToolModbus.py, /home/student/Git-projects/robotproject-her-finn/devel/lib/python2.7/dist-packages/xarm_msgs/srv/_ConfigToolModbus.py)
Linked: (/home/student/Git-projects/robotproject-her-finn/devel/.private/xarm_msgs/lib/python2.7/dist-packages/xarm_msgs/srv/_GripperMove.py, /home/student/Git-projects/robotproject-her-finn/devel/lib/python2.7/dist-packages/xarm_msgs/srv/_GripperMove.py)
Linked: (/home/student/Git-projects/robotproject-her-finn/devel/.private/xarm_msgs/lib/python2.7/dist-packages/xarm_msgs/srv/_SetInt16.py, /home/student/Git-projects/robotproject-her-finn/devel/lib/python2.7/dist-packages/xarm_msgs/srv/_SetInt16.py)
Linked: (/home/student/Git-projects/robotproject-her-finn/devel/.private/xarm_msgs/lib/python2.7/dist-packages/xarm_msgs/srv/_PlayTraj.py, /home/student/Git-projects/robotproject-her-finn/devel/lib/python2.7/dist-packages/xarm_msgs/srv/_PlayTraj.py)
Linked: (/home/student/Git-projects/robotproject-her-finn/devel/.private/xarm_msgs/lib/python2.7/dist-packages/xarm_msgs/srv/_GripperConfig.py, /home/student/Git-projects/robotproject-her-finn/devel/lib/python2.7/dist-packages/xarm_msgs/srv/_GripperConfig.py)
Linked: (/home/student/Git-projects/robotproject-her-finn/devel/.private/xarm_msgs/lib/python2.7/dist-packages/xarm_msgs/srv/_GripperState.py, /home/student/Git-projects/robotproject-her-finn/devel/lib/python2.7/dist-packages/xarm_msgs/srv/_GripperState.py)
Linked: (/home/student/Git-projects/robotproject-her-finn/devel/.private/xarm_msgs/lib/python2.7/dist-packages/xarm_msgs/srv/_GetSetModbusData.py, /home/student/Git-projects/robotproject-her-finn/devel/lib/python2.7/dist-packages/xarm_msgs/srv/_GetSetModbusData.py)
Linked: (/home/student/Git-projects/robotproject-her-finn/devel/.private/xarm_msgs/lib/python2.7/dist-packages/xarm_msgs/srv/_SetModbusTimeout.py, /home/student/Git-projects/robotproject-her-finn/devel/lib/python2.7/dist-packages/xarm_msgs/srv/_SetModbusTimeout.py)
Linked: (/home/student/Git-projects/robotproject-her-finn/devel/.private/xarm_msgs/lib/python2.7/dist-packages/xarm_msgs/srv/_VacuumGripperCtrl.py, /home/student/Git-projects/robotproject-her-finn/devel/lib/python2.7/dist-packages/xarm_msgs/srv/_VacuumGripperCtrl.py)
Linked: (/home/student/Git-projects/robotproject-her-finn/devel/.private/xarm_msgs/lib/python2.7/dist-packages/xarm_msgs/srv/_GetControllerDigitalIO.py, /home/student/Git-projects/robotproject-her-finn/devel/lib/python2.7/dist-packages/xarm_msgs/srv/_GetControllerDigitalIO.py)
Linked: (/home/student/Git-projects/robotproject-her-finn/devel/.private/xarm_msgs/lib/python2.7/dist-packages/xarm_msgs/srv/_FtCaliLoad.py, /home/student/Git-projects/robotproject-her-finn/devel/lib/python2.7/dist-packages/xarm_msgs/srv/_FtCaliLoad.py)
Linked: (/home/student/Git-projects/robotproject-her-finn/devel/.private/xarm_msgs/lib/python2.7/dist-packages/xarm_msgs/srv/_SetDigitalIO.py, /home/student/Git-projects/robotproject-her-finn/devel/lib/python2.7/dist-packages/xarm_msgs/srv/_SetDigitalIO.py)
Linked: (/home/student/Git-projects/robotproject-her-finn/devel/.private/xarm_msgs/lib/python2.7/dist-packages/xarm_msgs/srv/_GetFloat32List.py, /home/student/Git-projects/robotproject-her-finn/devel/lib/python2.7/dist-packages/xarm_msgs/srv/_GetFloat32List.py)
Linked: (/home/student/Git-projects/robotproject-her-finn/devel/.private/xarm_msgs/lib/python2.7/dist-packages/xarm_msgs/srv/_SetToolModbus.py, /home/student/Git-projects/robotproject-her-finn/devel/lib/python2.7/dist-packages/xarm_msgs/srv/_SetToolModbus.py)
Linked: (/home/student/Git-projects/robotproject-her-finn/devel/.private/xarm_msgs/lib/python2.7/dist-packages/xarm_msgs/srv/_GetInt32.py, /home/student/Git-projects/robotproject-her-finn/devel/lib/python2.7/dist-packages/xarm_msgs/srv/_GetInt32.py)
Linked: (/home/student/Git-projects/robotproject-her-finn/devel/.private/xarm_msgs/lib/python2.7/dist-packages/xarm_msgs/srv/__init__.py, /home/student/Git-projects/robotproject-her-finn/devel/lib/python2.7/dist-packages/xarm_msgs/srv/__init__.py)
Linked: (/home/student/Git-projects/robotproject-her-finn/devel/.private/xarm_msgs/lib/python2.7/dist-packages/xarm_msgs/srv/_SetLoad.py, /home/student/Git-projects/robotproject-her-finn/devel/lib/python2.7/dist-packages/xarm_msgs/srv/_SetLoad.py)
Linked: (/home/student/Git-projects/robotproject-her-finn/devel/.private/xarm_msgs/lib/python2.7/dist-packages/xarm_msgs/srv/_Call.py, /home/student/Git-projects/robotproject-her-finn/devel/lib/python2.7/dist-packages/xarm_msgs/srv/_Call.py)
Linked: (/home/student/Git-projects/robotproject-her-finn/devel/.private/xarm_msgs/lib/python2.7/dist-packages/xarm_msgs/srv/_TCPOffset.py, /home/student/Git-projects/robotproject-her-finn/devel/lib/python2.7/dist-packages/xarm_msgs/srv/_TCPOffset.py)
Linked: (/home/student/Git-projects/robotproject-her-finn/devel/.private/xarm_msgs/lib/python2.7/dist-packages/xarm_msgs/srv/_FtIdenLoad.py, /home/student/Git-projects/robotproject-her-finn/devel/lib/python2.7/dist-packages/xarm_msgs/srv/_FtIdenLoad.py)
Linked: (/home/student/Git-projects/robotproject-her-finn/devel/.private/xarm_msgs/lib/python2.7/dist-packages/xarm_msgs/srv/_SetMultipleInts.py, /home/student/Git-projects/robotproject-her-finn/devel/lib/python2.7/dist-packages/xarm_msgs/srv/_SetMultipleInts.py)
Linked: (/home/student/Git-projects/robotproject-her-finn/devel/.private/xarm_msgs/lib/python2.7/dist-packages/xarm_msgs/srv/_ClearErr.py, /home/student/Git-projects/robotproject-her-finn/devel/lib/python2.7/dist-packages/xarm_msgs/srv/_ClearErr.py)
Linked: (/home/student/Git-projects/robotproject-her-finn/devel/.private/xarm_msgs/lib/python2.7/dist-packages/xarm_msgs/srv/_MoveVelocity.py, /home/student/Git-projects/robotproject-her-finn/devel/lib/python2.7/dist-packages/xarm_msgs/srv/_MoveVelocity.py)
Linked: (/home/student/Git-projects/robotproject-her-finn/devel/.private/xarm_msgs/lib/python2.7/dist-packages/xarm_msgs/srv/_SetAxis.py, /home/student/Git-projects/robotproject-her-finn/devel/lib/python2.7/dist-packages/xarm_msgs/srv/_SetAxis.py)
Linked: (/home/student/Git-projects/robotproject-her-finn/devel/.private/xarm_msgs/lib/python2.7/dist-packages/xarm_msgs/srv/_SetFloat32.py, /home/student/Git-projects/robotproject-her-finn/devel/lib/python2.7/dist-packages/xarm_msgs/srv/_SetFloat32.py)
Linked: (/home/student/Git-projects/robotproject-her-finn/devel/.private/xarm_msgs/lib/python2.7/dist-packages/xarm_msgs/srv/_GetErr.py, /home/student/Git-projects/robotproject-her-finn/devel/lib/python2.7/dist-packages/xarm_msgs/srv/_GetErr.py)
Linked: (/home/student/Git-projects/robotproject-her-finn/devel/.private/xarm_msgs/lib/python2.7/dist-packages/xarm_msgs/srv/_MoveVelo.py, /home/student/Git-projects/robotproject-her-finn/devel/lib/python2.7/dist-packages/xarm_msgs/srv/_MoveVelo.py)
Linked: (/home/student/Git-projects/robotproject-her-finn/devel/.private/xarm_msgs/lib/python2.7/dist-packages/xarm_msgs/srv/_MoveAxisAngle.py, /home/student/Git-projects/robotproject-her-finn/devel/lib/python2.7/dist-packages/xarm_msgs/srv/_MoveAxisAngle.py)
Linked: (/home/student/Git-projects/robotproject-her-finn/devel/.private/xarm_msgs/lib/python2.7/dist-packages/xarm_msgs/srv/_Move.py, /home/student/Git-projects/robotproject-her-finn/devel/lib/python2.7/dist-packages/xarm_msgs/srv/_Move.py)
Linked: (/home/student/Git-projects/robotproject-her-finn/devel/.private/xarm_msgs/lib/python2.7/dist-packages/xarm_msgs/srv/_GetAnalogIO.py, /home/student/Git-projects/robotproject-her-finn/devel/lib/python2.7/dist-packages/xarm_msgs/srv/_GetAnalogIO.py)
Linked: (/home/student/Git-projects/robotproject-her-finn/devel/.private/xarm_msgs/lib/python2.7/dist-packages/xarm_msgs/srv/_GetDigitalIO.py, /home/student/Git-projects/robotproject-her-finn/devel/lib/python2.7/dist-packages/xarm_msgs/srv/_GetDigitalIO.py)
Linked: (/home/student/Git-projects/robotproject-her-finn/devel/.private/xarm_msgs/lib/python2.7/dist-packages/xarm_msgs/srv/_SetString.py, /home/student/Git-projects/robotproject-her-finn/devel/lib/python2.7/dist-packages/xarm_msgs/srv/_SetString.py)
Linked: (/home/student/Git-projects/robotproject-her-finn/devel/.private/xarm_msgs/lib/python2.7/dist-packages/xarm_msgs/srv/_SetControllerAnalogIO.py, /home/student/Git-projects/robotproject-her-finn/devel/lib/python2.7/dist-packages/xarm_msgs/srv/_SetControllerAnalogIO.py)
Linked: (/home/student/Git-projects/robotproject-her-finn/devel/.private/xarm_msgs/lib/pkgconfig/xarm_msgs.pc, /home/student/Git-projects/robotproject-her-finn/devel/lib/pkgconfig/xarm_msgs.pc)
Linked: (/home/student/Git-projects/robotproject-her-finn/devel/.private/xarm_msgs/share/gennodejs/ros/xarm_msgs/_index.js, /home/student/Git-projects/robotproject-her-finn/devel/share/gennodejs/ros/xarm_msgs/_index.js)
Linked: (/home/student/Git-projects/robotproject-her-finn/devel/.private/xarm_msgs/share/gennodejs/ros/xarm_msgs/msg/RobotMsg.js, /home/student/Git-projects/robotproject-her-finn/devel/share/gennodejs/ros/xarm_msgs/msg/RobotMsg.js)
Linked: (/home/student/Git-projects/robotproject-her-finn/devel/.private/xarm_msgs/share/gennodejs/ros/xarm_msgs/msg/CIOState.js, /home/student/Git-projects/robotproject-her-finn/devel/share/gennodejs/ros/xarm_msgs/msg/CIOState.js)
Linked: (/home/student/Git-projects/robotproject-her-finn/devel/.private/xarm_msgs/share/gennodejs/ros/xarm_msgs/msg/_index.js, /home/student/Git-projects/robotproject-her-finn/devel/share/gennodejs/ros/xarm_msgs/msg/_index.js)
Linked: (/home/student/Git-projects/robotproject-her-finn/devel/.private/xarm_msgs/share/gennodejs/ros/xarm_msgs/msg/VeloMoveMsg.js, /home/student/Git-projects/robotproject-her-finn/devel/share/gennodejs/ros/xarm_msgs/msg/VeloMoveMsg.js)
Linked: (/home/student/Git-projects/robotproject-her-finn/devel/.private/xarm_msgs/share/gennodejs/ros/xarm_msgs/msg/IOState.js, /home/student/Git-projects/robotproject-her-finn/devel/share/gennodejs/ros/xarm_msgs/msg/IOState.js)
Linked: (/home/student/Git-projects/robotproject-her-finn/devel/.private/xarm_msgs/share/gennodejs/ros/xarm_msgs/srv/GripperMove.js, /home/student/Git-projects/robotproject-her-finn/devel/share/gennodejs/ros/xarm_msgs/srv/GripperMove.js)
Linked: (/home/student/Git-projects/robotproject-her-finn/devel/.private/xarm_msgs/share/gennodejs/ros/xarm_msgs/srv/ClearErr.js, /home/student/Git-projects/robotproject-her-finn/devel/share/gennodejs/ros/xarm_msgs/srv/ClearErr.js)
Linked: (/home/student/Git-projects/robotproject-her-finn/devel/.private/xarm_msgs/share/gennodejs/ros/xarm_msgs/srv/GetControllerDigitalIO.js, /home/student/Git-projects/robotproject-her-finn/devel/share/gennodejs/ros/xarm_msgs/srv/GetControllerDigitalIO.js)
Linked: (/home/student/Git-projects/robotproject-her-finn/devel/.private/xarm_msgs/share/gennodejs/ros/xarm_msgs/srv/GetFloat32List.js, /home/student/Git-projects/robotproject-her-finn/devel/share/gennodejs/ros/xarm_msgs/srv/GetFloat32List.js)
Linked: (/home/student/Git-projects/robotproject-her-finn/devel/.private/xarm_msgs/share/gennodejs/ros/xarm_msgs/srv/Call.js, /home/student/Git-projects/robotproject-her-finn/devel/share/gennodejs/ros/xarm_msgs/srv/Call.js)
Linked: (/home/student/Git-projects/robotproject-her-finn/devel/.private/xarm_msgs/share/gennodejs/ros/xarm_msgs/srv/FtIdenLoad.js, /home/student/Git-projects/robotproject-her-finn/devel/share/gennodejs/ros/xarm_msgs/srv/FtIdenLoad.js)
Linked: (/home/student/Git-projects/robotproject-her-finn/devel/.private/xarm_msgs/share/gennodejs/ros/xarm_msgs/srv/SetMultipleInts.js, /home/student/Git-projects/robotproject-her-finn/devel/share/gennodejs/ros/xarm_msgs/srv/SetMultipleInts.js)
Linked: (/home/student/Git-projects/robotproject-her-finn/devel/.private/xarm_msgs/share/gennodejs/ros/xarm_msgs/srv/Move.js, /home/student/Git-projects/robotproject-her-finn/devel/share/gennodejs/ros/xarm_msgs/srv/Move.js)
Linked: (/home/student/Git-projects/robotproject-her-finn/devel/.private/xarm_msgs/share/gennodejs/ros/xarm_msgs/srv/TCPOffset.js, /home/student/Git-projects/robotproject-her-finn/devel/share/gennodejs/ros/xarm_msgs/srv/TCPOffset.js)
Linked: (/home/student/Git-projects/robotproject-her-finn/devel/.private/xarm_msgs/share/gennodejs/ros/xarm_msgs/srv/GetAnalogIO.js, /home/student/Git-projects/robotproject-her-finn/devel/share/gennodejs/ros/xarm_msgs/srv/GetAnalogIO.js)
Linked: (/home/student/Git-projects/robotproject-her-finn/devel/.private/xarm_msgs/share/gennodejs/ros/xarm_msgs/srv/SetControllerAnalogIO.js, /home/student/Git-projects/robotproject-her-finn/devel/share/gennodejs/ros/xarm_msgs/srv/SetControllerAnalogIO.js)
Linked: (/home/student/Git-projects/robotproject-her-finn/devel/.private/xarm_msgs/share/gennodejs/ros/xarm_msgs/srv/GetInt32.js, /home/student/Git-projects/robotproject-her-finn/devel/share/gennodejs/ros/xarm_msgs/srv/GetInt32.js)
Linked: (/home/student/Git-projects/robotproject-her-finn/devel/.private/xarm_msgs/share/gennodejs/ros/xarm_msgs/srv/MoveVelocity.js, /home/student/Git-projects/robotproject-her-finn/devel/share/gennodejs/ros/xarm_msgs/srv/MoveVelocity.js)
Linked: (/home/student/Git-projects/robotproject-her-finn/devel/.private/xarm_msgs/share/gennodejs/ros/xarm_msgs/srv/MoveAxisAngle.js, /home/student/Git-projects/robotproject-her-finn/devel/share/gennodejs/ros/xarm_msgs/srv/MoveAxisAngle.js)
Linked: (/home/student/Git-projects/robotproject-her-finn/devel/.private/xarm_msgs/share/gennodejs/ros/xarm_msgs/srv/GetSetModbusData.js, /home/student/Git-projects/robotproject-her-finn/devel/share/gennodejs/ros/xarm_msgs/srv/GetSetModbusData.js)
Linked: (/home/student/Git-projects/robotproject-her-finn/devel/.private/xarm_msgs/share/gennodejs/ros/xarm_msgs/srv/SetModbusTimeout.js, /home/student/Git-projects/robotproject-her-finn/devel/share/gennodejs/ros/xarm_msgs/srv/SetModbusTimeout.js)
Linked: (/home/student/Git-projects/robotproject-her-finn/devel/.private/xarm_msgs/share/gennodejs/ros/xarm_msgs/srv/SetDigitalIO.js, /home/student/Git-projects/robotproject-her-finn/devel/share/gennodejs/ros/xarm_msgs/srv/SetDigitalIO.js)
Linked: (/home/student/Git-projects/robotproject-her-finn/devel/.private/xarm_msgs/share/gennodejs/ros/xarm_msgs/srv/VacuumGripperCtrl.js, /home/student/Git-projects/robotproject-her-finn/devel/share/gennodejs/ros/xarm_msgs/srv/VacuumGripperCtrl.js)
Linked: (/home/student/Git-projects/robotproject-her-finn/devel/.private/xarm_msgs/share/gennodejs/ros/xarm_msgs/srv/ConfigToolModbus.js, /home/student/Git-projects/robotproject-her-finn/devel/share/gennodejs/ros/xarm_msgs/srv/ConfigToolModbus.js)
Linked: (/home/student/Git-projects/robotproject-her-finn/devel/.private/xarm_msgs/share/gennodejs/ros/xarm_msgs/srv/SetToolModbus.js, /home/student/Git-projects/robotproject-her-finn/devel/share/gennodejs/ros/xarm_msgs/srv/SetToolModbus.js)
Linked: (/home/student/Git-projects/robotproject-her-finn/devel/.private/xarm_msgs/share/gennodejs/ros/xarm_msgs/srv/SetLoad.js, /home/student/Git-projects/robotproject-her-finn/devel/share/gennodejs/ros/xarm_msgs/srv/SetLoad.js)
Linked: (/home/student/Git-projects/robotproject-her-finn/devel/.private/xarm_msgs/share/gennodejs/ros/xarm_msgs/srv/GetErr.js, /home/student/Git-projects/robotproject-her-finn/devel/share/gennodejs/ros/xarm_msgs/srv/GetErr.js)
Linked: (/home/student/Git-projects/robotproject-her-finn/devel/.private/xarm_msgs/share/gennodejs/ros/xarm_msgs/srv/SetInt16.js, /home/student/Git-projects/robotproject-her-finn/devel/share/gennodejs/ros/xarm_msgs/srv/SetInt16.js)
Linked: (/home/student/Git-projects/robotproject-her-finn/devel/.private/xarm_msgs/share/gennodejs/ros/xarm_msgs/srv/SetFloat32.js, /home/student/Git-projects/robotproject-her-finn/devel/share/gennodejs/ros/xarm_msgs/srv/SetFloat32.js)
Linked: (/home/student/Git-projects/robotproject-her-finn/devel/.private/xarm_msgs/share/gennodejs/ros/xarm_msgs/srv/_index.js, /home/student/Git-projects/robotproject-her-finn/devel/share/gennodejs/ros/xarm_msgs/srv/_index.js)
Linked: (/home/student/Git-projects/robotproject-her-finn/devel/.private/xarm_msgs/share/gennodejs/ros/xarm_msgs/srv/SetString.js, /home/student/Git-projects/robotproject-her-finn/devel/share/gennodejs/ros/xarm_msgs/srv/SetString.js)
Linked: (/home/student/Git-projects/robotproject-her-finn/devel/.private/xarm_msgs/share/gennodejs/ros/xarm_msgs/srv/PlayTraj.js, /home/student/Git-projects/robotproject-her-finn/devel/share/gennodejs/ros/xarm_msgs/srv/PlayTraj.js)
Linked: (/home/student/Git-projects/robotproject-her-finn/devel/.private/xarm_msgs/share/gennodejs/ros/xarm_msgs/srv/MoveVelo.js, /home/student/Git-projects/robotproject-her-finn/devel/share/gennodejs/ros/xarm_msgs/srv/MoveVelo.js)
Linked: (/home/student/Git-projects/robotproject-her-finn/devel/.private/xarm_msgs/share/gennodejs/ros/xarm_msgs/srv/FtCaliLoad.js, /home/student/Git-projects/robotproject-her-finn/devel/share/gennodejs/ros/xarm_msgs/srv/FtCaliLoad.js)
Linked: (/home/student/Git-projects/robotproject-her-finn/devel/.private/xarm_msgs/share/gennodejs/ros/xarm_msgs/srv/GetDigitalIO.js, /home/student/Git-projects/robotproject-her-finn/devel/share/gennodejs/ros/xarm_msgs/srv/GetDigitalIO.js)
Linked: (/home/student/Git-projects/robotproject-her-finn/devel/.private/xarm_msgs/share/gennodejs/ros/xarm_msgs/srv/SetAxis.js, /home/student/Git-projects/robotproject-her-finn/devel/share/gennodejs/ros/xarm_msgs/srv/SetAxis.js)
Linked: (/home/student/Git-projects/robotproject-her-finn/devel/.private/xarm_msgs/share/gennodejs/ros/xarm_msgs/srv/GripperConfig.js, /home/student/Git-projects/robotproject-her-finn/devel/share/gennodejs/ros/xarm_msgs/srv/GripperConfig.js)
Linked: (/home/student/Git-projects/robotproject-her-finn/devel/.private/xarm_msgs/share/gennodejs/ros/xarm_msgs/srv/GripperState.js, /home/student/Git-projects/robotproject-her-finn/devel/share/gennodejs/ros/xarm_msgs/srv/GripperState.js)
Linked: (/home/student/Git-projects/robotproject-her-finn/devel/.private/xarm_msgs/share/roseus/ros/xarm_msgs/manifest.l, /home/student/Git-projects/robotproject-her-finn/devel/share/roseus/ros/xarm_msgs/manifest.l)
Linked: (/home/student/Git-projects/robotproject-her-finn/devel/.private/xarm_msgs/share/roseus/ros/xarm_msgs/msg/VeloMoveMsg.l, /home/student/Git-projects/robotproject-her-finn/devel/share/roseus/ros/xarm_msgs/msg/VeloMoveMsg.l)
Linked: (/home/student/Git-projects/robotproject-her-finn/devel/.private/xarm_msgs/share/roseus/ros/xarm_msgs/msg/CIOState.l, /home/student/Git-projects/robotproject-her-finn/devel/share/roseus/ros/xarm_msgs/msg/CIOState.l)
Linked: (/home/student/Git-projects/robotproject-her-finn/devel/.private/xarm_msgs/share/roseus/ros/xarm_msgs/msg/IOState.l, /home/student/Git-projects/robotproject-her-finn/devel/share/roseus/ros/xarm_msgs/msg/IOState.l)
Linked: (/home/student/Git-projects/robotproject-her-finn/devel/.private/xarm_msgs/share/roseus/ros/xarm_msgs/msg/RobotMsg.l, /home/student/Git-projects/robotproject-her-finn/devel/share/roseus/ros/xarm_msgs/msg/RobotMsg.l)
Linked: (/home/student/Git-projects/robotproject-her-finn/devel/.private/xarm_msgs/share/roseus/ros/xarm_msgs/srv/SetInt16.l, /home/student/Git-projects/robotproject-her-finn/devel/share/roseus/ros/xarm_msgs/srv/SetInt16.l)
Linked: (/home/student/Git-projects/robotproject-her-finn/devel/.private/xarm_msgs/share/roseus/ros/xarm_msgs/srv/GetAnalogIO.l, /home/student/Git-projects/robotproject-her-finn/devel/share/roseus/ros/xarm_msgs/srv/GetAnalogIO.l)
Linked: (/home/student/Git-projects/robotproject-her-finn/devel/.private/xarm_msgs/share/roseus/ros/xarm_msgs/srv/SetAxis.l, /home/student/Git-projects/robotproject-her-finn/devel/share/roseus/ros/xarm_msgs/srv/SetAxis.l)
Linked: (/home/student/Git-projects/robotproject-her-finn/devel/.private/xarm_msgs/share/roseus/ros/xarm_msgs/srv/ClearErr.l, /home/student/Git-projects/robotproject-her-finn/devel/share/roseus/ros/xarm_msgs/srv/ClearErr.l)
Linked: (/home/student/Git-projects/robotproject-her-finn/devel/.private/xarm_msgs/share/roseus/ros/xarm_msgs/srv/GripperState.l, /home/student/Git-projects/robotproject-her-finn/devel/share/roseus/ros/xarm_msgs/srv/GripperState.l)
Linked: (/home/student/Git-projects/robotproject-her-finn/devel/.private/xarm_msgs/share/roseus/ros/xarm_msgs/srv/MoveVelo.l, /home/student/Git-projects/robotproject-her-finn/devel/share/roseus/ros/xarm_msgs/srv/MoveVelo.l)
Linked: (/home/student/Git-projects/robotproject-her-finn/devel/.private/xarm_msgs/share/roseus/ros/xarm_msgs/srv/GetErr.l, /home/student/Git-projects/robotproject-her-finn/devel/share/roseus/ros/xarm_msgs/srv/GetErr.l)
Linked: (/home/student/Git-projects/robotproject-her-finn/devel/.private/xarm_msgs/share/roseus/ros/xarm_msgs/srv/SetString.l, /home/student/Git-projects/robotproject-her-finn/devel/share/roseus/ros/xarm_msgs/srv/SetString.l)
Linked: (/home/student/Git-projects/robotproject-her-finn/devel/.private/xarm_msgs/share/roseus/ros/xarm_msgs/srv/GetControllerDigitalIO.l, /home/student/Git-projects/robotproject-her-finn/devel/share/roseus/ros/xarm_msgs/srv/GetControllerDigitalIO.l)
Linked: (/home/student/Git-projects/robotproject-her-finn/devel/.private/xarm_msgs/share/roseus/ros/xarm_msgs/srv/GetFloat32List.l, /home/student/Git-projects/robotproject-her-finn/devel/share/roseus/ros/xarm_msgs/srv/GetFloat32List.l)
Linked: (/home/student/Git-projects/robotproject-her-finn/devel/.private/xarm_msgs/share/roseus/ros/xarm_msgs/srv/FtCaliLoad.l, /home/student/Git-projects/robotproject-her-finn/devel/share/roseus/ros/xarm_msgs/srv/FtCaliLoad.l)
Linked: (/home/student/Git-projects/robotproject-her-finn/devel/.private/xarm_msgs/share/roseus/ros/xarm_msgs/srv/SetControllerAnalogIO.l, /home/student/Git-projects/robotproject-her-finn/devel/share/roseus/ros/xarm_msgs/srv/SetControllerAnalogIO.l)
Linked: (/home/student/Git-projects/robotproject-her-finn/devel/.private/xarm_msgs/share/roseus/ros/xarm_msgs/srv/SetFloat32.l, /home/student/Git-projects/robotproject-her-finn/devel/share/roseus/ros/xarm_msgs/srv/SetFloat32.l)
Linked: (/home/student/Git-projects/robotproject-her-finn/devel/.private/xarm_msgs/share/roseus/ros/xarm_msgs/srv/Move.l, /home/student/Git-projects/robotproject-her-finn/devel/share/roseus/ros/xarm_msgs/srv/Move.l)
Linked: (/home/student/Git-projects/robotproject-her-finn/devel/.private/xarm_msgs/share/roseus/ros/xarm_msgs/srv/TCPOffset.l, /home/student/Git-projects/robotproject-her-finn/devel/share/roseus/ros/xarm_msgs/srv/TCPOffset.l)
Linked: (/home/student/Git-projects/robotproject-her-finn/devel/.private/xarm_msgs/share/roseus/ros/xarm_msgs/srv/PlayTraj.l, /home/student/Git-projects/robotproject-her-finn/devel/share/roseus/ros/xarm_msgs/srv/PlayTraj.l)
Linked: (/home/student/Git-projects/robotproject-her-finn/devel/.private/xarm_msgs/share/roseus/ros/xarm_msgs/srv/ConfigToolModbus.l, /home/student/Git-projects/robotproject-her-finn/devel/share/roseus/ros/xarm_msgs/srv/ConfigToolModbus.l)
Linked: (/home/student/Git-projects/robotproject-her-finn/devel/.private/xarm_msgs/share/roseus/ros/xarm_msgs/srv/SetModbusTimeout.l, /home/student/Git-projects/robotproject-her-finn/devel/share/roseus/ros/xarm_msgs/srv/SetModbusTimeout.l)
Linked: (/home/student/Git-projects/robotproject-her-finn/devel/.private/xarm_msgs/share/roseus/ros/xarm_msgs/srv/FtIdenLoad.l, /home/student/Git-projects/robotproject-her-finn/devel/share/roseus/ros/xarm_msgs/srv/FtIdenLoad.l)
Linked: (/home/student/Git-projects/robotproject-her-finn/devel/.private/xarm_msgs/share/roseus/ros/xarm_msgs/srv/MoveAxisAngle.l, /home/student/Git-projects/robotproject-her-finn/devel/share/roseus/ros/xarm_msgs/srv/MoveAxisAngle.l)
Linked: (/home/student/Git-projects/robotproject-her-finn/devel/.private/xarm_msgs/share/roseus/ros/xarm_msgs/srv/GetSetModbusData.l, /home/student/Git-projects/robotproject-her-finn/devel/share/roseus/ros/xarm_msgs/srv/GetSetModbusData.l)
Linked: (/home/student/Git-projects/robotproject-her-finn/devel/.private/xarm_msgs/share/roseus/ros/xarm_msgs/srv/GetDigitalIO.l, /home/student/Git-projects/robotproject-her-finn/devel/share/roseus/ros/xarm_msgs/srv/GetDigitalIO.l)
Linked: (/home/student/Git-projects/robotproject-her-finn/devel/.private/xarm_msgs/share/roseus/ros/xarm_msgs/srv/MoveVelocity.l, /home/student/Git-projects/robotproject-her-finn/devel/share/roseus/ros/xarm_msgs/srv/MoveVelocity.l)
Linked: (/home/student/Git-projects/robotproject-her-finn/devel/.private/xarm_msgs/share/roseus/ros/xarm_msgs/srv/VacuumGripperCtrl.l, /home/student/Git-projects/robotproject-her-finn/devel/share/roseus/ros/xarm_msgs/srv/VacuumGripperCtrl.l)
Linked: (/home/student/Git-projects/robotproject-her-finn/devel/.private/xarm_msgs/share/roseus/ros/xarm_msgs/srv/SetMultipleInts.l, /home/student/Git-projects/robotproject-her-finn/devel/share/roseus/ros/xarm_msgs/srv/SetMultipleInts.l)
Linked: (/home/student/Git-projects/robotproject-her-finn/devel/.private/xarm_msgs/share/roseus/ros/xarm_msgs/srv/SetLoad.l, /home/student/Git-projects/robotproject-her-finn/devel/share/roseus/ros/xarm_msgs/srv/SetLoad.l)
Linked: (/home/student/Git-projects/robotproject-her-finn/devel/.private/xarm_msgs/share/roseus/ros/xarm_msgs/srv/GripperMove.l, /home/student/Git-projects/robotproject-her-finn/devel/share/roseus/ros/xarm_msgs/srv/GripperMove.l)
Linked: (/home/student/Git-projects/robotproject-her-finn/devel/.private/xarm_msgs/share/roseus/ros/xarm_msgs/srv/SetToolModbus.l, /home/student/Git-projects/robotproject-her-finn/devel/share/roseus/ros/xarm_msgs/srv/SetToolModbus.l)
Linked: (/home/student/Git-projects/robotproject-her-finn/devel/.private/xarm_msgs/share/roseus/ros/xarm_msgs/srv/Call.l, /home/student/Git-projects/robotproject-her-finn/devel/share/roseus/ros/xarm_msgs/srv/Call.l)
Linked: (/home/student/Git-projects/robotproject-her-finn/devel/.private/xarm_msgs/share/roseus/ros/xarm_msgs/srv/GripperConfig.l, /home/student/Git-projects/robotproject-her-finn/devel/share/roseus/ros/xarm_msgs/srv/GripperConfig.l)
Linked: (/home/student/Git-projects/robotproject-her-finn/devel/.private/xarm_msgs/share/roseus/ros/xarm_msgs/srv/SetDigitalIO.l, /home/student/Git-projects/robotproject-her-finn/devel/share/roseus/ros/xarm_msgs/srv/SetDigitalIO.l)
Linked: (/home/student/Git-projects/robotproject-her-finn/devel/.private/xarm_msgs/share/roseus/ros/xarm_msgs/srv/GetInt32.l, /home/student/Git-projects/robotproject-her-finn/devel/share/roseus/ros/xarm_msgs/srv/GetInt32.l)
Linked: (/home/student/Git-projects/robotproject-her-finn/devel/.private/xarm_msgs/share/common-lisp/ros/xarm_msgs/msg/IOState.lisp, /home/student/Git-projects/robotproject-her-finn/devel/share/common-lisp/ros/xarm_msgs/msg/IOState.lisp)
Linked: (/home/student/Git-projects/robotproject-her-finn/devel/.private/xarm_msgs/share/common-lisp/ros/xarm_msgs/msg/VeloMoveMsg.lisp, /home/student/Git-projects/robotproject-her-finn/devel/share/common-lisp/ros/xarm_msgs/msg/VeloMoveMsg.lisp)
Linked: (/home/student/Git-projects/robotproject-her-finn/devel/.private/xarm_msgs/share/common-lisp/ros/xarm_msgs/msg/_package_VeloMoveMsg.lisp, /home/student/Git-projects/robotproject-her-finn/devel/share/common-lisp/ros/xarm_msgs/msg/_package_VeloMoveMsg.lisp)
Linked: (/home/student/Git-projects/robotproject-her-finn/devel/.private/xarm_msgs/share/common-lisp/ros/xarm_msgs/msg/_package.lisp, /home/student/Git-projects/robotproject-her-finn/devel/share/common-lisp/ros/xarm_msgs/msg/_package.lisp)
Linked: (/home/student/Git-projects/robotproject-her-finn/devel/.private/xarm_msgs/share/common-lisp/ros/xarm_msgs/msg/_package_CIOState.lisp, /home/student/Git-projects/robotproject-her-finn/devel/share/common-lisp/ros/xarm_msgs/msg/_package_CIOState.lisp)
Linked: (/home/student/Git-projects/robotproject-her-finn/devel/.private/xarm_msgs/share/common-lisp/ros/xarm_msgs/msg/xarm_msgs-msg.asd, /home/student/Git-projects/robotproject-her-finn/devel/share/common-lisp/ros/xarm_msgs/msg/xarm_msgs-msg.asd)
Linked: (/home/student/Git-projects/robotproject-her-finn/devel/.private/xarm_msgs/share/common-lisp/ros/xarm_msgs/msg/RobotMsg.lisp, /home/student/Git-projects/robotproject-her-finn/devel/share/common-lisp/ros/xarm_msgs/msg/RobotMsg.lisp)
Linked: (/home/student/Git-projects/robotproject-her-finn/devel/.private/xarm_msgs/share/common-lisp/ros/xarm_msgs/msg/_package_IOState.lisp, /home/student/Git-projects/robotproject-her-finn/devel/share/common-lisp/ros/xarm_msgs/msg/_package_IOState.lisp)
Linked: (/home/student/Git-projects/robotproject-her-finn/devel/.private/xarm_msgs/share/common-lisp/ros/xarm_msgs/msg/_package_RobotMsg.lisp, /home/student/Git-projects/robotproject-her-finn/devel/share/common-lisp/ros/xarm_msgs/msg/_package_RobotMsg.lisp)
Linked: (/home/student/Git-projects/robotproject-her-finn/devel/.private/xarm_msgs/share/common-lisp/ros/xarm_msgs/msg/CIOState.lisp, /home/student/Git-projects/robotproject-her-finn/devel/share/common-lisp/ros/xarm_msgs/msg/CIOState.lisp)
Linked: (/home/student/Git-projects/robotproject-her-finn/devel/.private/xarm_msgs/share/common-lisp/ros/xarm_msgs/srv/SetString.lisp, /home/student/Git-projects/robotproject-her-finn/devel/share/common-lisp/ros/xarm_msgs/srv/SetString.lisp)
Linked: (/home/student/Git-projects/robotproject-her-finn/devel/.private/xarm_msgs/share/common-lisp/ros/xarm_msgs/srv/SetMultipleInts.lisp, /home/student/Git-projects/robotproject-her-finn/devel/share/common-lisp/ros/xarm_msgs/srv/SetMultipleInts.lisp)
Linked: (/home/student/Git-projects/robotproject-her-finn/devel/.private/xarm_msgs/share/common-lisp/ros/xarm_msgs/srv/_package_SetToolModbus.lisp, /home/student/Git-projects/robotproject-her-finn/devel/share/common-lisp/ros/xarm_msgs/srv/_package_SetToolModbus.lisp)
Linked: (/home/student/Git-projects/robotproject-her-finn/devel/.private/xarm_msgs/share/common-lisp/ros/xarm_msgs/srv/GripperState.lisp, /home/student/Git-projects/robotproject-her-finn/devel/share/common-lisp/ros/xarm_msgs/srv/GripperState.lisp)
Linked: (/home/student/Git-projects/robotproject-her-finn/devel/.private/xarm_msgs/share/common-lisp/ros/xarm_msgs/srv/_package_FtCaliLoad.lisp, /home/student/Git-projects/robotproject-her-finn/devel/share/common-lisp/ros/xarm_msgs/srv/_package_FtCaliLoad.lisp)
Linked: (/home/student/Git-projects/robotproject-her-finn/devel/.private/xarm_msgs/share/common-lisp/ros/xarm_msgs/srv/_package_GetInt32.lisp, /home/student/Git-projects/robotproject-her-finn/devel/share/common-lisp/ros/xarm_msgs/srv/_package_GetInt32.lisp)
Linked: (/home/student/Git-projects/robotproject-her-finn/devel/.private/xarm_msgs/share/common-lisp/ros/xarm_msgs/srv/_package_GetErr.lisp, /home/student/Git-projects/robotproject-her-finn/devel/share/common-lisp/ros/xarm_msgs/srv/_package_GetErr.lisp)
Linked: (/home/student/Git-projects/robotproject-her-finn/devel/.private/xarm_msgs/share/common-lisp/ros/xarm_msgs/srv/_package_VacuumGripperCtrl.lisp, /home/student/Git-projects/robotproject-her-finn/devel/share/common-lisp/ros/xarm_msgs/srv/_package_VacuumGripperCtrl.lisp)
Linked: (/home/student/Git-projects/robotproject-her-finn/devel/.private/xarm_msgs/share/common-lisp/ros/xarm_msgs/srv/GetControllerDigitalIO.lisp, /home/student/Git-projects/robotproject-her-finn/devel/share/common-lisp/ros/xarm_msgs/srv/GetControllerDigitalIO.lisp)
Linked: (/home/student/Git-projects/robotproject-her-finn/devel/.private/xarm_msgs/share/common-lisp/ros/xarm_msgs/srv/GetSetModbusData.lisp, /home/student/Git-projects/robotproject-her-finn/devel/share/common-lisp/ros/xarm_msgs/srv/GetSetModbusData.lisp)
Linked: (/home/student/Git-projects/robotproject-her-finn/devel/.private/xarm_msgs/share/common-lisp/ros/xarm_msgs/srv/_package_SetInt16.lisp, /home/student/Git-projects/robotproject-her-finn/devel/share/common-lisp/ros/xarm_msgs/srv/_package_SetInt16.lisp)
Linked: (/home/student/Git-projects/robotproject-her-finn/devel/.private/xarm_msgs/share/common-lisp/ros/xarm_msgs/srv/GetInt32.lisp, /home/student/Git-projects/robotproject-her-finn/devel/share/common-lisp/ros/xarm_msgs/srv/GetInt32.lisp)
Linked: (/home/student/Git-projects/robotproject-her-finn/devel/.private/xarm_msgs/share/common-lisp/ros/xarm_msgs/srv/GetFloat32List.lisp, /home/student/Git-projects/robotproject-her-finn/devel/share/common-lisp/ros/xarm_msgs/srv/GetFloat32List.lisp)
Linked: (/home/student/Git-projects/robotproject-her-finn/devel/.private/xarm_msgs/share/common-lisp/ros/xarm_msgs/srv/_package_GetDigitalIO.lisp, /home/student/Git-projects/robotproject-her-finn/devel/share/common-lisp/ros/xarm_msgs/srv/_package_GetDigitalIO.lisp)
Linked: (/home/student/Git-projects/robotproject-her-finn/devel/.private/xarm_msgs/share/common-lisp/ros/xarm_msgs/srv/SetFloat32.lisp, /home/student/Git-projects/robotproject-her-finn/devel/share/common-lisp/ros/xarm_msgs/srv/SetFloat32.lisp)
Linked: (/home/student/Git-projects/robotproject-her-finn/devel/.private/xarm_msgs/share/common-lisp/ros/xarm_msgs/srv/_package_SetModbusTimeout.lisp, /home/student/Git-projects/robotproject-her-finn/devel/share/common-lisp/ros/xarm_msgs/srv/_package_SetModbusTimeout.lisp)
Linked: (/home/student/Git-projects/robotproject-her-finn/devel/.private/xarm_msgs/share/common-lisp/ros/xarm_msgs/srv/SetModbusTimeout.lisp, /home/student/Git-projects/robotproject-her-finn/devel/share/common-lisp/ros/xarm_msgs/srv/SetModbusTimeout.lisp)
Linked: (/home/student/Git-projects/robotproject-her-finn/devel/.private/xarm_msgs/share/common-lisp/ros/xarm_msgs/srv/GetErr.lisp, /home/student/Git-projects/robotproject-her-finn/devel/share/common-lisp/ros/xarm_msgs/srv/GetErr.lisp)
Linked: (/home/student/Git-projects/robotproject-her-finn/devel/.private/xarm_msgs/share/common-lisp/ros/xarm_msgs/srv/_package_GripperConfig.lisp, /home/student/Git-projects/robotproject-her-finn/devel/share/common-lisp/ros/xarm_msgs/srv/_package_GripperConfig.lisp)
Linked: (/home/student/Git-projects/robotproject-her-finn/devel/.private/xarm_msgs/share/common-lisp/ros/xarm_msgs/srv/_package.lisp, /home/student/Git-projects/robotproject-her-finn/devel/share/common-lisp/ros/xarm_msgs/srv/_package.lisp)
Linked: (/home/student/Git-projects/robotproject-her-finn/devel/.private/xarm_msgs/share/common-lisp/ros/xarm_msgs/srv/_package_SetString.lisp, /home/student/Git-projects/robotproject-her-finn/devel/share/common-lisp/ros/xarm_msgs/srv/_package_SetString.lisp)
Linked: (/home/student/Git-projects/robotproject-her-finn/devel/.private/xarm_msgs/share/common-lisp/ros/xarm_msgs/srv/SetDigitalIO.lisp, /home/student/Git-projects/robotproject-her-finn/devel/share/common-lisp/ros/xarm_msgs/srv/SetDigitalIO.lisp)
Linked: (/home/student/Git-projects/robotproject-her-finn/devel/.private/xarm_msgs/share/common-lisp/ros/xarm_msgs/srv/_package_MoveVelocity.lisp, /home/student/Git-projects/robotproject-her-finn/devel/share/common-lisp/ros/xarm_msgs/srv/_package_MoveVelocity.lisp)
Linked: (/home/student/Git-projects/robotproject-her-finn/devel/.private/xarm_msgs/share/common-lisp/ros/xarm_msgs/srv/_package_GetFloat32List.lisp, /home/student/Git-projects/robotproject-her-finn/devel/share/common-lisp/ros/xarm_msgs/srv/_package_GetFloat32List.lisp)
Linked: (/home/student/Git-projects/robotproject-her-finn/devel/.private/xarm_msgs/share/common-lisp/ros/xarm_msgs/srv/SetControllerAnalogIO.lisp, /home/student/Git-projects/robotproject-her-finn/devel/share/common-lisp/ros/xarm_msgs/srv/SetControllerAnalogIO.lisp)
Linked: (/home/student/Git-projects/robotproject-her-finn/devel/.private/xarm_msgs/share/common-lisp/ros/xarm_msgs/srv/SetLoad.lisp, /home/student/Git-projects/robotproject-her-finn/devel/share/common-lisp/ros/xarm_msgs/srv/SetLoad.lisp)
Linked: (/home/student/Git-projects/robotproject-her-finn/devel/.private/xarm_msgs/share/common-lisp/ros/xarm_msgs/srv/_package_GetControllerDigitalIO.lisp, /home/student/Git-projects/robotproject-her-finn/devel/share/common-lisp/ros/xarm_msgs/srv/_package_GetControllerDigitalIO.lisp)
Linked: (/home/student/Git-projects/robotproject-her-finn/devel/.private/xarm_msgs/share/common-lisp/ros/xarm_msgs/srv/GripperMove.lisp, /home/student/Git-projects/robotproject-her-finn/devel/share/common-lisp/ros/xarm_msgs/srv/GripperMove.lisp)
Linked: (/home/student/Git-projects/robotproject-her-finn/devel/.private/xarm_msgs/share/common-lisp/ros/xarm_msgs/srv/_package_GetAnalogIO.lisp, /home/student/Git-projects/robotproject-her-finn/devel/share/common-lisp/ros/xarm_msgs/srv/_package_GetAnalogIO.lisp)
Linked: (/home/student/Git-projects/robotproject-her-finn/devel/.private/xarm_msgs/share/common-lisp/ros/xarm_msgs/srv/_package_SetDigitalIO.lisp, /home/student/Git-projects/robotproject-her-finn/devel/share/common-lisp/ros/xarm_msgs/srv/_package_SetDigitalIO.lisp)
Linked: (/home/student/Git-projects/robotproject-her-finn/devel/.private/xarm_msgs/share/common-lisp/ros/xarm_msgs/srv/_package_Call.lisp, /home/student/Git-projects/robotproject-her-finn/devel/share/common-lisp/ros/xarm_msgs/srv/_package_Call.lisp)
Linked: (/home/student/Git-projects/robotproject-her-finn/devel/.private/xarm_msgs/share/common-lisp/ros/xarm_msgs/srv/ConfigToolModbus.lisp, /home/student/Git-projects/robotproject-her-finn/devel/share/common-lisp/ros/xarm_msgs/srv/ConfigToolModbus.lisp)
Linked: (/home/student/Git-projects/robotproject-her-finn/devel/.private/xarm_msgs/share/common-lisp/ros/xarm_msgs/srv/_package_GetSetModbusData.lisp, /home/student/Git-projects/robotproject-her-finn/devel/share/common-lisp/ros/xarm_msgs/srv/_package_GetSetModbusData.lisp)
Linked: (/home/student/Git-projects/robotproject-her-finn/devel/.private/xarm_msgs/share/common-lisp/ros/xarm_msgs/srv/_package_TCPOffset.lisp, /home/student/Git-projects/robotproject-her-finn/devel/share/common-lisp/ros/xarm_msgs/srv/_package_TCPOffset.lisp)
Linked: (/home/student/Git-projects/robotproject-her-finn/devel/.private/xarm_msgs/share/common-lisp/ros/xarm_msgs/srv/_package_FtIdenLoad.lisp, /home/student/Git-projects/robotproject-her-finn/devel/share/common-lisp/ros/xarm_msgs/srv/_package_FtIdenLoad.lisp)
Linked: (/home/student/Git-projects/robotproject-her-finn/devel/.private/xarm_msgs/share/common-lisp/ros/xarm_msgs/srv/SetInt16.lisp, /home/student/Git-projects/robotproject-her-finn/devel/share/common-lisp/ros/xarm_msgs/srv/SetInt16.lisp)
Linked: (/home/student/Git-projects/robotproject-her-finn/devel/.private/xarm_msgs/share/common-lisp/ros/xarm_msgs/srv/_package_MoveAxisAngle.lisp, /home/student/Git-projects/robotproject-her-finn/devel/share/common-lisp/ros/xarm_msgs/srv/_package_MoveAxisAngle.lisp)
Linked: (/home/student/Git-projects/robotproject-her-finn/devel/.private/xarm_msgs/share/common-lisp/ros/xarm_msgs/srv/Call.lisp, /home/student/Git-projects/robotproject-her-finn/devel/share/common-lisp/ros/xarm_msgs/srv/Call.lisp)
Linked: (/home/student/Git-projects/robotproject-her-finn/devel/.private/xarm_msgs/share/common-lisp/ros/xarm_msgs/srv/_package_MoveVelo.lisp, /home/student/Git-projects/robotproject-her-finn/devel/share/common-lisp/ros/xarm_msgs/srv/_package_MoveVelo.lisp)
Linked: (/home/student/Git-projects/robotproject-her-finn/devel/.private/xarm_msgs/share/common-lisp/ros/xarm_msgs/srv/_package_SetAxis.lisp, /home/student/Git-projects/robotproject-her-finn/devel/share/common-lisp/ros/xarm_msgs/srv/_package_SetAxis.lisp)
Linked: (/home/student/Git-projects/robotproject-her-finn/devel/.private/xarm_msgs/share/common-lisp/ros/xarm_msgs/srv/_package_Move.lisp, /home/student/Git-projects/robotproject-her-finn/devel/share/common-lisp/ros/xarm_msgs/srv/_package_Move.lisp)
Linked: (/home/student/Git-projects/robotproject-her-finn/devel/.private/xarm_msgs/share/common-lisp/ros/xarm_msgs/srv/_package_ClearErr.lisp, /home/student/Git-projects/robotproject-her-finn/devel/share/common-lisp/ros/xarm_msgs/srv/_package_ClearErr.lisp)
Linked: (/home/student/Git-projects/robotproject-her-finn/devel/.private/xarm_msgs/share/common-lisp/ros/xarm_msgs/srv/_package_GripperState.lisp, /home/student/Git-projects/robotproject-her-finn/devel/share/common-lisp/ros/xarm_msgs/srv/_package_GripperState.lisp)
Linked: (/home/student/Git-projects/robotproject-her-finn/devel/.private/xarm_msgs/share/common-lisp/ros/xarm_msgs/srv/_package_SetLoad.lisp, /home/student/Git-projects/robotproject-her-finn/devel/share/common-lisp/ros/xarm_msgs/srv/_package_SetLoad.lisp)
Linked: (/home/student/Git-projects/robotproject-her-finn/devel/.private/xarm_msgs/share/common-lisp/ros/xarm_msgs/srv/FtIdenLoad.lisp, /home/student/Git-projects/robotproject-her-finn/devel/share/common-lisp/ros/xarm_msgs/srv/FtIdenLoad.lisp)
Linked: (/home/student/Git-projects/robotproject-her-finn/devel/.private/xarm_msgs/share/common-lisp/ros/xarm_msgs/srv/GripperConfig.lisp, /home/student/Git-projects/robotproject-her-finn/devel/share/common-lisp/ros/xarm_msgs/srv/GripperConfig.lisp)
Linked: (/home/student/Git-projects/robotproject-her-finn/devel/.private/xarm_msgs/share/common-lisp/ros/xarm_msgs/srv/GetDigitalIO.lisp, /home/student/Git-projects/robotproject-her-finn/devel/share/common-lisp/ros/xarm_msgs/srv/GetDigitalIO.lisp)
Linked: (/home/student/Git-projects/robotproject-her-finn/devel/.private/xarm_msgs/share/common-lisp/ros/xarm_msgs/srv/MoveVelo.lisp, /home/student/Git-projects/robotproject-her-finn/devel/share/common-lisp/ros/xarm_msgs/srv/MoveVelo.lisp)
Linked: (/home/student/Git-projects/robotproject-her-finn/devel/.private/xarm_msgs/share/common-lisp/ros/xarm_msgs/srv/PlayTraj.lisp, /home/student/Git-projects/robotproject-her-finn/devel/share/common-lisp/ros/xarm_msgs/srv/PlayTraj.lisp)
Linked: (/home/student/Git-projects/robotproject-her-finn/devel/.private/xarm_msgs/share/common-lisp/ros/xarm_msgs/srv/_package_GripperMove.lisp, /home/student/Git-projects/robotproject-her-finn/devel/share/common-lisp/ros/xarm_msgs/srv/_package_GripperMove.lisp)
Linked: (/home/student/Git-projects/robotproject-her-finn/devel/.private/xarm_msgs/share/common-lisp/ros/xarm_msgs/srv/_package_SetFloat32.lisp, /home/student/Git-projects/robotproject-her-finn/devel/share/common-lisp/ros/xarm_msgs/srv/_package_SetFloat32.lisp)
Linked: (/home/student/Git-projects/robotproject-her-finn/devel/.private/xarm_msgs/share/common-lisp/ros/xarm_msgs/srv/_package_SetControllerAnalogIO.lisp, /home/student/Git-projects/robotproject-her-finn/devel/share/common-lisp/ros/xarm_msgs/srv/_package_SetControllerAnalogIO.lisp)
Linked: (/home/student/Git-projects/robotproject-her-finn/devel/.private/xarm_msgs/share/common-lisp/ros/xarm_msgs/srv/_package_ConfigToolModbus.lisp, /home/student/Git-projects/robotproject-her-finn/devel/share/common-lisp/ros/xarm_msgs/srv/_package_ConfigToolModbus.lisp)
Linked: (/home/student/Git-projects/robotproject-her-finn/devel/.private/xarm_msgs/share/common-lisp/ros/xarm_msgs/srv/FtCaliLoad.lisp, /home/student/Git-projects/robotproject-her-finn/devel/share/common-lisp/ros/xarm_msgs/srv/FtCaliLoad.lisp)
Linked: (/home/student/Git-projects/robotproject-her-finn/devel/.private/xarm_msgs/share/common-lisp/ros/xarm_msgs/srv/TCPOffset.lisp, /home/student/Git-projects/robotproject-her-finn/devel/share/common-lisp/ros/xarm_msgs/srv/TCPOffset.lisp)
Linked: (/home/student/Git-projects/robotproject-her-finn/devel/.private/xarm_msgs/share/common-lisp/ros/xarm_msgs/srv/_package_SetMultipleInts.lisp, /home/student/Git-projects/robotproject-her-finn/devel/share/common-lisp/ros/xarm_msgs/srv/_package_SetMultipleInts.lisp)
Linked: (/home/student/Git-projects/robotproject-her-finn/devel/.private/xarm_msgs/share/common-lisp/ros/xarm_msgs/srv/ClearErr.lisp, /home/student/Git-projects/robotproject-her-finn/devel/share/common-lisp/ros/xarm_msgs/srv/ClearErr.lisp)
Linked: (/home/student/Git-projects/robotproject-her-finn/devel/.private/xarm_msgs/share/common-lisp/ros/xarm_msgs/srv/Move.lisp, /home/student/Git-projects/robotproject-her-finn/devel/share/common-lisp/ros/xarm_msgs/srv/Move.lisp)
Linked: (/home/student/Git-projects/robotproject-her-finn/devel/.private/xarm_msgs/share/common-lisp/ros/xarm_msgs/srv/SetToolModbus.lisp, /home/student/Git-projects/robotproject-her-finn/devel/share/common-lisp/ros/xarm_msgs/srv/SetToolModbus.lisp)
Linked: (/home/student/Git-projects/robotproject-her-finn/devel/.private/xarm_msgs/share/common-lisp/ros/xarm_msgs/srv/GetAnalogIO.lisp, /home/student/Git-projects/robotproject-her-finn/devel/share/common-lisp/ros/xarm_msgs/srv/GetAnalogIO.lisp)
Linked: (/home/student/Git-projects/robotproject-her-finn/devel/.private/xarm_msgs/share/common-lisp/ros/xarm_msgs/srv/xarm_msgs-srv.asd, /home/student/Git-projects/robotproject-her-finn/devel/share/common-lisp/ros/xarm_msgs/srv/xarm_msgs-srv.asd)
Linked: (/home/student/Git-projects/robotproject-her-finn/devel/.private/xarm_msgs/share/common-lisp/ros/xarm_msgs/srv/MoveVelocity.lisp, /home/student/Git-projects/robotproject-her-finn/devel/share/common-lisp/ros/xarm_msgs/srv/MoveVelocity.lisp)
Linked: (/home/student/Git-projects/robotproject-her-finn/devel/.private/xarm_msgs/share/common-lisp/ros/xarm_msgs/srv/VacuumGripperCtrl.lisp, /home/student/Git-projects/robotproject-her-finn/devel/share/common-lisp/ros/xarm_msgs/srv/VacuumGripperCtrl.lisp)
Linked: (/home/student/Git-projects/robotproject-her-finn/devel/.private/xarm_msgs/share/common-lisp/ros/xarm_msgs/srv/SetAxis.lisp, /home/student/Git-projects/robotproject-her-finn/devel/share/common-lisp/ros/xarm_msgs/srv/SetAxis.lisp)
Linked: (/home/student/Git-projects/robotproject-her-finn/devel/.private/xarm_msgs/share/common-lisp/ros/xarm_msgs/srv/MoveAxisAngle.lisp, /home/student/Git-projects/robotproject-her-finn/devel/share/common-lisp/ros/xarm_msgs/srv/MoveAxisAngle.lisp)
Linked: (/home/student/Git-projects/robotproject-her-finn/devel/.private/xarm_msgs/share/common-lisp/ros/xarm_msgs/srv/_package_PlayTraj.lisp, /home/student/Git-projects/robotproject-her-finn/devel/share/common-lisp/ros/xarm_msgs/srv/_package_PlayTraj.lisp)
Linked: (/home/student/Git-projects/robotproject-her-finn/devel/.private/xarm_msgs/share/xarm_msgs/cmake/xarm_msgsConfig-version.cmake, /home/student/Git-projects/robotproject-her-finn/devel/share/xarm_msgs/cmake/xarm_msgsConfig-version.cmake)
Linked: (/home/student/Git-projects/robotproject-her-finn/devel/.private/xarm_msgs/share/xarm_msgs/cmake/xarm_msgs-msg-extras.cmake, /home/student/Git-projects/robotproject-her-finn/devel/share/xarm_msgs/cmake/xarm_msgs-msg-extras.cmake)
Linked: (/home/student/Git-projects/robotproject-her-finn/devel/.private/xarm_msgs/share/xarm_msgs/cmake/xarm_msgs-msg-paths.cmake, /home/student/Git-projects/robotproject-her-finn/devel/share/xarm_msgs/cmake/xarm_msgs-msg-paths.cmake)
Linked: (/home/student/Git-projects/robotproject-her-finn/devel/.private/xarm_msgs/share/xarm_msgs/cmake/xarm_msgsConfig.cmake, /home/student/Git-projects/robotproject-her-finn/devel/share/xarm_msgs/cmake/xarm_msgsConfig.cmake)
