Determining if the pthread_create exist failed with the following output:
Change Dir: /home/student/Git-projects/robotproject-her-finn/build/run_recorded_traj/CMakeFiles/CMakeTmp

Run Build Command:"/usr/bin/make" "cmTC_5f5ba/fast"
/usr/bin/make -f CMakeFiles/cmTC_5f5ba.dir/build.make CMakeFiles/cmTC_5f5ba.dir/build
make[1]: Entering directory '/home/student/Git-projects/robotproject-her-finn/build/run_recorded_traj/CMakeFiles/CMakeTmp'
Building C object CMakeFiles/cmTC_5f5ba.dir/CheckSymbolExists.c.o
/usr/bin/cc    -o CMakeFiles/cmTC_5f5ba.dir/CheckSymbolExists.c.o   -c /home/student/Git-projects/robotproject-her-finn/build/run_recorded_traj/CMakeFiles/CMakeTmp/CheckSymbolExists.c
Linking C executable cmTC_5f5ba
/usr/bin/cmake -E cmake_link_script CMakeFiles/cmTC_5f5ba.dir/link.txt --verbose=1
/usr/bin/cc      -rdynamic CMakeFiles/cmTC_5f5ba.dir/CheckSymbolExists.c.o  -o cmTC_5f5ba 
CMakeFiles/cmTC_5f5ba.dir/CheckSymbolExists.c.o: In function `main':
CheckSymbolExists.c:(.text+0x1b): undefined reference to `pthread_create'
collect2: error: ld returned 1 exit status
CMakeFiles/cmTC_5f5ba.dir/build.make:97: recipe for target 'cmTC_5f5ba' failed
make[1]: *** [cmTC_5f5ba] Error 1
make[1]: Leaving directory '/home/student/Git-projects/robotproject-her-finn/build/run_recorded_traj/CMakeFiles/CMakeTmp'
Makefile:126: recipe for target 'cmTC_5f5ba/fast' failed
make: *** [cmTC_5f5ba/fast] Error 2

File /home/student/Git-projects/robotproject-her-finn/build/run_recorded_traj/CMakeFiles/CMakeTmp/CheckSymbolExists.c:
/* */
#include <pthread.h>

int main(int argc, char** argv)
{
  (void)argv;
#ifndef pthread_create
  return ((int*)(&pthread_create))[argc];
#else
  (void)argc;
  return 0;
#endif
}

Determining if the function pthread_create exists in the pthreads failed with the following output:
Change Dir: /home/student/Git-projects/robotproject-her-finn/build/run_recorded_traj/CMakeFiles/CMakeTmp

Run Build Command:"/usr/bin/make" "cmTC_7f6ce/fast"
/usr/bin/make -f CMakeFiles/cmTC_7f6ce.dir/build.make CMakeFiles/cmTC_7f6ce.dir/build
make[1]: Entering directory '/home/student/Git-projects/robotproject-her-finn/build/run_recorded_traj/CMakeFiles/CMakeTmp'
Building C object CMakeFiles/cmTC_7f6ce.dir/CheckFunctionExists.c.o
/usr/bin/cc   -DCHECK_FUNCTION_EXISTS=pthread_create   -o CMakeFiles/cmTC_7f6ce.dir/CheckFunctionExists.c.o   -c /usr/share/cmake-3.10/Modules/CheckFunctionExists.c
Linking C executable cmTC_7f6ce
/usr/bin/cmake -E cmake_link_script CMakeFiles/cmTC_7f6ce.dir/link.txt --verbose=1
/usr/bin/cc  -DCHECK_FUNCTION_EXISTS=pthread_create    -rdynamic CMakeFiles/cmTC_7f6ce.dir/CheckFunctionExists.c.o  -o cmTC_7f6ce -lpthreads 
/usr/bin/ld: cannot find -lpthreads
collect2: error: ld returned 1 exit status
CMakeFiles/cmTC_7f6ce.dir/build.make:97: recipe for target 'cmTC_7f6ce' failed
make[1]: *** [cmTC_7f6ce] Error 1
make[1]: Leaving directory '/home/student/Git-projects/robotproject-her-finn/build/run_recorded_traj/CMakeFiles/CMakeTmp'
Makefile:126: recipe for target 'cmTC_7f6ce/fast' failed
make: *** [cmTC_7f6ce/fast] Error 2


