Determining if the pthread_create exist failed with the following output:
Change Dir: /home/student/Git-projects/robotproject-her-finn/build/xarm6_gripper_moveit_config/CMakeFiles/CMakeTmp

Run Build Command:"/usr/bin/make" "cmTC_e21ce/fast"
/usr/bin/make -f CMakeFiles/cmTC_e21ce.dir/build.make CMakeFiles/cmTC_e21ce.dir/build
make[1]: Entering directory '/home/student/Git-projects/robotproject-her-finn/build/xarm6_gripper_moveit_config/CMakeFiles/CMakeTmp'
Building C object CMakeFiles/cmTC_e21ce.dir/CheckSymbolExists.c.o
/usr/bin/cc    -o CMakeFiles/cmTC_e21ce.dir/CheckSymbolExists.c.o   -c /home/student/Git-projects/robotproject-her-finn/build/xarm6_gripper_moveit_config/CMakeFiles/CMakeTmp/CheckSymbolExists.c
Linking C executable cmTC_e21ce
/usr/bin/cmake -E cmake_link_script CMakeFiles/cmTC_e21ce.dir/link.txt --verbose=1
/usr/bin/cc      -rdynamic CMakeFiles/cmTC_e21ce.dir/CheckSymbolExists.c.o  -o cmTC_e21ce 
CMakeFiles/cmTC_e21ce.dir/CheckSymbolExists.c.o: In function `main':
CheckSymbolExists.c:(.text+0x1b): undefined reference to `pthread_create'
collect2: error: ld returned 1 exit status
CMakeFiles/cmTC_e21ce.dir/build.make:97: recipe for target 'cmTC_e21ce' failed
make[1]: *** [cmTC_e21ce] Error 1
make[1]: Leaving directory '/home/student/Git-projects/robotproject-her-finn/build/xarm6_gripper_moveit_config/CMakeFiles/CMakeTmp'
Makefile:126: recipe for target 'cmTC_e21ce/fast' failed
make: *** [cmTC_e21ce/fast] Error 2

File /home/student/Git-projects/robotproject-her-finn/build/xarm6_gripper_moveit_config/CMakeFiles/CMakeTmp/CheckSymbolExists.c:
/* */
#include <pthread.h>

int main(int argc, char** argv)
{
  (void)argv;
#ifndef pthread_create
  return ((int*)(&pthread_create))[argc];
#else
  (void)argc;
  return 0;
#endif
}

Determining if the function pthread_create exists in the pthreads failed with the following output:
Change Dir: /home/student/Git-projects/robotproject-her-finn/build/xarm6_gripper_moveit_config/CMakeFiles/CMakeTmp

Run Build Command:"/usr/bin/make" "cmTC_9a64a/fast"
/usr/bin/make -f CMakeFiles/cmTC_9a64a.dir/build.make CMakeFiles/cmTC_9a64a.dir/build
make[1]: Entering directory '/home/student/Git-projects/robotproject-her-finn/build/xarm6_gripper_moveit_config/CMakeFiles/CMakeTmp'
Building C object CMakeFiles/cmTC_9a64a.dir/CheckFunctionExists.c.o
/usr/bin/cc   -DCHECK_FUNCTION_EXISTS=pthread_create   -o CMakeFiles/cmTC_9a64a.dir/CheckFunctionExists.c.o   -c /usr/share/cmake-3.10/Modules/CheckFunctionExists.c
Linking C executable cmTC_9a64a
/usr/bin/cmake -E cmake_link_script CMakeFiles/cmTC_9a64a.dir/link.txt --verbose=1
/usr/bin/cc  -DCHECK_FUNCTION_EXISTS=pthread_create    -rdynamic CMakeFiles/cmTC_9a64a.dir/CheckFunctionExists.c.o  -o cmTC_9a64a -lpthreads 
/usr/bin/ld: cannot find -lpthreads
collect2: error: ld returned 1 exit status
CMakeFiles/cmTC_9a64a.dir/build.make:97: recipe for target 'cmTC_9a64a' failed
make[1]: *** [cmTC_9a64a] Error 1
make[1]: Leaving directory '/home/student/Git-projects/robotproject-her-finn/build/xarm6_gripper_moveit_config/CMakeFiles/CMakeTmp'
Makefile:126: recipe for target 'cmTC_9a64a/fast' failed
make: *** [cmTC_9a64a/fast] Error 2


