Performing C SOURCE FILE Test CMAKE_HAVE_LIBC_PTHREAD failed with the following output:
Change Dir: /home/student/Git-projects/robotproject-her-finn/build/multi_xarm5/CMakeFiles/CMakeScratch/TryCompile-hDoZwz

Run Build Command(s):/usr/bin/make -f Makefile cmTC_730c1/fast && /usr/bin/make  -f CMakeFiles/cmTC_730c1.dir/build.make CMakeFiles/cmTC_730c1.dir/build
make[1]: Entering directory '/home/student/Git-projects/robotproject-her-finn/build/multi_xarm5/CMakeFiles/CMakeScratch/TryCompile-hDoZwz'
Building C object CMakeFiles/cmTC_730c1.dir/src.c.o
/usr/bin/cc -DCMAKE_HAVE_LIBC_PTHREAD   -o CMakeFiles/cmTC_730c1.dir/src.c.o -c /home/student/Git-projects/robotproject-her-finn/build/multi_xarm5/CMakeFiles/CMakeScratch/TryCompile-hDoZwz/src.c
Linking C executable cmTC_730c1
/usr/bin/cmake -E cmake_link_script CMakeFiles/cmTC_730c1.dir/link.txt --verbose=1
/usr/bin/cc -rdynamic CMakeFiles/cmTC_730c1.dir/src.c.o -o cmTC_730c1 
CMakeFiles/cmTC_730c1.dir/src.c.o: In function `main':
src.c:(.text+0x3e): undefined reference to `pthread_create'
src.c:(.text+0x4a): undefined reference to `pthread_detach'
src.c:(.text+0x56): undefined reference to `pthread_cancel'
src.c:(.text+0x67): undefined reference to `pthread_join'
src.c:(.text+0x7b): undefined reference to `pthread_atfork'
collect2: error: ld returned 1 exit status
CMakeFiles/cmTC_730c1.dir/build.make:98: recipe for target 'cmTC_730c1' failed
make[1]: *** [cmTC_730c1] Error 1
make[1]: Leaving directory '/home/student/Git-projects/robotproject-her-finn/build/multi_xarm5/CMakeFiles/CMakeScratch/TryCompile-hDoZwz'
Makefile:127: recipe for target 'cmTC_730c1/fast' failed
make: *** [cmTC_730c1/fast] Error 2


Source file was:
#include <pthread.h>

static void* test_func(void* data)
{
  return data;
}

int main(void)
{
  pthread_t thread;
  pthread_create(&thread, NULL, test_func, NULL);
  pthread_detach(thread);
  pthread_cancel(thread);
  pthread_join(thread, NULL);
  pthread_atfork(NULL, NULL, NULL);
  pthread_exit(NULL);

  return 0;
}


Determining if the function pthread_create exists in the pthreads failed with the following output:
Change Dir: /home/student/Git-projects/robotproject-her-finn/build/multi_xarm5/CMakeFiles/CMakeScratch/TryCompile-yQ8i84

Run Build Command(s):/usr/bin/make -f Makefile cmTC_692fd/fast && /usr/bin/make  -f CMakeFiles/cmTC_692fd.dir/build.make CMakeFiles/cmTC_692fd.dir/build
make[1]: Entering directory '/home/student/Git-projects/robotproject-her-finn/build/multi_xarm5/CMakeFiles/CMakeScratch/TryCompile-yQ8i84'
Building C object CMakeFiles/cmTC_692fd.dir/CheckFunctionExists.c.o
/usr/bin/cc   -DCHECK_FUNCTION_EXISTS=pthread_create -o CMakeFiles/cmTC_692fd.dir/CheckFunctionExists.c.o -c /home/student/Git-projects/robotproject-her-finn/build/multi_xarm5/CMakeFiles/CMakeScratch/TryCompile-yQ8i84/CheckFunctionExists.c
Linking C executable cmTC_692fd
/usr/bin/cmake -E cmake_link_script CMakeFiles/cmTC_692fd.dir/link.txt --verbose=1
/usr/bin/cc  -DCHECK_FUNCTION_EXISTS=pthread_create -rdynamic CMakeFiles/cmTC_692fd.dir/CheckFunctionExists.c.o -o cmTC_692fd  -lpthreads 
/usr/bin/ld: cannot find -lpthreads
collect2: error: ld returned 1 exit status
CMakeFiles/cmTC_692fd.dir/build.make:98: recipe for target 'cmTC_692fd' failed
make[1]: *** [cmTC_692fd] Error 1
make[1]: Leaving directory '/home/student/Git-projects/robotproject-her-finn/build/multi_xarm5/CMakeFiles/CMakeScratch/TryCompile-yQ8i84'
Makefile:127: recipe for target 'cmTC_692fd/fast' failed
make: *** [cmTC_692fd/fast] Error 2



