[35m[1mScanning dependencies of target geometry_msgs_generate_messages_cpp[0m
[35m[1mScanning dependencies of target std_msgs_generate_messages_cpp[0m
[35m[1mScanning dependencies of target _xarm_planner_generate_messages_check_deps_pose_plan[0m
[  0%] Built target geometry_msgs_generate_messages_cpp
[  0%] Built target std_msgs_generate_messages_cpp
[35m[1mScanning dependencies of target _xarm_planner_generate_messages_check_deps_single_straight_plan[0m
[35m[1mScanning dependencies of target _xarm_planner_generate_messages_check_deps_joint_plan[0m
[  0%] Built target _xarm_planner_generate_messages_check_deps_pose_plan
[35m[1mScanning dependencies of target _xarm_planner_generate_messages_check_deps_exec_plan[0m
[  0%] Built target _xarm_planner_generate_messages_check_deps_single_straight_plan
[  0%] Built target _xarm_planner_generate_messages_check_deps_joint_plan
[35m[1mScanning dependencies of target std_msgs_generate_messages_nodejs[0m
[  0%] Built target _xarm_planner_generate_messages_check_deps_exec_plan
[35m[1mScanning dependencies of target geometry_msgs_generate_messages_nodejs[0m
[  0%] Built target std_msgs_generate_messages_nodejs
[  0%] Built target geometry_msgs_generate_messages_nodejs
[35m[1mScanning dependencies of target geometry_msgs_generate_messages_eus[0m
[35m[1mScanning dependencies of target std_msgs_generate_messages_eus[0m
[  0%] Built target geometry_msgs_generate_messages_eus
[35m[1mScanning dependencies of target xarm_msgs_generate_messages_cpp[0m
[35m[1mScanning dependencies of target std_msgs_generate_messages_lisp[0m
[  0%] Built target std_msgs_generate_messages_eus
[  0%] Built target xarm_msgs_generate_messages_cpp
[35m[1mScanning dependencies of target std_msgs_generate_messages_py[0m
[35m[1mScanning dependencies of target geometry_msgs_generate_messages_lisp[0m
[  0%] Built target std_msgs_generate_messages_lisp
[  0%] Built target std_msgs_generate_messages_py
[  0%] Built target geometry_msgs_generate_messages_lisp
[35m[1mScanning dependencies of target geometry_msgs_generate_messages_py[0m
[35m[1mScanning dependencies of target xarm_planner_generate_messages_cpp[0m
[35m[1mScanning dependencies of target xarm_planner_generate_messages_nodejs[0m
[  0%] Built target geometry_msgs_generate_messages_py
[  3%] [34m[1mGenerating C++ code from xarm_planner/joint_plan.srv[0m
[  7%] [34m[1mGenerating Javascript code from xarm_planner/joint_plan.srv[0m
[35m[1mScanning dependencies of target xarm_planner_generate_messages_eus[0m
[ 10%] [34m[1mGenerating EusLisp code from xarm_planner/joint_plan.srv[0m
[ 14%] [34m[1mGenerating Javascript code from xarm_planner/exec_plan.srv[0m
[ 17%] [34m[1mGenerating EusLisp code from xarm_planner/exec_plan.srv[0m
[ 21%] [34m[1mGenerating Javascript code from xarm_planner/pose_plan.srv[0m
[ 25%] [34m[1mGenerating Javascript code from xarm_planner/single_straight_plan.srv[0m
[ 28%] [34m[1mGenerating EusLisp code from xarm_planner/pose_plan.srv[0m
[ 28%] Built target xarm_planner_generate_messages_nodejs
[35m[1mScanning dependencies of target xarm_planner_generate_messages_lisp[0m
[ 32%] [34m[1mGenerating Lisp code from xarm_planner/joint_plan.srv[0m
[ 35%] [34m[1mGenerating EusLisp code from xarm_planner/single_straight_plan.srv[0m
[ 39%] [34m[1mGenerating Lisp code from xarm_planner/exec_plan.srv[0m
[ 42%] [34m[1mGenerating C++ code from xarm_planner/exec_plan.srv[0m
[ 46%] [34m[1mGenerating EusLisp manifest code for xarm_planner[0m
[ 50%] [34m[1mGenerating Lisp code from xarm_planner/pose_plan.srv[0m
[ 53%] [34m[1mGenerating Lisp code from xarm_planner/single_straight_plan.srv[0m
[ 53%] Built target xarm_planner_generate_messages_lisp
[35m[1mScanning dependencies of target xarm_planner_generate_messages_py[0m
[ 57%] [34m[1mGenerating Python code from SRV xarm_planner/joint_plan[0m
[ 60%] [34m[1mGenerating C++ code from xarm_planner/pose_plan.srv[0m
[ 64%] [34m[1mGenerating Python code from SRV xarm_planner/exec_plan[0m
[ 67%] [34m[1mGenerating C++ code from xarm_planner/single_straight_plan.srv[0m
[ 71%] [34m[1mGenerating Python code from SRV xarm_planner/pose_plan[0m
[ 75%] [34m[1mGenerating Python code from SRV xarm_planner/single_straight_plan[0m
[ 75%] Built target xarm_planner_generate_messages_cpp
[ 78%] [34m[1mGenerating Python srv __init__.py for xarm_planner[0m
[ 78%] Built target xarm_planner_generate_messages_py
[ 78%] Built target xarm_planner_generate_messages_eus
[35m[1mScanning dependencies of target xarm_gripper_planner[0m
[35m[1mScanning dependencies of target xarm_planner_generate_messages[0m
[35m[1mScanning dependencies of target xarm_simple_planner_test[0m
[ 78%] Built target xarm_planner_generate_messages
[35m[1mScanning dependencies of target xarm_simple_planner[0m
[ 82%] [32mBuilding CXX object CMakeFiles/xarm_simple_planner_test.dir/src/xarm_simple_planner_test.cpp.o[0m
[ 85%] [32mBuilding CXX object CMakeFiles/xarm_simple_planner.dir/src/xarm_simple_planner.cpp.o[0m
[ 89%] [32mBuilding CXX object CMakeFiles/xarm_gripper_planner.dir/src/xarm_gripper_planner.cpp.o[0m
[ 92%] [32m[1mLinking CXX executable /home/student/Git-projects/robotproject-her-finn/devel/.private/xarm_planner/lib/xarm_planner/xarm_simple_planner_test[0m
[ 92%] Built target xarm_simple_planner_test
[ 96%] [32m[1mLinking CXX executable /home/student/Git-projects/robotproject-her-finn/devel/.private/xarm_planner/lib/xarm_planner/xarm_gripper_planner[0m
[ 96%] Built target xarm_gripper_planner
[100%] [32m[1mLinking CXX executable /home/student/Git-projects/robotproject-her-finn/devel/.private/xarm_planner/lib/xarm_planner/xarm_simple_planner[0m
[100%] Built target xarm_simple_planner
