Symlinking /home/student/Git-projects/robotproject-her-finn/devel/include/xarm_planner/joint_planRequest.h
Symlinking /home/student/Git-projects/robotproject-her-finn/devel/include/xarm_planner/pose_planResponse.h
Symlinking /home/student/Git-projects/robotproject-her-finn/devel/include/xarm_planner/joint_planResponse.h
Symlinking /home/student/Git-projects/robotproject-her-finn/devel/include/xarm_planner/single_straight_planRequest.h
Symlinking /home/student/Git-projects/robotproject-her-finn/devel/include/xarm_planner/pose_plan.h
Symlinking /home/student/Git-projects/robotproject-her-finn/devel/include/xarm_planner/exec_planResponse.h
Symlinking /home/student/Git-projects/robotproject-her-finn/devel/include/xarm_planner/exec_planRequest.h
Symlinking /home/student/Git-projects/robotproject-her-finn/devel/include/xarm_planner/exec_plan.h
Symlinking /home/student/Git-projects/robotproject-her-finn/devel/include/xarm_planner/joint_plan.h
Symlinking /home/student/Git-projects/robotproject-her-finn/devel/include/xarm_planner/pose_planRequest.h
Symlinking /home/student/Git-projects/robotproject-her-finn/devel/include/xarm_planner/single_straight_planResponse.h
Symlinking /home/student/Git-projects/robotproject-her-finn/devel/include/xarm_planner/single_straight_plan.h
Symlinking /home/student/Git-projects/robotproject-her-finn/devel/lib/xarm_planner/xarm_gripper_planner
Symlinking /home/student/Git-projects/robotproject-her-finn/devel/lib/xarm_planner/xarm_simple_planner_test
Symlinking /home/student/Git-projects/robotproject-her-finn/devel/lib/xarm_planner/xarm_simple_planner
Symlinking /home/student/Git-projects/robotproject-her-finn/devel/lib/python2.7/dist-packages/xarm_planner/__init__.py
Symlinking /home/student/Git-projects/robotproject-her-finn/devel/lib/python2.7/dist-packages/xarm_planner/srv/_exec_plan.py
Symlinking /home/student/Git-projects/robotproject-her-finn/devel/lib/python2.7/dist-packages/xarm_planner/srv/__init__.py
Symlinking /home/student/Git-projects/robotproject-her-finn/devel/lib/python2.7/dist-packages/xarm_planner/srv/_pose_plan.py
Symlinking /home/student/Git-projects/robotproject-her-finn/devel/lib/python2.7/dist-packages/xarm_planner/srv/_joint_plan.py
Symlinking /home/student/Git-projects/robotproject-her-finn/devel/lib/python2.7/dist-packages/xarm_planner/srv/_single_straight_plan.py
Symlinking /home/student/Git-projects/robotproject-her-finn/devel/lib/pkgconfig/xarm_planner.pc
Symlinking /home/student/Git-projects/robotproject-her-finn/devel/share/xarm_planner/cmake/xarm_plannerConfig.cmake
Symlinking /home/student/Git-projects/robotproject-her-finn/devel/share/xarm_planner/cmake/xarm_plannerConfig-version.cmake
Symlinking /home/student/Git-projects/robotproject-her-finn/devel/share/xarm_planner/cmake/xarm_planner-msg-extras.cmake
Symlinking /home/student/Git-projects/robotproject-her-finn/devel/share/xarm_planner/cmake/xarm_planner-msg-paths.cmake
Symlinking /home/student/Git-projects/robotproject-her-finn/devel/share/gennodejs/ros/xarm_planner/_index.js
Symlinking /home/student/Git-projects/robotproject-her-finn/devel/share/gennodejs/ros/xarm_planner/srv/exec_plan.js
Symlinking /home/student/Git-projects/robotproject-her-finn/devel/share/gennodejs/ros/xarm_planner/srv/joint_plan.js
Symlinking /home/student/Git-projects/robotproject-her-finn/devel/share/gennodejs/ros/xarm_planner/srv/pose_plan.js
Symlinking /home/student/Git-projects/robotproject-her-finn/devel/share/gennodejs/ros/xarm_planner/srv/_index.js
Symlinking /home/student/Git-projects/robotproject-her-finn/devel/share/gennodejs/ros/xarm_planner/srv/single_straight_plan.js
Symlinking /home/student/Git-projects/robotproject-her-finn/devel/share/roseus/ros/xarm_planner/manifest.l
Symlinking /home/student/Git-projects/robotproject-her-finn/devel/share/roseus/ros/xarm_planner/srv/single_straight_plan.l
Symlinking /home/student/Git-projects/robotproject-her-finn/devel/share/roseus/ros/xarm_planner/srv/pose_plan.l
Symlinking /home/student/Git-projects/robotproject-her-finn/devel/share/roseus/ros/xarm_planner/srv/joint_plan.l
Symlinking /home/student/Git-projects/robotproject-her-finn/devel/share/roseus/ros/xarm_planner/srv/exec_plan.l
Symlinking /home/student/Git-projects/robotproject-her-finn/devel/share/common-lisp/ros/xarm_planner/srv/pose_plan.lisp
Symlinking /home/student/Git-projects/robotproject-her-finn/devel/share/common-lisp/ros/xarm_planner/srv/_package_joint_plan.lisp
Symlinking /home/student/Git-projects/robotproject-her-finn/devel/share/common-lisp/ros/xarm_planner/srv/exec_plan.lisp
Symlinking /home/student/Git-projects/robotproject-her-finn/devel/share/common-lisp/ros/xarm_planner/srv/_package.lisp
Symlinking /home/student/Git-projects/robotproject-her-finn/devel/share/common-lisp/ros/xarm_planner/srv/joint_plan.lisp
Symlinking /home/student/Git-projects/robotproject-her-finn/devel/share/common-lisp/ros/xarm_planner/srv/_package_exec_plan.lisp
Symlinking /home/student/Git-projects/robotproject-her-finn/devel/share/common-lisp/ros/xarm_planner/srv/_package_single_straight_plan.lisp
Symlinking /home/student/Git-projects/robotproject-her-finn/devel/share/common-lisp/ros/xarm_planner/srv/single_straight_plan.lisp
Symlinking /home/student/Git-projects/robotproject-her-finn/devel/share/common-lisp/ros/xarm_planner/srv/xarm_planner-srv.asd
Symlinking /home/student/Git-projects/robotproject-her-finn/devel/share/common-lisp/ros/xarm_planner/srv/_package_pose_plan.lisp
