Linked: (/home/student/Git-projects/robotproject-her-finn/devel/.private/xarm_planner/include/xarm_planner/joint_planRequest.h, /home/student/Git-projects/robotproject-her-finn/devel/include/xarm_planner/joint_planRequest.h)
Linked: (/home/student/Git-projects/robotproject-her-finn/devel/.private/xarm_planner/include/xarm_planner/pose_planResponse.h, /home/student/Git-projects/robotproject-her-finn/devel/include/xarm_planner/pose_planResponse.h)
Linked: (/home/student/Git-projects/robotproject-her-finn/devel/.private/xarm_planner/include/xarm_planner/joint_planResponse.h, /home/student/Git-projects/robotproject-her-finn/devel/include/xarm_planner/joint_planResponse.h)
Linked: (/home/student/Git-projects/robotproject-her-finn/devel/.private/xarm_planner/include/xarm_planner/single_straight_planRequest.h, /home/student/Git-projects/robotproject-her-finn/devel/include/xarm_planner/single_straight_planRequest.h)
Linked: (/home/student/Git-projects/robotproject-her-finn/devel/.private/xarm_planner/include/xarm_planner/pose_plan.h, /home/student/Git-projects/robotproject-her-finn/devel/include/xarm_planner/pose_plan.h)
Linked: (/home/student/Git-projects/robotproject-her-finn/devel/.private/xarm_planner/include/xarm_planner/exec_planResponse.h, /home/student/Git-projects/robotproject-her-finn/devel/include/xarm_planner/exec_planResponse.h)
Linked: (/home/student/Git-projects/robotproject-her-finn/devel/.private/xarm_planner/include/xarm_planner/exec_planRequest.h, /home/student/Git-projects/robotproject-her-finn/devel/include/xarm_planner/exec_planRequest.h)
Linked: (/home/student/Git-projects/robotproject-her-finn/devel/.private/xarm_planner/include/xarm_planner/exec_plan.h, /home/student/Git-projects/robotproject-her-finn/devel/include/xarm_planner/exec_plan.h)
Linked: (/home/student/Git-projects/robotproject-her-finn/devel/.private/xarm_planner/include/xarm_planner/joint_plan.h, /home/student/Git-projects/robotproject-her-finn/devel/include/xarm_planner/joint_plan.h)
Linked: (/home/student/Git-projects/robotproject-her-finn/devel/.private/xarm_planner/include/xarm_planner/pose_planRequest.h, /home/student/Git-projects/robotproject-her-finn/devel/include/xarm_planner/pose_planRequest.h)
Linked: (/home/student/Git-projects/robotproject-her-finn/devel/.private/xarm_planner/include/xarm_planner/single_straight_planResponse.h, /home/student/Git-projects/robotproject-her-finn/devel/include/xarm_planner/single_straight_planResponse.h)
Linked: (/home/student/Git-projects/robotproject-her-finn/devel/.private/xarm_planner/include/xarm_planner/single_straight_plan.h, /home/student/Git-projects/robotproject-her-finn/devel/include/xarm_planner/single_straight_plan.h)
Linked: (/home/student/Git-projects/robotproject-her-finn/devel/.private/xarm_planner/lib/xarm_planner/xarm_gripper_planner, /home/student/Git-projects/robotproject-her-finn/devel/lib/xarm_planner/xarm_gripper_planner)
Linked: (/home/student/Git-projects/robotproject-her-finn/devel/.private/xarm_planner/lib/xarm_planner/xarm_simple_planner_test, /home/student/Git-projects/robotproject-her-finn/devel/lib/xarm_planner/xarm_simple_planner_test)
Linked: (/home/student/Git-projects/robotproject-her-finn/devel/.private/xarm_planner/lib/xarm_planner/xarm_simple_planner, /home/student/Git-projects/robotproject-her-finn/devel/lib/xarm_planner/xarm_simple_planner)
Linked: (/home/student/Git-projects/robotproject-her-finn/devel/.private/xarm_planner/lib/python2.7/dist-packages/xarm_planner/__init__.py, /home/student/Git-projects/robotproject-her-finn/devel/lib/python2.7/dist-packages/xarm_planner/__init__.py)
Linked: (/home/student/Git-projects/robotproject-her-finn/devel/.private/xarm_planner/lib/python2.7/dist-packages/xarm_planner/srv/_exec_plan.py, /home/student/Git-projects/robotproject-her-finn/devel/lib/python2.7/dist-packages/xarm_planner/srv/_exec_plan.py)
Linked: (/home/student/Git-projects/robotproject-her-finn/devel/.private/xarm_planner/lib/python2.7/dist-packages/xarm_planner/srv/__init__.py, /home/student/Git-projects/robotproject-her-finn/devel/lib/python2.7/dist-packages/xarm_planner/srv/__init__.py)
Linked: (/home/student/Git-projects/robotproject-her-finn/devel/.private/xarm_planner/lib/python2.7/dist-packages/xarm_planner/srv/_pose_plan.py, /home/student/Git-projects/robotproject-her-finn/devel/lib/python2.7/dist-packages/xarm_planner/srv/_pose_plan.py)
Linked: (/home/student/Git-projects/robotproject-her-finn/devel/.private/xarm_planner/lib/python2.7/dist-packages/xarm_planner/srv/_joint_plan.py, /home/student/Git-projects/robotproject-her-finn/devel/lib/python2.7/dist-packages/xarm_planner/srv/_joint_plan.py)
Linked: (/home/student/Git-projects/robotproject-her-finn/devel/.private/xarm_planner/lib/python2.7/dist-packages/xarm_planner/srv/_single_straight_plan.py, /home/student/Git-projects/robotproject-her-finn/devel/lib/python2.7/dist-packages/xarm_planner/srv/_single_straight_plan.py)
Linked: (/home/student/Git-projects/robotproject-her-finn/devel/.private/xarm_planner/lib/pkgconfig/xarm_planner.pc, /home/student/Git-projects/robotproject-her-finn/devel/lib/pkgconfig/xarm_planner.pc)
Linked: (/home/student/Git-projects/robotproject-her-finn/devel/.private/xarm_planner/share/xarm_planner/cmake/xarm_plannerConfig.cmake, /home/student/Git-projects/robotproject-her-finn/devel/share/xarm_planner/cmake/xarm_plannerConfig.cmake)
Linked: (/home/student/Git-projects/robotproject-her-finn/devel/.private/xarm_planner/share/xarm_planner/cmake/xarm_plannerConfig-version.cmake, /home/student/Git-projects/robotproject-her-finn/devel/share/xarm_planner/cmake/xarm_plannerConfig-version.cmake)
Linked: (/home/student/Git-projects/robotproject-her-finn/devel/.private/xarm_planner/share/xarm_planner/cmake/xarm_planner-msg-extras.cmake, /home/student/Git-projects/robotproject-her-finn/devel/share/xarm_planner/cmake/xarm_planner-msg-extras.cmake)
Linked: (/home/student/Git-projects/robotproject-her-finn/devel/.private/xarm_planner/share/xarm_planner/cmake/xarm_planner-msg-paths.cmake, /home/student/Git-projects/robotproject-her-finn/devel/share/xarm_planner/cmake/xarm_planner-msg-paths.cmake)
Linked: (/home/student/Git-projects/robotproject-her-finn/devel/.private/xarm_planner/share/gennodejs/ros/xarm_planner/_index.js, /home/student/Git-projects/robotproject-her-finn/devel/share/gennodejs/ros/xarm_planner/_index.js)
Linked: (/home/student/Git-projects/robotproject-her-finn/devel/.private/xarm_planner/share/gennodejs/ros/xarm_planner/srv/exec_plan.js, /home/student/Git-projects/robotproject-her-finn/devel/share/gennodejs/ros/xarm_planner/srv/exec_plan.js)
Linked: (/home/student/Git-projects/robotproject-her-finn/devel/.private/xarm_planner/share/gennodejs/ros/xarm_planner/srv/joint_plan.js, /home/student/Git-projects/robotproject-her-finn/devel/share/gennodejs/ros/xarm_planner/srv/joint_plan.js)
Linked: (/home/student/Git-projects/robotproject-her-finn/devel/.private/xarm_planner/share/gennodejs/ros/xarm_planner/srv/pose_plan.js, /home/student/Git-projects/robotproject-her-finn/devel/share/gennodejs/ros/xarm_planner/srv/pose_plan.js)
Linked: (/home/student/Git-projects/robotproject-her-finn/devel/.private/xarm_planner/share/gennodejs/ros/xarm_planner/srv/_index.js, /home/student/Git-projects/robotproject-her-finn/devel/share/gennodejs/ros/xarm_planner/srv/_index.js)
Linked: (/home/student/Git-projects/robotproject-her-finn/devel/.private/xarm_planner/share/gennodejs/ros/xarm_planner/srv/single_straight_plan.js, /home/student/Git-projects/robotproject-her-finn/devel/share/gennodejs/ros/xarm_planner/srv/single_straight_plan.js)
Linked: (/home/student/Git-projects/robotproject-her-finn/devel/.private/xarm_planner/share/roseus/ros/xarm_planner/manifest.l, /home/student/Git-projects/robotproject-her-finn/devel/share/roseus/ros/xarm_planner/manifest.l)
Linked: (/home/student/Git-projects/robotproject-her-finn/devel/.private/xarm_planner/share/roseus/ros/xarm_planner/srv/single_straight_plan.l, /home/student/Git-projects/robotproject-her-finn/devel/share/roseus/ros/xarm_planner/srv/single_straight_plan.l)
Linked: (/home/student/Git-projects/robotproject-her-finn/devel/.private/xarm_planner/share/roseus/ros/xarm_planner/srv/pose_plan.l, /home/student/Git-projects/robotproject-her-finn/devel/share/roseus/ros/xarm_planner/srv/pose_plan.l)
Linked: (/home/student/Git-projects/robotproject-her-finn/devel/.private/xarm_planner/share/roseus/ros/xarm_planner/srv/joint_plan.l, /home/student/Git-projects/robotproject-her-finn/devel/share/roseus/ros/xarm_planner/srv/joint_plan.l)
Linked: (/home/student/Git-projects/robotproject-her-finn/devel/.private/xarm_planner/share/roseus/ros/xarm_planner/srv/exec_plan.l, /home/student/Git-projects/robotproject-her-finn/devel/share/roseus/ros/xarm_planner/srv/exec_plan.l)
Linked: (/home/student/Git-projects/robotproject-her-finn/devel/.private/xarm_planner/share/common-lisp/ros/xarm_planner/srv/pose_plan.lisp, /home/student/Git-projects/robotproject-her-finn/devel/share/common-lisp/ros/xarm_planner/srv/pose_plan.lisp)
Linked: (/home/student/Git-projects/robotproject-her-finn/devel/.private/xarm_planner/share/common-lisp/ros/xarm_planner/srv/_package_joint_plan.lisp, /home/student/Git-projects/robotproject-her-finn/devel/share/common-lisp/ros/xarm_planner/srv/_package_joint_plan.lisp)
Linked: (/home/student/Git-projects/robotproject-her-finn/devel/.private/xarm_planner/share/common-lisp/ros/xarm_planner/srv/exec_plan.lisp, /home/student/Git-projects/robotproject-her-finn/devel/share/common-lisp/ros/xarm_planner/srv/exec_plan.lisp)
Linked: (/home/student/Git-projects/robotproject-her-finn/devel/.private/xarm_planner/share/common-lisp/ros/xarm_planner/srv/_package.lisp, /home/student/Git-projects/robotproject-her-finn/devel/share/common-lisp/ros/xarm_planner/srv/_package.lisp)
Linked: (/home/student/Git-projects/robotproject-her-finn/devel/.private/xarm_planner/share/common-lisp/ros/xarm_planner/srv/joint_plan.lisp, /home/student/Git-projects/robotproject-her-finn/devel/share/common-lisp/ros/xarm_planner/srv/joint_plan.lisp)
Linked: (/home/student/Git-projects/robotproject-her-finn/devel/.private/xarm_planner/share/common-lisp/ros/xarm_planner/srv/_package_exec_plan.lisp, /home/student/Git-projects/robotproject-her-finn/devel/share/common-lisp/ros/xarm_planner/srv/_package_exec_plan.lisp)
Linked: (/home/student/Git-projects/robotproject-her-finn/devel/.private/xarm_planner/share/common-lisp/ros/xarm_planner/srv/_package_single_straight_plan.lisp, /home/student/Git-projects/robotproject-her-finn/devel/share/common-lisp/ros/xarm_planner/srv/_package_single_straight_plan.lisp)
Linked: (/home/student/Git-projects/robotproject-her-finn/devel/.private/xarm_planner/share/common-lisp/ros/xarm_planner/srv/single_straight_plan.lisp, /home/student/Git-projects/robotproject-her-finn/devel/share/common-lisp/ros/xarm_planner/srv/single_straight_plan.lisp)
Linked: (/home/student/Git-projects/robotproject-her-finn/devel/.private/xarm_planner/share/common-lisp/ros/xarm_planner/srv/xarm_planner-srv.asd, /home/student/Git-projects/robotproject-her-finn/devel/share/common-lisp/ros/xarm_planner/srv/xarm_planner-srv.asd)
Linked: (/home/student/Git-projects/robotproject-her-finn/devel/.private/xarm_planner/share/common-lisp/ros/xarm_planner/srv/_package_pose_plan.lisp, /home/student/Git-projects/robotproject-her-finn/devel/share/common-lisp/ros/xarm_planner/srv/_package_pose_plan.lisp)
