Symlinking /home/student/Git-projects/robotproject-her-finn/devel/./cmake.lock
Symlinking /home/student/Git-projects/robotproject-her-finn/devel/./setup.bash
Symlinking /home/student/Git-projects/robotproject-her-finn/devel/./_setup_util.py
Symlinking /home/student/Git-projects/robotproject-her-finn/devel/./env.sh
Symlinking /home/student/Git-projects/robotproject-her-finn/devel/./local_setup.zsh
Symlinking /home/student/Git-projects/robotproject-her-finn/devel/./local_setup.bash
Symlinking /home/student/Git-projects/robotproject-her-finn/devel/./setup.sh
Symlinking /home/student/Git-projects/robotproject-her-finn/devel/./local_setup.sh
Symlinking /home/student/Git-projects/robotproject-her-finn/devel/./setup.zsh
Symlinking /home/student/Git-projects/robotproject-her-finn/devel/lib/pkgconfig/catkin_tools_prebuild.pc
Symlinking /home/student/Git-projects/robotproject-her-finn/devel/share/catkin_tools_prebuild/cmake/catkin_tools_prebuildConfig-version.cmake
Symlinking /home/student/Git-projects/robotproject-her-finn/devel/share/catkin_tools_prebuild/cmake/catkin_tools_prebuildConfig.cmake
Cleaning: (/home/student/ufactory_ws/devel/.private/catkin_tools_prebuild/cmake.lock, /home/student/ufactory_ws/devel/./cmake.lock)
Cleaning: (/home/student/ufactory_ws/devel/.private/catkin_tools_prebuild/setup.bash, /home/student/ufactory_ws/devel/./setup.bash)
Cleaning: (/home/student/ufactory_ws/devel/.private/catkin_tools_prebuild/_setup_util.py, /home/student/ufactory_ws/devel/./_setup_util.py)
Cleaning: (/home/student/ufactory_ws/devel/.private/catkin_tools_prebuild/env.sh, /home/student/ufactory_ws/devel/./env.sh)
Cleaning: (/home/student/ufactory_ws/devel/.private/catkin_tools_prebuild/local_setup.zsh, /home/student/ufactory_ws/devel/./local_setup.zsh)
Cleaning: (/home/student/ufactory_ws/devel/.private/catkin_tools_prebuild/local_setup.bash, /home/student/ufactory_ws/devel/./local_setup.bash)
Cleaning: (/home/student/ufactory_ws/devel/.private/catkin_tools_prebuild/setup.sh, /home/student/ufactory_ws/devel/./setup.sh)
Cleaning: (/home/student/ufactory_ws/devel/.private/catkin_tools_prebuild/local_setup.sh, /home/student/ufactory_ws/devel/./local_setup.sh)
Cleaning: (/home/student/ufactory_ws/devel/.private/catkin_tools_prebuild/setup.zsh, /home/student/ufactory_ws/devel/./setup.zsh)
Cleaning: (/home/student/ufactory_ws/devel/.private/catkin_tools_prebuild/lib/pkgconfig/catkin_tools_prebuild.pc, /home/student/ufactory_ws/devel/lib/pkgconfig/catkin_tools_prebuild.pc)
Cleaning: (/home/student/ufactory_ws/devel/.private/catkin_tools_prebuild/share/catkin_tools_prebuild/cmake/catkin_tools_prebuildConfig-version.cmake, /home/student/ufactory_ws/devel/share/catkin_tools_prebuild/cmake/catkin_tools_prebuildConfig-version.cmake)
Cleaning: (/home/student/ufactory_ws/devel/.private/catkin_tools_prebuild/share/catkin_tools_prebuild/cmake/catkin_tools_prebuildConfig.cmake, /home/student/ufactory_ws/devel/share/catkin_tools_prebuild/cmake/catkin_tools_prebuildConfig.cmake)
Unlinking: /home/student/ufactory_ws/devel/./setup.bash
Unlinking: /home/student/ufactory_ws/devel/./_setup_util.py
Unlinking: /home/student/ufactory_ws/devel/./env.sh
Unlinking: /home/student/ufactory_ws/devel/./local_setup.zsh
Unlinking: /home/student/ufactory_ws/devel/./local_setup.bash
Unlinking: /home/student/ufactory_ws/devel/./setup.sh
Unlinking: /home/student/ufactory_ws/devel/./local_setup.sh
Unlinking: /home/student/ufactory_ws/devel/./setup.zsh
Unlinking: /home/student/ufactory_ws/devel/lib/pkgconfig/catkin_tools_prebuild.pc
Unlinking: /home/student/ufactory_ws/devel/share/catkin_tools_prebuild/cmake/catkin_tools_prebuildConfig-version.cmake
Unlinking: /home/student/ufactory_ws/devel/share/catkin_tools_prebuild/cmake/catkin_tools_prebuildConfig.cmake
