[  0%] Built target actionlib_msgs_generate_messages_py
[  0%] Built target _hoofdprogramma_generate_messages_check_deps_PickAndPlaceFeedback
[  0%] Built target _hoofdprogramma_generate_messages_check_deps_PickAndPlaceActionFeedback
[  0%] Built target _hoofdprogramma_generate_messages_check_deps_ConveyorControl
[  0%] Built target _hoofdprogramma_generate_messages_check_deps_PickAndPlaceAction
[  0%] Built target _hoofdprogramma_generate_messages_check_deps_PickAndPlaceGoal
[  0%] Built target _hoofdprogramma_generate_messages_check_deps_PickAndPlaceActionGoal
[  0%] Built target geometry_msgs_generate_messages_py
[  0%] Built target std_msgs_generate_messages_py
[  0%] Built target _hoofdprogramma_generate_messages_check_deps_PickAndPlaceResult
[  0%] Built target _hoofdprogramma_generate_messages_check_deps_objectDetection
[  0%] Built target _hoofdprogramma_generate_messages_check_deps_StopCyclus
[  0%] Built target _hoofdprogramma_generate_messages_check_deps_StartCyclus
[  0%] Built target _hoofdprogramma_generate_messages_check_deps_PickAndPlaceActionResult
[  0%] Built target _hoofdprogramma_generate_messages_check_deps_ResetCyclus
[  0%] Built target actionlib_msgs_generate_messages_nodejs
[  0%] Built target std_msgs_generate_messages_nodejs
[  0%] Built target geometry_msgs_generate_messages_nodejs
[  0%] Built target actionlib_msgs_generate_messages_lisp
[  0%] Built target std_msgs_generate_messages_lisp
[  0%] Built target geometry_msgs_generate_messages_lisp
[  0%] Built target geometry_msgs_generate_messages_cpp
[  0%] Built target std_msgs_generate_messages_cpp
[  0%] Built target actionlib_msgs_generate_messages_cpp
[  0%] Built target std_msgs_generate_messages_eus
[  0%] Built target geometry_msgs_generate_messages_eus
[  0%] Built target actionlib_msgs_generate_messages_eus
[ 22%] Built target hoofdprogramma_generate_messages_py
[ 41%] Built target hoofdprogramma_generate_messages_lisp
[ 60%] Built target hoofdprogramma_generate_messages_nodejs
[ 79%] Built target hoofdprogramma_generate_messages_cpp
[100%] Built target hoofdprogramma_generate_messages_eus
[100%] Built target hoofdprogramma_generate_messages
