Symlinking /home/student/Git-projects/robotproject-her-finn/devel/include/hoofdprogramma/StartCyclusRequest.h
Symlinking /home/student/Git-projects/robotproject-her-finn/devel/include/hoofdprogramma/PickAndPlaceActionGoal.h
Symlinking /home/student/Git-projects/robotproject-her-finn/devel/include/hoofdprogramma/PickAndPlaceFeedback.h
Symlinking /home/student/Git-projects/robotproject-her-finn/devel/include/hoofdprogramma/PickAndPlaceGoal.h
Symlinking /home/student/Git-projects/robotproject-her-finn/devel/include/hoofdprogramma/PickAndPlaceAction.h
Symlinking /home/student/Git-projects/robotproject-her-finn/devel/include/hoofdprogramma/StartCyclusResponse.h
Symlinking /home/student/Git-projects/robotproject-her-finn/devel/include/hoofdprogramma/StartCyclus.h
Symlinking /home/student/Git-projects/robotproject-her-finn/devel/include/hoofdprogramma/PickAndPlaceActionFeedback.h
Symlinking /home/student/Git-projects/robotproject-her-finn/devel/include/hoofdprogramma/PickAndPlaceResult.h
Symlinking /home/student/Git-projects/robotproject-her-finn/devel/include/hoofdprogramma/PickAndPlaceActionResult.h
Symlinking /home/student/Git-projects/robotproject-her-finn/devel/include/hoofdprogramma/objectDetection.h
Symlinking /home/student/Git-projects/robotproject-her-finn/devel/lib/python2.7/dist-packages/hoofdprogramma/__init__.py
Symlinking /home/student/Git-projects/robotproject-her-finn/devel/lib/python2.7/dist-packages/hoofdprogramma/msg/_objectDetection.py
Symlinking /home/student/Git-projects/robotproject-her-finn/devel/lib/python2.7/dist-packages/hoofdprogramma/msg/_PickAndPlaceActionGoal.py
Symlinking /home/student/Git-projects/robotproject-her-finn/devel/lib/python2.7/dist-packages/hoofdprogramma/msg/__init__.py
Symlinking /home/student/Git-projects/robotproject-her-finn/devel/lib/python2.7/dist-packages/hoofdprogramma/msg/_PickAndPlaceAction.py
Symlinking /home/student/Git-projects/robotproject-her-finn/devel/lib/python2.7/dist-packages/hoofdprogramma/msg/_PickAndPlaceActionResult.py
Symlinking /home/student/Git-projects/robotproject-her-finn/devel/lib/python2.7/dist-packages/hoofdprogramma/msg/_PickAndPlaceActionFeedback.py
Symlinking /home/student/Git-projects/robotproject-her-finn/devel/lib/python2.7/dist-packages/hoofdprogramma/msg/_PickAndPlaceResult.py
Symlinking /home/student/Git-projects/robotproject-her-finn/devel/lib/python2.7/dist-packages/hoofdprogramma/msg/_PickAndPlaceGoal.py
Symlinking /home/student/Git-projects/robotproject-her-finn/devel/lib/python2.7/dist-packages/hoofdprogramma/msg/_PickAndPlaceFeedback.py
Symlinking /home/student/Git-projects/robotproject-her-finn/devel/lib/python2.7/dist-packages/hoofdprogramma/srv/_StartCyclus.py
Symlinking /home/student/Git-projects/robotproject-her-finn/devel/lib/python2.7/dist-packages/hoofdprogramma/srv/__init__.py
Symlinking /home/student/Git-projects/robotproject-her-finn/devel/lib/pkgconfig/hoofdprogramma.pc
Symlinking /home/student/Git-projects/robotproject-her-finn/devel/share/gennodejs/ros/hoofdprogramma/_index.js
Symlinking /home/student/Git-projects/robotproject-her-finn/devel/share/gennodejs/ros/hoofdprogramma/msg/PickAndPlaceFeedback.js
Symlinking /home/student/Git-projects/robotproject-her-finn/devel/share/gennodejs/ros/hoofdprogramma/msg/objectDetection.js
Symlinking /home/student/Git-projects/robotproject-her-finn/devel/share/gennodejs/ros/hoofdprogramma/msg/PickAndPlaceActionResult.js
Symlinking /home/student/Git-projects/robotproject-her-finn/devel/share/gennodejs/ros/hoofdprogramma/msg/PickAndPlaceGoal.js
Symlinking /home/student/Git-projects/robotproject-her-finn/devel/share/gennodejs/ros/hoofdprogramma/msg/PickAndPlaceActionFeedback.js
Symlinking /home/student/Git-projects/robotproject-her-finn/devel/share/gennodejs/ros/hoofdprogramma/msg/PickAndPlaceActionGoal.js
Symlinking /home/student/Git-projects/robotproject-her-finn/devel/share/gennodejs/ros/hoofdprogramma/msg/_index.js
Symlinking /home/student/Git-projects/robotproject-her-finn/devel/share/gennodejs/ros/hoofdprogramma/msg/PickAndPlaceAction.js
Symlinking /home/student/Git-projects/robotproject-her-finn/devel/share/gennodejs/ros/hoofdprogramma/msg/PickAndPlaceResult.js
Symlinking /home/student/Git-projects/robotproject-her-finn/devel/share/gennodejs/ros/hoofdprogramma/srv/StartCyclus.js
Symlinking /home/student/Git-projects/robotproject-her-finn/devel/share/gennodejs/ros/hoofdprogramma/srv/_index.js
Symlinking /home/student/Git-projects/robotproject-her-finn/devel/share/roseus/ros/hoofdprogramma/manifest.l
Symlinking /home/student/Git-projects/robotproject-her-finn/devel/share/roseus/ros/hoofdprogramma/msg/PickAndPlaceAction.l
Symlinking /home/student/Git-projects/robotproject-her-finn/devel/share/roseus/ros/hoofdprogramma/msg/objectDetection.l
Symlinking /home/student/Git-projects/robotproject-her-finn/devel/share/roseus/ros/hoofdprogramma/msg/PickAndPlaceGoal.l
Symlinking /home/student/Git-projects/robotproject-her-finn/devel/share/roseus/ros/hoofdprogramma/msg/PickAndPlaceActionFeedback.l
Symlinking /home/student/Git-projects/robotproject-her-finn/devel/share/roseus/ros/hoofdprogramma/msg/PickAndPlaceActionGoal.l
Symlinking /home/student/Git-projects/robotproject-her-finn/devel/share/roseus/ros/hoofdprogramma/msg/PickAndPlaceActionResult.l
Symlinking /home/student/Git-projects/robotproject-her-finn/devel/share/roseus/ros/hoofdprogramma/msg/PickAndPlaceFeedback.l
Symlinking /home/student/Git-projects/robotproject-her-finn/devel/share/roseus/ros/hoofdprogramma/msg/PickAndPlaceResult.l
Symlinking /home/student/Git-projects/robotproject-her-finn/devel/share/roseus/ros/hoofdprogramma/srv/StartCyclus.l
Symlinking /home/student/Git-projects/robotproject-her-finn/devel/share/common-lisp/ros/hoofdprogramma/msg/_package_PickAndPlaceActionResult.lisp
Symlinking /home/student/Git-projects/robotproject-her-finn/devel/share/common-lisp/ros/hoofdprogramma/msg/objectDetection.lisp
Symlinking /home/student/Git-projects/robotproject-her-finn/devel/share/common-lisp/ros/hoofdprogramma/msg/PickAndPlaceActionGoal.lisp
Symlinking /home/student/Git-projects/robotproject-her-finn/devel/share/common-lisp/ros/hoofdprogramma/msg/PickAndPlaceGoal.lisp
Symlinking /home/student/Git-projects/robotproject-her-finn/devel/share/common-lisp/ros/hoofdprogramma/msg/_package_objectDetection.lisp
Symlinking /home/student/Git-projects/robotproject-her-finn/devel/share/common-lisp/ros/hoofdprogramma/msg/PickAndPlaceFeedback.lisp
Symlinking /home/student/Git-projects/robotproject-her-finn/devel/share/common-lisp/ros/hoofdprogramma/msg/_package.lisp
Symlinking /home/student/Git-projects/robotproject-her-finn/devel/share/common-lisp/ros/hoofdprogramma/msg/hoofdprogramma-msg.asd
Symlinking /home/student/Git-projects/robotproject-her-finn/devel/share/common-lisp/ros/hoofdprogramma/msg/PickAndPlaceActionFeedback.lisp
Symlinking /home/student/Git-projects/robotproject-her-finn/devel/share/common-lisp/ros/hoofdprogramma/msg/PickAndPlaceActionResult.lisp
Symlinking /home/student/Git-projects/robotproject-her-finn/devel/share/common-lisp/ros/hoofdprogramma/msg/PickAndPlaceAction.lisp
Symlinking /home/student/Git-projects/robotproject-her-finn/devel/share/common-lisp/ros/hoofdprogramma/msg/_package_PickAndPlaceActionFeedback.lisp
Symlinking /home/student/Git-projects/robotproject-her-finn/devel/share/common-lisp/ros/hoofdprogramma/msg/_package_PickAndPlaceResult.lisp
Symlinking /home/student/Git-projects/robotproject-her-finn/devel/share/common-lisp/ros/hoofdprogramma/msg/_package_PickAndPlaceFeedback.lisp
Symlinking /home/student/Git-projects/robotproject-her-finn/devel/share/common-lisp/ros/hoofdprogramma/msg/_package_PickAndPlaceActionGoal.lisp
Symlinking /home/student/Git-projects/robotproject-her-finn/devel/share/common-lisp/ros/hoofdprogramma/msg/_package_PickAndPlaceGoal.lisp
Symlinking /home/student/Git-projects/robotproject-her-finn/devel/share/common-lisp/ros/hoofdprogramma/msg/_package_PickAndPlaceAction.lisp
Symlinking /home/student/Git-projects/robotproject-her-finn/devel/share/common-lisp/ros/hoofdprogramma/msg/PickAndPlaceResult.lisp
Symlinking /home/student/Git-projects/robotproject-her-finn/devel/share/common-lisp/ros/hoofdprogramma/srv/_package.lisp
Symlinking /home/student/Git-projects/robotproject-her-finn/devel/share/common-lisp/ros/hoofdprogramma/srv/StartCyclus.lisp
Symlinking /home/student/Git-projects/robotproject-her-finn/devel/share/common-lisp/ros/hoofdprogramma/srv/hoofdprogramma-srv.asd
Symlinking /home/student/Git-projects/robotproject-her-finn/devel/share/common-lisp/ros/hoofdprogramma/srv/_package_StartCyclus.lisp
Symlinking /home/student/Git-projects/robotproject-her-finn/devel/share/hoofdprogramma/msg/PickAndPlaceResult.msg
Symlinking /home/student/Git-projects/robotproject-her-finn/devel/share/hoofdprogramma/msg/PickAndPlaceActionFeedback.msg
Symlinking /home/student/Git-projects/robotproject-her-finn/devel/share/hoofdprogramma/msg/PickAndPlaceAction.msg
Symlinking /home/student/Git-projects/robotproject-her-finn/devel/share/hoofdprogramma/msg/PickAndPlaceActionGoal.msg
Symlinking /home/student/Git-projects/robotproject-her-finn/devel/share/hoofdprogramma/msg/PickAndPlaceGoal.msg
Symlinking /home/student/Git-projects/robotproject-her-finn/devel/share/hoofdprogramma/msg/PickAndPlaceActionResult.msg
Symlinking /home/student/Git-projects/robotproject-her-finn/devel/share/hoofdprogramma/msg/PickAndPlaceFeedback.msg
Symlinking /home/student/Git-projects/robotproject-her-finn/devel/share/hoofdprogramma/cmake/hoofdprogramma-msg-paths.cmake
Symlinking /home/student/Git-projects/robotproject-her-finn/devel/share/hoofdprogramma/cmake/hoofdprogrammaConfig.cmake
Symlinking /home/student/Git-projects/robotproject-her-finn/devel/share/hoofdprogramma/cmake/hoofdprogrammaConfig-version.cmake
Symlinking /home/student/Git-projects/robotproject-her-finn/devel/share/hoofdprogramma/cmake/hoofdprogramma-msg-extras.cmake
