[  0%] Built target actionlib_msgs_generate_messages_py
[  0%] Built target _hoofdprogramma_generate_messages_check_deps_PickAndPlaceFeedback
[  0%] Built target _hoofdprogramma_generate_messages_check_deps_PickAndPlaceActionFeedback
[  0%] Built target _hoofdprogramma_generate_messages_check_deps_ConveyorControl
[  0%] Built target _hoofdprogramma_generate_messages_check_deps_PickAndPlaceAction
[  0%] Built target _hoofdprogramma_generate_messages_check_deps_PickAndPlaceGoal
[  0%] Built target geometry_msgs_generate_messages_py
[  0%] Built target _hoofdprogramma_generate_messages_check_deps_PickAndPlaceActionGoal
[  0%] Built target std_msgs_generate_messages_py
[  0%] Built target _hoofdprogramma_generate_messages_check_deps_PickAndPlaceResult
[  0%] Built target _hoofdprogramma_generate_messages_check_deps_objectDetection
[  0%] Built target _hoofdprogramma_generate_messages_check_deps_PickAndPlaceActionResult
[  0%] Built target _hoofdprogramma_generate_messages_check_deps_StartCyclus
[  0%] Built target std_msgs_generate_messages_nodejs
[  0%] Built target actionlib_msgs_generate_messages_nodejs
[  0%] Built target geometry_msgs_generate_messages_nodejs
[  0%] Built target actionlib_msgs_generate_messages_lisp
[  0%] Built target std_msgs_generate_messages_lisp
[  0%] Built target geometry_msgs_generate_messages_lisp
[  0%] Built target actionlib_msgs_generate_messages_cpp
[  0%] Built target geometry_msgs_generate_messages_cpp
[  0%] Built target std_msgs_generate_messages_cpp
[  0%] Built target std_msgs_generate_messages_eus
[  0%] Built target geometry_msgs_generate_messages_eus
[  1%] [34m[1mGenerating Python code from SRV hoofdprogramma/ConveyorControl[0m
[  1%] Built target actionlib_msgs_generate_messages_eus
[  3%] [34m[1mGenerating Javascript code from hoofdprogramma/ConveyorControl.srv[0m
[  5%] [34m[1mGenerating Lisp code from hoofdprogramma/ConveyorControl.srv[0m
[ 22%] Built target hoofdprogramma_generate_messages_nodejs
[ 24%] [34m[1mGenerating Python msg __init__.py for hoofdprogramma[0m
[ 41%] Built target hoofdprogramma_generate_messages_lisp
[ 43%] [34m[1mGenerating C++ code from hoofdprogramma/ConveyorControl.srv[0m
[ 45%] [34m[1mGenerating EusLisp code from hoofdprogramma/ConveyorControl.srv[0m
[ 62%] Built target hoofdprogramma_generate_messages_cpp
[ 81%] Built target hoofdprogramma_generate_messages_eus
[ 83%] [34m[1mGenerating Python srv __init__.py for hoofdprogramma[0m
[100%] Built target hoofdprogramma_generate_messages_py
[100%] Built target hoofdprogramma_generate_messages
