Linked: (/home/student/Git-projects/robotproject-her-finn/devel/.private/hoofdprogramma/include/hoofdprogramma/StartCyclusRequest.h, /home/student/Git-projects/robotproject-her-finn/devel/include/hoofdprogramma/StartCyclusRequest.h)
Linked: (/home/student/Git-projects/robotproject-her-finn/devel/.private/hoofdprogramma/include/hoofdprogramma/PickAndPlaceActionGoal.h, /home/student/Git-projects/robotproject-her-finn/devel/include/hoofdprogramma/PickAndPlaceActionGoal.h)
Linked: (/home/student/Git-projects/robotproject-her-finn/devel/.private/hoofdprogramma/include/hoofdprogramma/PickAndPlaceFeedback.h, /home/student/Git-projects/robotproject-her-finn/devel/include/hoofdprogramma/PickAndPlaceFeedback.h)
Linked: (/home/student/Git-projects/robotproject-her-finn/devel/.private/hoofdprogramma/include/hoofdprogramma/PickAndPlaceGoal.h, /home/student/Git-projects/robotproject-her-finn/devel/include/hoofdprogramma/PickAndPlaceGoal.h)
Linked: (/home/student/Git-projects/robotproject-her-finn/devel/.private/hoofdprogramma/include/hoofdprogramma/PickAndPlaceAction.h, /home/student/Git-projects/robotproject-her-finn/devel/include/hoofdprogramma/PickAndPlaceAction.h)
Symlinking /home/student/Git-projects/robotproject-her-finn/devel/include/hoofdprogramma/StopCyclusResponse.h
Linked: (/home/student/Git-projects/robotproject-her-finn/devel/.private/hoofdprogramma/include/hoofdprogramma/StartCyclusResponse.h, /home/student/Git-projects/robotproject-her-finn/devel/include/hoofdprogramma/StartCyclusResponse.h)
Linked: (/home/student/Git-projects/robotproject-her-finn/devel/.private/hoofdprogramma/include/hoofdprogramma/StartCyclus.h, /home/student/Git-projects/robotproject-her-finn/devel/include/hoofdprogramma/StartCyclus.h)
Symlinking /home/student/Git-projects/robotproject-her-finn/devel/include/hoofdprogramma/StopCyclusRequest.h
Linked: (/home/student/Git-projects/robotproject-her-finn/devel/.private/hoofdprogramma/include/hoofdprogramma/PickAndPlaceActionFeedback.h, /home/student/Git-projects/robotproject-her-finn/devel/include/hoofdprogramma/PickAndPlaceActionFeedback.h)
Linked: (/home/student/Git-projects/robotproject-her-finn/devel/.private/hoofdprogramma/include/hoofdprogramma/PickAndPlaceResult.h, /home/student/Git-projects/robotproject-her-finn/devel/include/hoofdprogramma/PickAndPlaceResult.h)
Linked: (/home/student/Git-projects/robotproject-her-finn/devel/.private/hoofdprogramma/include/hoofdprogramma/ConveyorControlRequest.h, /home/student/Git-projects/robotproject-her-finn/devel/include/hoofdprogramma/ConveyorControlRequest.h)
Linked: (/home/student/Git-projects/robotproject-her-finn/devel/.private/hoofdprogramma/include/hoofdprogramma/PickAndPlaceActionResult.h, /home/student/Git-projects/robotproject-her-finn/devel/include/hoofdprogramma/PickAndPlaceActionResult.h)
Linked: (/home/student/Git-projects/robotproject-her-finn/devel/.private/hoofdprogramma/include/hoofdprogramma/ConveyorControl.h, /home/student/Git-projects/robotproject-her-finn/devel/include/hoofdprogramma/ConveyorControl.h)
Linked: (/home/student/Git-projects/robotproject-her-finn/devel/.private/hoofdprogramma/include/hoofdprogramma/ConveyorControlResponse.h, /home/student/Git-projects/robotproject-her-finn/devel/include/hoofdprogramma/ConveyorControlResponse.h)
Linked: (/home/student/Git-projects/robotproject-her-finn/devel/.private/hoofdprogramma/include/hoofdprogramma/objectDetection.h, /home/student/Git-projects/robotproject-her-finn/devel/include/hoofdprogramma/objectDetection.h)
Symlinking /home/student/Git-projects/robotproject-her-finn/devel/include/hoofdprogramma/StopCyclus.h
Linked: (/home/student/Git-projects/robotproject-her-finn/devel/.private/hoofdprogramma/lib/python2.7/dist-packages/hoofdprogramma/__init__.py, /home/student/Git-projects/robotproject-her-finn/devel/lib/python2.7/dist-packages/hoofdprogramma/__init__.py)
Linked: (/home/student/Git-projects/robotproject-her-finn/devel/.private/hoofdprogramma/lib/python2.7/dist-packages/hoofdprogramma/msg/_objectDetection.py, /home/student/Git-projects/robotproject-her-finn/devel/lib/python2.7/dist-packages/hoofdprogramma/msg/_objectDetection.py)
Linked: (/home/student/Git-projects/robotproject-her-finn/devel/.private/hoofdprogramma/lib/python2.7/dist-packages/hoofdprogramma/msg/_PickAndPlaceActionGoal.py, /home/student/Git-projects/robotproject-her-finn/devel/lib/python2.7/dist-packages/hoofdprogramma/msg/_PickAndPlaceActionGoal.py)
Linked: (/home/student/Git-projects/robotproject-her-finn/devel/.private/hoofdprogramma/lib/python2.7/dist-packages/hoofdprogramma/msg/__init__.py, /home/student/Git-projects/robotproject-her-finn/devel/lib/python2.7/dist-packages/hoofdprogramma/msg/__init__.py)
Linked: (/home/student/Git-projects/robotproject-her-finn/devel/.private/hoofdprogramma/lib/python2.7/dist-packages/hoofdprogramma/msg/_PickAndPlaceAction.py, /home/student/Git-projects/robotproject-her-finn/devel/lib/python2.7/dist-packages/hoofdprogramma/msg/_PickAndPlaceAction.py)
Linked: (/home/student/Git-projects/robotproject-her-finn/devel/.private/hoofdprogramma/lib/python2.7/dist-packages/hoofdprogramma/msg/_PickAndPlaceActionResult.py, /home/student/Git-projects/robotproject-her-finn/devel/lib/python2.7/dist-packages/hoofdprogramma/msg/_PickAndPlaceActionResult.py)
Linked: (/home/student/Git-projects/robotproject-her-finn/devel/.private/hoofdprogramma/lib/python2.7/dist-packages/hoofdprogramma/msg/_PickAndPlaceActionFeedback.py, /home/student/Git-projects/robotproject-her-finn/devel/lib/python2.7/dist-packages/hoofdprogramma/msg/_PickAndPlaceActionFeedback.py)
Linked: (/home/student/Git-projects/robotproject-her-finn/devel/.private/hoofdprogramma/lib/python2.7/dist-packages/hoofdprogramma/msg/_PickAndPlaceResult.py, /home/student/Git-projects/robotproject-her-finn/devel/lib/python2.7/dist-packages/hoofdprogramma/msg/_PickAndPlaceResult.py)
Linked: (/home/student/Git-projects/robotproject-her-finn/devel/.private/hoofdprogramma/lib/python2.7/dist-packages/hoofdprogramma/msg/_PickAndPlaceGoal.py, /home/student/Git-projects/robotproject-her-finn/devel/lib/python2.7/dist-packages/hoofdprogramma/msg/_PickAndPlaceGoal.py)
Linked: (/home/student/Git-projects/robotproject-her-finn/devel/.private/hoofdprogramma/lib/python2.7/dist-packages/hoofdprogramma/msg/_PickAndPlaceFeedback.py, /home/student/Git-projects/robotproject-her-finn/devel/lib/python2.7/dist-packages/hoofdprogramma/msg/_PickAndPlaceFeedback.py)
Symlinking /home/student/Git-projects/robotproject-her-finn/devel/lib/python2.7/dist-packages/hoofdprogramma/srv/_StopCyclus.py
Linked: (/home/student/Git-projects/robotproject-her-finn/devel/.private/hoofdprogramma/lib/python2.7/dist-packages/hoofdprogramma/srv/_StartCyclus.py, /home/student/Git-projects/robotproject-her-finn/devel/lib/python2.7/dist-packages/hoofdprogramma/srv/_StartCyclus.py)
Linked: (/home/student/Git-projects/robotproject-her-finn/devel/.private/hoofdprogramma/lib/python2.7/dist-packages/hoofdprogramma/srv/__init__.py, /home/student/Git-projects/robotproject-her-finn/devel/lib/python2.7/dist-packages/hoofdprogramma/srv/__init__.py)
Linked: (/home/student/Git-projects/robotproject-her-finn/devel/.private/hoofdprogramma/lib/python2.7/dist-packages/hoofdprogramma/srv/_ConveyorControl.py, /home/student/Git-projects/robotproject-her-finn/devel/lib/python2.7/dist-packages/hoofdprogramma/srv/_ConveyorControl.py)
Linked: (/home/student/Git-projects/robotproject-her-finn/devel/.private/hoofdprogramma/lib/pkgconfig/hoofdprogramma.pc, /home/student/Git-projects/robotproject-her-finn/devel/lib/pkgconfig/hoofdprogramma.pc)
Linked: (/home/student/Git-projects/robotproject-her-finn/devel/.private/hoofdprogramma/share/gennodejs/ros/hoofdprogramma/_index.js, /home/student/Git-projects/robotproject-her-finn/devel/share/gennodejs/ros/hoofdprogramma/_index.js)
Linked: (/home/student/Git-projects/robotproject-her-finn/devel/.private/hoofdprogramma/share/gennodejs/ros/hoofdprogramma/msg/PickAndPlaceFeedback.js, /home/student/Git-projects/robotproject-her-finn/devel/share/gennodejs/ros/hoofdprogramma/msg/PickAndPlaceFeedback.js)
Linked: (/home/student/Git-projects/robotproject-her-finn/devel/.private/hoofdprogramma/share/gennodejs/ros/hoofdprogramma/msg/objectDetection.js, /home/student/Git-projects/robotproject-her-finn/devel/share/gennodejs/ros/hoofdprogramma/msg/objectDetection.js)
Linked: (/home/student/Git-projects/robotproject-her-finn/devel/.private/hoofdprogramma/share/gennodejs/ros/hoofdprogramma/msg/PickAndPlaceActionResult.js, /home/student/Git-projects/robotproject-her-finn/devel/share/gennodejs/ros/hoofdprogramma/msg/PickAndPlaceActionResult.js)
Linked: (/home/student/Git-projects/robotproject-her-finn/devel/.private/hoofdprogramma/share/gennodejs/ros/hoofdprogramma/msg/PickAndPlaceGoal.js, /home/student/Git-projects/robotproject-her-finn/devel/share/gennodejs/ros/hoofdprogramma/msg/PickAndPlaceGoal.js)
Linked: (/home/student/Git-projects/robotproject-her-finn/devel/.private/hoofdprogramma/share/gennodejs/ros/hoofdprogramma/msg/PickAndPlaceActionFeedback.js, /home/student/Git-projects/robotproject-her-finn/devel/share/gennodejs/ros/hoofdprogramma/msg/PickAndPlaceActionFeedback.js)
Linked: (/home/student/Git-projects/robotproject-her-finn/devel/.private/hoofdprogramma/share/gennodejs/ros/hoofdprogramma/msg/PickAndPlaceActionGoal.js, /home/student/Git-projects/robotproject-her-finn/devel/share/gennodejs/ros/hoofdprogramma/msg/PickAndPlaceActionGoal.js)
Linked: (/home/student/Git-projects/robotproject-her-finn/devel/.private/hoofdprogramma/share/gennodejs/ros/hoofdprogramma/msg/_index.js, /home/student/Git-projects/robotproject-her-finn/devel/share/gennodejs/ros/hoofdprogramma/msg/_index.js)
Linked: (/home/student/Git-projects/robotproject-her-finn/devel/.private/hoofdprogramma/share/gennodejs/ros/hoofdprogramma/msg/PickAndPlaceAction.js, /home/student/Git-projects/robotproject-her-finn/devel/share/gennodejs/ros/hoofdprogramma/msg/PickAndPlaceAction.js)
Linked: (/home/student/Git-projects/robotproject-her-finn/devel/.private/hoofdprogramma/share/gennodejs/ros/hoofdprogramma/msg/PickAndPlaceResult.js, /home/student/Git-projects/robotproject-her-finn/devel/share/gennodejs/ros/hoofdprogramma/msg/PickAndPlaceResult.js)
Symlinking /home/student/Git-projects/robotproject-her-finn/devel/share/gennodejs/ros/hoofdprogramma/srv/StopCyclus.js
Linked: (/home/student/Git-projects/robotproject-her-finn/devel/.private/hoofdprogramma/share/gennodejs/ros/hoofdprogramma/srv/StartCyclus.js, /home/student/Git-projects/robotproject-her-finn/devel/share/gennodejs/ros/hoofdprogramma/srv/StartCyclus.js)
Linked: (/home/student/Git-projects/robotproject-her-finn/devel/.private/hoofdprogramma/share/gennodejs/ros/hoofdprogramma/srv/ConveyorControl.js, /home/student/Git-projects/robotproject-her-finn/devel/share/gennodejs/ros/hoofdprogramma/srv/ConveyorControl.js)
Linked: (/home/student/Git-projects/robotproject-her-finn/devel/.private/hoofdprogramma/share/gennodejs/ros/hoofdprogramma/srv/_index.js, /home/student/Git-projects/robotproject-her-finn/devel/share/gennodejs/ros/hoofdprogramma/srv/_index.js)
Linked: (/home/student/Git-projects/robotproject-her-finn/devel/.private/hoofdprogramma/share/roseus/ros/hoofdprogramma/manifest.l, /home/student/Git-projects/robotproject-her-finn/devel/share/roseus/ros/hoofdprogramma/manifest.l)
Linked: (/home/student/Git-projects/robotproject-her-finn/devel/.private/hoofdprogramma/share/roseus/ros/hoofdprogramma/msg/PickAndPlaceAction.l, /home/student/Git-projects/robotproject-her-finn/devel/share/roseus/ros/hoofdprogramma/msg/PickAndPlaceAction.l)
Linked: (/home/student/Git-projects/robotproject-her-finn/devel/.private/hoofdprogramma/share/roseus/ros/hoofdprogramma/msg/objectDetection.l, /home/student/Git-projects/robotproject-her-finn/devel/share/roseus/ros/hoofdprogramma/msg/objectDetection.l)
Linked: (/home/student/Git-projects/robotproject-her-finn/devel/.private/hoofdprogramma/share/roseus/ros/hoofdprogramma/msg/PickAndPlaceGoal.l, /home/student/Git-projects/robotproject-her-finn/devel/share/roseus/ros/hoofdprogramma/msg/PickAndPlaceGoal.l)
Linked: (/home/student/Git-projects/robotproject-her-finn/devel/.private/hoofdprogramma/share/roseus/ros/hoofdprogramma/msg/PickAndPlaceActionFeedback.l, /home/student/Git-projects/robotproject-her-finn/devel/share/roseus/ros/hoofdprogramma/msg/PickAndPlaceActionFeedback.l)
Linked: (/home/student/Git-projects/robotproject-her-finn/devel/.private/hoofdprogramma/share/roseus/ros/hoofdprogramma/msg/PickAndPlaceActionGoal.l, /home/student/Git-projects/robotproject-her-finn/devel/share/roseus/ros/hoofdprogramma/msg/PickAndPlaceActionGoal.l)
Linked: (/home/student/Git-projects/robotproject-her-finn/devel/.private/hoofdprogramma/share/roseus/ros/hoofdprogramma/msg/PickAndPlaceActionResult.l, /home/student/Git-projects/robotproject-her-finn/devel/share/roseus/ros/hoofdprogramma/msg/PickAndPlaceActionResult.l)
Linked: (/home/student/Git-projects/robotproject-her-finn/devel/.private/hoofdprogramma/share/roseus/ros/hoofdprogramma/msg/PickAndPlaceFeedback.l, /home/student/Git-projects/robotproject-her-finn/devel/share/roseus/ros/hoofdprogramma/msg/PickAndPlaceFeedback.l)
Linked: (/home/student/Git-projects/robotproject-her-finn/devel/.private/hoofdprogramma/share/roseus/ros/hoofdprogramma/msg/PickAndPlaceResult.l, /home/student/Git-projects/robotproject-her-finn/devel/share/roseus/ros/hoofdprogramma/msg/PickAndPlaceResult.l)
Linked: (/home/student/Git-projects/robotproject-her-finn/devel/.private/hoofdprogramma/share/roseus/ros/hoofdprogramma/srv/ConveyorControl.l, /home/student/Git-projects/robotproject-her-finn/devel/share/roseus/ros/hoofdprogramma/srv/ConveyorControl.l)
Linked: (/home/student/Git-projects/robotproject-her-finn/devel/.private/hoofdprogramma/share/roseus/ros/hoofdprogramma/srv/StartCyclus.l, /home/student/Git-projects/robotproject-her-finn/devel/share/roseus/ros/hoofdprogramma/srv/StartCyclus.l)
Symlinking /home/student/Git-projects/robotproject-her-finn/devel/share/roseus/ros/hoofdprogramma/srv/StopCyclus.l
Linked: (/home/student/Git-projects/robotproject-her-finn/devel/.private/hoofdprogramma/share/common-lisp/ros/hoofdprogramma/msg/_package_PickAndPlaceActionResult.lisp, /home/student/Git-projects/robotproject-her-finn/devel/share/common-lisp/ros/hoofdprogramma/msg/_package_PickAndPlaceActionResult.lisp)
Linked: (/home/student/Git-projects/robotproject-her-finn/devel/.private/hoofdprogramma/share/common-lisp/ros/hoofdprogramma/msg/objectDetection.lisp, /home/student/Git-projects/robotproject-her-finn/devel/share/common-lisp/ros/hoofdprogramma/msg/objectDetection.lisp)
Linked: (/home/student/Git-projects/robotproject-her-finn/devel/.private/hoofdprogramma/share/common-lisp/ros/hoofdprogramma/msg/PickAndPlaceActionGoal.lisp, /home/student/Git-projects/robotproject-her-finn/devel/share/common-lisp/ros/hoofdprogramma/msg/PickAndPlaceActionGoal.lisp)
Linked: (/home/student/Git-projects/robotproject-her-finn/devel/.private/hoofdprogramma/share/common-lisp/ros/hoofdprogramma/msg/PickAndPlaceGoal.lisp, /home/student/Git-projects/robotproject-her-finn/devel/share/common-lisp/ros/hoofdprogramma/msg/PickAndPlaceGoal.lisp)
Linked: (/home/student/Git-projects/robotproject-her-finn/devel/.private/hoofdprogramma/share/common-lisp/ros/hoofdprogramma/msg/_package_objectDetection.lisp, /home/student/Git-projects/robotproject-her-finn/devel/share/common-lisp/ros/hoofdprogramma/msg/_package_objectDetection.lisp)
Linked: (/home/student/Git-projects/robotproject-her-finn/devel/.private/hoofdprogramma/share/common-lisp/ros/hoofdprogramma/msg/PickAndPlaceFeedback.lisp, /home/student/Git-projects/robotproject-her-finn/devel/share/common-lisp/ros/hoofdprogramma/msg/PickAndPlaceFeedback.lisp)
Linked: (/home/student/Git-projects/robotproject-her-finn/devel/.private/hoofdprogramma/share/common-lisp/ros/hoofdprogramma/msg/_package.lisp, /home/student/Git-projects/robotproject-her-finn/devel/share/common-lisp/ros/hoofdprogramma/msg/_package.lisp)
Linked: (/home/student/Git-projects/robotproject-her-finn/devel/.private/hoofdprogramma/share/common-lisp/ros/hoofdprogramma/msg/hoofdprogramma-msg.asd, /home/student/Git-projects/robotproject-her-finn/devel/share/common-lisp/ros/hoofdprogramma/msg/hoofdprogramma-msg.asd)
Linked: (/home/student/Git-projects/robotproject-her-finn/devel/.private/hoofdprogramma/share/common-lisp/ros/hoofdprogramma/msg/PickAndPlaceActionFeedback.lisp, /home/student/Git-projects/robotproject-her-finn/devel/share/common-lisp/ros/hoofdprogramma/msg/PickAndPlaceActionFeedback.lisp)
Linked: (/home/student/Git-projects/robotproject-her-finn/devel/.private/hoofdprogramma/share/common-lisp/ros/hoofdprogramma/msg/PickAndPlaceActionResult.lisp, /home/student/Git-projects/robotproject-her-finn/devel/share/common-lisp/ros/hoofdprogramma/msg/PickAndPlaceActionResult.lisp)
Linked: (/home/student/Git-projects/robotproject-her-finn/devel/.private/hoofdprogramma/share/common-lisp/ros/hoofdprogramma/msg/PickAndPlaceAction.lisp, /home/student/Git-projects/robotproject-her-finn/devel/share/common-lisp/ros/hoofdprogramma/msg/PickAndPlaceAction.lisp)
Linked: (/home/student/Git-projects/robotproject-her-finn/devel/.private/hoofdprogramma/share/common-lisp/ros/hoofdprogramma/msg/_package_PickAndPlaceActionFeedback.lisp, /home/student/Git-projects/robotproject-her-finn/devel/share/common-lisp/ros/hoofdprogramma/msg/_package_PickAndPlaceActionFeedback.lisp)
Linked: (/home/student/Git-projects/robotproject-her-finn/devel/.private/hoofdprogramma/share/common-lisp/ros/hoofdprogramma/msg/_package_PickAndPlaceResult.lisp, /home/student/Git-projects/robotproject-her-finn/devel/share/common-lisp/ros/hoofdprogramma/msg/_package_PickAndPlaceResult.lisp)
Linked: (/home/student/Git-projects/robotproject-her-finn/devel/.private/hoofdprogramma/share/common-lisp/ros/hoofdprogramma/msg/_package_PickAndPlaceFeedback.lisp, /home/student/Git-projects/robotproject-her-finn/devel/share/common-lisp/ros/hoofdprogramma/msg/_package_PickAndPlaceFeedback.lisp)
Linked: (/home/student/Git-projects/robotproject-her-finn/devel/.private/hoofdprogramma/share/common-lisp/ros/hoofdprogramma/msg/_package_PickAndPlaceActionGoal.lisp, /home/student/Git-projects/robotproject-her-finn/devel/share/common-lisp/ros/hoofdprogramma/msg/_package_PickAndPlaceActionGoal.lisp)
Linked: (/home/student/Git-projects/robotproject-her-finn/devel/.private/hoofdprogramma/share/common-lisp/ros/hoofdprogramma/msg/_package_PickAndPlaceGoal.lisp, /home/student/Git-projects/robotproject-her-finn/devel/share/common-lisp/ros/hoofdprogramma/msg/_package_PickAndPlaceGoal.lisp)
Linked: (/home/student/Git-projects/robotproject-her-finn/devel/.private/hoofdprogramma/share/common-lisp/ros/hoofdprogramma/msg/_package_PickAndPlaceAction.lisp, /home/student/Git-projects/robotproject-her-finn/devel/share/common-lisp/ros/hoofdprogramma/msg/_package_PickAndPlaceAction.lisp)
Linked: (/home/student/Git-projects/robotproject-her-finn/devel/.private/hoofdprogramma/share/common-lisp/ros/hoofdprogramma/msg/PickAndPlaceResult.lisp, /home/student/Git-projects/robotproject-her-finn/devel/share/common-lisp/ros/hoofdprogramma/msg/PickAndPlaceResult.lisp)
Linked: (/home/student/Git-projects/robotproject-her-finn/devel/.private/hoofdprogramma/share/common-lisp/ros/hoofdprogramma/srv/ConveyorControl.lisp, /home/student/Git-projects/robotproject-her-finn/devel/share/common-lisp/ros/hoofdprogramma/srv/ConveyorControl.lisp)
Linked: (/home/student/Git-projects/robotproject-her-finn/devel/.private/hoofdprogramma/share/common-lisp/ros/hoofdprogramma/srv/_package.lisp, /home/student/Git-projects/robotproject-her-finn/devel/share/common-lisp/ros/hoofdprogramma/srv/_package.lisp)
Symlinking /home/student/Git-projects/robotproject-her-finn/devel/share/common-lisp/ros/hoofdprogramma/srv/StopCyclus.lisp
Linked: (/home/student/Git-projects/robotproject-her-finn/devel/.private/hoofdprogramma/share/common-lisp/ros/hoofdprogramma/srv/StartCyclus.lisp, /home/student/Git-projects/robotproject-her-finn/devel/share/common-lisp/ros/hoofdprogramma/srv/StartCyclus.lisp)
Symlinking /home/student/Git-projects/robotproject-her-finn/devel/share/common-lisp/ros/hoofdprogramma/srv/_package_StopCyclus.lisp
Linked: (/home/student/Git-projects/robotproject-her-finn/devel/.private/hoofdprogramma/share/common-lisp/ros/hoofdprogramma/srv/hoofdprogramma-srv.asd, /home/student/Git-projects/robotproject-her-finn/devel/share/common-lisp/ros/hoofdprogramma/srv/hoofdprogramma-srv.asd)
Linked: (/home/student/Git-projects/robotproject-her-finn/devel/.private/hoofdprogramma/share/common-lisp/ros/hoofdprogramma/srv/_package_ConveyorControl.lisp, /home/student/Git-projects/robotproject-her-finn/devel/share/common-lisp/ros/hoofdprogramma/srv/_package_ConveyorControl.lisp)
Linked: (/home/student/Git-projects/robotproject-her-finn/devel/.private/hoofdprogramma/share/common-lisp/ros/hoofdprogramma/srv/_package_StartCyclus.lisp, /home/student/Git-projects/robotproject-her-finn/devel/share/common-lisp/ros/hoofdprogramma/srv/_package_StartCyclus.lisp)
Linked: (/home/student/Git-projects/robotproject-her-finn/devel/.private/hoofdprogramma/share/hoofdprogramma/msg/PickAndPlaceResult.msg, /home/student/Git-projects/robotproject-her-finn/devel/share/hoofdprogramma/msg/PickAndPlaceResult.msg)
Linked: (/home/student/Git-projects/robotproject-her-finn/devel/.private/hoofdprogramma/share/hoofdprogramma/msg/PickAndPlaceActionFeedback.msg, /home/student/Git-projects/robotproject-her-finn/devel/share/hoofdprogramma/msg/PickAndPlaceActionFeedback.msg)
Linked: (/home/student/Git-projects/robotproject-her-finn/devel/.private/hoofdprogramma/share/hoofdprogramma/msg/PickAndPlaceAction.msg, /home/student/Git-projects/robotproject-her-finn/devel/share/hoofdprogramma/msg/PickAndPlaceAction.msg)
Linked: (/home/student/Git-projects/robotproject-her-finn/devel/.private/hoofdprogramma/share/hoofdprogramma/msg/PickAndPlaceActionGoal.msg, /home/student/Git-projects/robotproject-her-finn/devel/share/hoofdprogramma/msg/PickAndPlaceActionGoal.msg)
Linked: (/home/student/Git-projects/robotproject-her-finn/devel/.private/hoofdprogramma/share/hoofdprogramma/msg/PickAndPlaceGoal.msg, /home/student/Git-projects/robotproject-her-finn/devel/share/hoofdprogramma/msg/PickAndPlaceGoal.msg)
Linked: (/home/student/Git-projects/robotproject-her-finn/devel/.private/hoofdprogramma/share/hoofdprogramma/msg/PickAndPlaceActionResult.msg, /home/student/Git-projects/robotproject-her-finn/devel/share/hoofdprogramma/msg/PickAndPlaceActionResult.msg)
Linked: (/home/student/Git-projects/robotproject-her-finn/devel/.private/hoofdprogramma/share/hoofdprogramma/msg/PickAndPlaceFeedback.msg, /home/student/Git-projects/robotproject-her-finn/devel/share/hoofdprogramma/msg/PickAndPlaceFeedback.msg)
Linked: (/home/student/Git-projects/robotproject-her-finn/devel/.private/hoofdprogramma/share/hoofdprogramma/cmake/hoofdprogramma-msg-paths.cmake, /home/student/Git-projects/robotproject-her-finn/devel/share/hoofdprogramma/cmake/hoofdprogramma-msg-paths.cmake)
Linked: (/home/student/Git-projects/robotproject-her-finn/devel/.private/hoofdprogramma/share/hoofdprogramma/cmake/hoofdprogrammaConfig.cmake, /home/student/Git-projects/robotproject-her-finn/devel/share/hoofdprogramma/cmake/hoofdprogrammaConfig.cmake)
Linked: (/home/student/Git-projects/robotproject-her-finn/devel/.private/hoofdprogramma/share/hoofdprogramma/cmake/hoofdprogrammaConfig-version.cmake, /home/student/Git-projects/robotproject-her-finn/devel/share/hoofdprogramma/cmake/hoofdprogrammaConfig-version.cmake)
Linked: (/home/student/Git-projects/robotproject-her-finn/devel/.private/hoofdprogramma/share/hoofdprogramma/cmake/hoofdprogramma-msg-extras.cmake, /home/student/Git-projects/robotproject-her-finn/devel/share/hoofdprogramma/cmake/hoofdprogramma-msg-extras.cmake)
