Determining if the pthread_create exist failed with the following output:
Change Dir: /home/student/Git-projects/robotproject-her-finn/build/camera_demo/CMakeFiles/CMakeTmp

Run Build Command:"/usr/bin/make" "cmTC_f4a79/fast"
/usr/bin/make -f CMakeFiles/cmTC_f4a79.dir/build.make CMakeFiles/cmTC_f4a79.dir/build
make[1]: Entering directory '/home/student/Git-projects/robotproject-her-finn/build/camera_demo/CMakeFiles/CMakeTmp'
Building C object CMakeFiles/cmTC_f4a79.dir/CheckSymbolExists.c.o
/usr/bin/cc    -o CMakeFiles/cmTC_f4a79.dir/CheckSymbolExists.c.o   -c /home/student/Git-projects/robotproject-her-finn/build/camera_demo/CMakeFiles/CMakeTmp/CheckSymbolExists.c
Linking C executable cmTC_f4a79
/usr/bin/cmake -E cmake_link_script CMakeFiles/cmTC_f4a79.dir/link.txt --verbose=1
/usr/bin/cc      -rdynamic CMakeFiles/cmTC_f4a79.dir/CheckSymbolExists.c.o  -o cmTC_f4a79 
CMakeFiles/cmTC_f4a79.dir/CheckSymbolExists.c.o: In function `main':
CheckSymbolExists.c:(.text+0x1b): undefined reference to `pthread_create'
collect2: error: ld returned 1 exit status
CMakeFiles/cmTC_f4a79.dir/build.make:97: recipe for target 'cmTC_f4a79' failed
make[1]: *** [cmTC_f4a79] Error 1
make[1]: Leaving directory '/home/student/Git-projects/robotproject-her-finn/build/camera_demo/CMakeFiles/CMakeTmp'
Makefile:126: recipe for target 'cmTC_f4a79/fast' failed
make: *** [cmTC_f4a79/fast] Error 2

File /home/student/Git-projects/robotproject-her-finn/build/camera_demo/CMakeFiles/CMakeTmp/CheckSymbolExists.c:
/* */
#include <pthread.h>

int main(int argc, char** argv)
{
  (void)argv;
#ifndef pthread_create
  return ((int*)(&pthread_create))[argc];
#else
  (void)argc;
  return 0;
#endif
}

Determining if the function pthread_create exists in the pthreads failed with the following output:
Change Dir: /home/student/Git-projects/robotproject-her-finn/build/camera_demo/CMakeFiles/CMakeTmp

Run Build Command:"/usr/bin/make" "cmTC_15a9e/fast"
/usr/bin/make -f CMakeFiles/cmTC_15a9e.dir/build.make CMakeFiles/cmTC_15a9e.dir/build
make[1]: Entering directory '/home/student/Git-projects/robotproject-her-finn/build/camera_demo/CMakeFiles/CMakeTmp'
Building C object CMakeFiles/cmTC_15a9e.dir/CheckFunctionExists.c.o
/usr/bin/cc   -DCHECK_FUNCTION_EXISTS=pthread_create   -o CMakeFiles/cmTC_15a9e.dir/CheckFunctionExists.c.o   -c /usr/share/cmake-3.10/Modules/CheckFunctionExists.c
Linking C executable cmTC_15a9e
/usr/bin/cmake -E cmake_link_script CMakeFiles/cmTC_15a9e.dir/link.txt --verbose=1
/usr/bin/cc  -DCHECK_FUNCTION_EXISTS=pthread_create    -rdynamic CMakeFiles/cmTC_15a9e.dir/CheckFunctionExists.c.o  -o cmTC_15a9e -lpthreads 
/usr/bin/ld: cannot find -lpthreads
collect2: error: ld returned 1 exit status
CMakeFiles/cmTC_15a9e.dir/build.make:97: recipe for target 'cmTC_15a9e' failed
make[1]: *** [cmTC_15a9e] Error 1
make[1]: Leaving directory '/home/student/Git-projects/robotproject-her-finn/build/camera_demo/CMakeFiles/CMakeTmp'
Makefile:126: recipe for target 'cmTC_15a9e/fast' failed
make: *** [cmTC_15a9e/fast] Error 2


