Performing C SOURCE FILE Test CMAKE_HAVE_LIBC_PTHREAD failed with the following output:
Change Dir: /home/student/Git-projects/robotproject-her-finn/build/my_lite6_bringup/CMakeFiles/CMakeScratch/TryCompile-rXa7jg

Run Build Command(s):/usr/bin/make -f Makefile cmTC_1c136/fast && /usr/bin/make  -f CMakeFiles/cmTC_1c136.dir/build.make CMakeFiles/cmTC_1c136.dir/build
make[1]: Entering directory '/home/student/Git-projects/robotproject-her-finn/build/my_lite6_bringup/CMakeFiles/CMakeScratch/TryCompile-rXa7jg'
Building C object CMakeFiles/cmTC_1c136.dir/src.c.o
/usr/bin/cc -DCMAKE_HAVE_LIBC_PTHREAD   -o CMakeFiles/cmTC_1c136.dir/src.c.o -c /home/student/Git-projects/robotproject-her-finn/build/my_lite6_bringup/CMakeFiles/CMakeScratch/TryCompile-rXa7jg/src.c
Linking C executable cmTC_1c136
/usr/bin/cmake -E cmake_link_script CMakeFiles/cmTC_1c136.dir/link.txt --verbose=1
/usr/bin/cc -rdynamic CMakeFiles/cmTC_1c136.dir/src.c.o -o cmTC_1c136 
CMakeFiles/cmTC_1c136.dir/src.c.o: In function `main':
src.c:(.text+0x3e): undefined reference to `pthread_create'
src.c:(.text+0x4a): undefined reference to `pthread_detach'
src.c:(.text+0x56): undefined reference to `pthread_cancel'
src.c:(.text+0x67): undefined reference to `pthread_join'
src.c:(.text+0x7b): undefined reference to `pthread_atfork'
collect2: error: ld returned 1 exit status
CMakeFiles/cmTC_1c136.dir/build.make:98: recipe for target 'cmTC_1c136' failed
make[1]: *** [cmTC_1c136] Error 1
make[1]: Leaving directory '/home/student/Git-projects/robotproject-her-finn/build/my_lite6_bringup/CMakeFiles/CMakeScratch/TryCompile-rXa7jg'
Makefile:127: recipe for target 'cmTC_1c136/fast' failed
make: *** [cmTC_1c136/fast] Error 2


Source file was:
#include <pthread.h>

static void* test_func(void* data)
{
  return data;
}

int main(void)
{
  pthread_t thread;
  pthread_create(&thread, NULL, test_func, NULL);
  pthread_detach(thread);
  pthread_cancel(thread);
  pthread_join(thread, NULL);
  pthread_atfork(NULL, NULL, NULL);
  pthread_exit(NULL);

  return 0;
}


Determining if the function pthread_create exists in the pthreads failed with the following output:
Change Dir: /home/student/Git-projects/robotproject-her-finn/build/my_lite6_bringup/CMakeFiles/CMakeScratch/TryCompile-NEKxcx

Run Build Command(s):/usr/bin/make -f Makefile cmTC_ab5aa/fast && /usr/bin/make  -f CMakeFiles/cmTC_ab5aa.dir/build.make CMakeFiles/cmTC_ab5aa.dir/build
make[1]: Entering directory '/home/student/Git-projects/robotproject-her-finn/build/my_lite6_bringup/CMakeFiles/CMakeScratch/TryCompile-NEKxcx'
Building C object CMakeFiles/cmTC_ab5aa.dir/CheckFunctionExists.c.o
/usr/bin/cc   -DCHECK_FUNCTION_EXISTS=pthread_create -o CMakeFiles/cmTC_ab5aa.dir/CheckFunctionExists.c.o -c /home/student/Git-projects/robotproject-her-finn/build/my_lite6_bringup/CMakeFiles/CMakeScratch/TryCompile-NEKxcx/CheckFunctionExists.c
Linking C executable cmTC_ab5aa
/usr/bin/cmake -E cmake_link_script CMakeFiles/cmTC_ab5aa.dir/link.txt --verbose=1
/usr/bin/cc  -DCHECK_FUNCTION_EXISTS=pthread_create -rdynamic CMakeFiles/cmTC_ab5aa.dir/CheckFunctionExists.c.o -o cmTC_ab5aa  -lpthreads 
/usr/bin/ld: cannot find -lpthreads
collect2: error: ld returned 1 exit status
CMakeFiles/cmTC_ab5aa.dir/build.make:98: recipe for target 'cmTC_ab5aa' failed
make[1]: *** [cmTC_ab5aa] Error 1
make[1]: Leaving directory '/home/student/Git-projects/robotproject-her-finn/build/my_lite6_bringup/CMakeFiles/CMakeScratch/TryCompile-NEKxcx'
Makefile:127: recipe for target 'cmTC_ab5aa/fast' failed
make: *** [cmTC_ab5aa/fast] Error 2



