Symlinking /home/student/Git-projects/robotproject-her-finn/devel/include/xarm_gripper/MoveFeedback.h
Symlinking /home/student/Git-projects/robotproject-her-finn/devel/include/xarm_gripper/MoveActionResult.h
Symlinking /home/student/Git-projects/robotproject-her-finn/devel/include/xarm_gripper/MoveGoal.h
Symlinking /home/student/Git-projects/robotproject-her-finn/devel/include/xarm_gripper/MoveResult.h
Symlinking /home/student/Git-projects/robotproject-her-finn/devel/include/xarm_gripper/MoveAction.h
Symlinking /home/student/Git-projects/robotproject-her-finn/devel/include/xarm_gripper/MoveActionGoal.h
Symlinking /home/student/Git-projects/robotproject-her-finn/devel/include/xarm_gripper/MoveActionFeedback.h
Symlinking /home/student/Git-projects/robotproject-her-finn/devel/lib/python2.7/dist-packages/xarm_gripper/__init__.py
Symlinking /home/student/Git-projects/robotproject-her-finn/devel/lib/python2.7/dist-packages/xarm_gripper/msg/_MoveActionResult.py
Symlinking /home/student/Git-projects/robotproject-her-finn/devel/lib/python2.7/dist-packages/xarm_gripper/msg/__init__.py
Symlinking /home/student/Git-projects/robotproject-her-finn/devel/lib/python2.7/dist-packages/xarm_gripper/msg/_MoveFeedback.py
Symlinking /home/student/Git-projects/robotproject-her-finn/devel/lib/python2.7/dist-packages/xarm_gripper/msg/_MoveActionFeedback.py
Symlinking /home/student/Git-projects/robotproject-her-finn/devel/lib/python2.7/dist-packages/xarm_gripper/msg/_MoveResult.py
Symlinking /home/student/Git-projects/robotproject-her-finn/devel/lib/python2.7/dist-packages/xarm_gripper/msg/_MoveAction.py
Symlinking /home/student/Git-projects/robotproject-her-finn/devel/lib/python2.7/dist-packages/xarm_gripper/msg/_MoveGoal.py
Symlinking /home/student/Git-projects/robotproject-her-finn/devel/lib/python2.7/dist-packages/xarm_gripper/msg/_MoveActionGoal.py
Symlinking /home/student/Git-projects/robotproject-her-finn/devel/lib/pkgconfig/xarm_gripper.pc
Symlinking /home/student/Git-projects/robotproject-her-finn/devel/lib/xarm_gripper/gripper_action_server
Symlinking /home/student/Git-projects/robotproject-her-finn/devel/lib/xarm_gripper/gripper_client
Symlinking /home/student/Git-projects/robotproject-her-finn/devel/share/gennodejs/ros/xarm_gripper/_index.js
Symlinking /home/student/Git-projects/robotproject-her-finn/devel/share/gennodejs/ros/xarm_gripper/msg/MoveAction.js
Symlinking /home/student/Git-projects/robotproject-her-finn/devel/share/gennodejs/ros/xarm_gripper/msg/MoveFeedback.js
Symlinking /home/student/Git-projects/robotproject-her-finn/devel/share/gennodejs/ros/xarm_gripper/msg/MoveActionGoal.js
Symlinking /home/student/Git-projects/robotproject-her-finn/devel/share/gennodejs/ros/xarm_gripper/msg/MoveResult.js
Symlinking /home/student/Git-projects/robotproject-her-finn/devel/share/gennodejs/ros/xarm_gripper/msg/MoveActionFeedback.js
Symlinking /home/student/Git-projects/robotproject-her-finn/devel/share/gennodejs/ros/xarm_gripper/msg/_index.js
Symlinking /home/student/Git-projects/robotproject-her-finn/devel/share/gennodejs/ros/xarm_gripper/msg/MoveActionResult.js
Symlinking /home/student/Git-projects/robotproject-her-finn/devel/share/gennodejs/ros/xarm_gripper/msg/MoveGoal.js
Symlinking /home/student/Git-projects/robotproject-her-finn/devel/share/roseus/ros/xarm_gripper/manifest.l
Symlinking /home/student/Git-projects/robotproject-her-finn/devel/share/roseus/ros/xarm_gripper/msg/MoveFeedback.l
Symlinking /home/student/Git-projects/robotproject-her-finn/devel/share/roseus/ros/xarm_gripper/msg/MoveGoal.l
Symlinking /home/student/Git-projects/robotproject-her-finn/devel/share/roseus/ros/xarm_gripper/msg/MoveActionResult.l
Symlinking /home/student/Git-projects/robotproject-her-finn/devel/share/roseus/ros/xarm_gripper/msg/MoveAction.l
Symlinking /home/student/Git-projects/robotproject-her-finn/devel/share/roseus/ros/xarm_gripper/msg/MoveActionFeedback.l
Symlinking /home/student/Git-projects/robotproject-her-finn/devel/share/roseus/ros/xarm_gripper/msg/MoveActionGoal.l
Symlinking /home/student/Git-projects/robotproject-her-finn/devel/share/roseus/ros/xarm_gripper/msg/MoveResult.l
Symlinking /home/student/Git-projects/robotproject-her-finn/devel/share/common-lisp/ros/xarm_gripper/msg/MoveAction.lisp
Symlinking /home/student/Git-projects/robotproject-her-finn/devel/share/common-lisp/ros/xarm_gripper/msg/_package_MoveActionResult.lisp
Symlinking /home/student/Git-projects/robotproject-her-finn/devel/share/common-lisp/ros/xarm_gripper/msg/_package_MoveActionFeedback.lisp
Symlinking /home/student/Git-projects/robotproject-her-finn/devel/share/common-lisp/ros/xarm_gripper/msg/MoveFeedback.lisp
Symlinking /home/student/Git-projects/robotproject-her-finn/devel/share/common-lisp/ros/xarm_gripper/msg/MoveResult.lisp
Symlinking /home/student/Git-projects/robotproject-her-finn/devel/share/common-lisp/ros/xarm_gripper/msg/MoveGoal.lisp
Symlinking /home/student/Git-projects/robotproject-her-finn/devel/share/common-lisp/ros/xarm_gripper/msg/_package.lisp
Symlinking /home/student/Git-projects/robotproject-her-finn/devel/share/common-lisp/ros/xarm_gripper/msg/MoveActionFeedback.lisp
Symlinking /home/student/Git-projects/robotproject-her-finn/devel/share/common-lisp/ros/xarm_gripper/msg/MoveActionResult.lisp
Symlinking /home/student/Git-projects/robotproject-her-finn/devel/share/common-lisp/ros/xarm_gripper/msg/_package_MoveResult.lisp
Symlinking /home/student/Git-projects/robotproject-her-finn/devel/share/common-lisp/ros/xarm_gripper/msg/_package_MoveGoal.lisp
Symlinking /home/student/Git-projects/robotproject-her-finn/devel/share/common-lisp/ros/xarm_gripper/msg/_package_MoveActionGoal.lisp
Symlinking /home/student/Git-projects/robotproject-her-finn/devel/share/common-lisp/ros/xarm_gripper/msg/xarm_gripper-msg.asd
Symlinking /home/student/Git-projects/robotproject-her-finn/devel/share/common-lisp/ros/xarm_gripper/msg/_package_MoveFeedback.lisp
Symlinking /home/student/Git-projects/robotproject-her-finn/devel/share/common-lisp/ros/xarm_gripper/msg/MoveActionGoal.lisp
Symlinking /home/student/Git-projects/robotproject-her-finn/devel/share/common-lisp/ros/xarm_gripper/msg/_package_MoveAction.lisp
Symlinking /home/student/Git-projects/robotproject-her-finn/devel/share/xarm_gripper/msg/MoveResult.msg
Symlinking /home/student/Git-projects/robotproject-her-finn/devel/share/xarm_gripper/msg/MoveActionFeedback.msg
Symlinking /home/student/Git-projects/robotproject-her-finn/devel/share/xarm_gripper/msg/MoveAction.msg
Symlinking /home/student/Git-projects/robotproject-her-finn/devel/share/xarm_gripper/msg/MoveFeedback.msg
Symlinking /home/student/Git-projects/robotproject-her-finn/devel/share/xarm_gripper/msg/MoveActionResult.msg
Symlinking /home/student/Git-projects/robotproject-her-finn/devel/share/xarm_gripper/msg/MoveGoal.msg
Symlinking /home/student/Git-projects/robotproject-her-finn/devel/share/xarm_gripper/msg/MoveActionGoal.msg
Symlinking /home/student/Git-projects/robotproject-her-finn/devel/share/xarm_gripper/cmake/xarm_gripperConfig-version.cmake
Symlinking /home/student/Git-projects/robotproject-her-finn/devel/share/xarm_gripper/cmake/xarm_gripper-msg-paths.cmake
Symlinking /home/student/Git-projects/robotproject-her-finn/devel/share/xarm_gripper/cmake/xarm_gripperConfig.cmake
Symlinking /home/student/Git-projects/robotproject-her-finn/devel/share/xarm_gripper/cmake/xarm_gripper-msg-extras.cmake
