Linked: (/home/student/Git-projects/robotproject-her-finn/devel/.private/xarm_gripper/include/xarm_gripper/MoveFeedback.h, /home/student/Git-projects/robotproject-her-finn/devel/include/xarm_gripper/MoveFeedback.h)
Linked: (/home/student/Git-projects/robotproject-her-finn/devel/.private/xarm_gripper/include/xarm_gripper/MoveActionResult.h, /home/student/Git-projects/robotproject-her-finn/devel/include/xarm_gripper/MoveActionResult.h)
Linked: (/home/student/Git-projects/robotproject-her-finn/devel/.private/xarm_gripper/include/xarm_gripper/MoveGoal.h, /home/student/Git-projects/robotproject-her-finn/devel/include/xarm_gripper/MoveGoal.h)
Linked: (/home/student/Git-projects/robotproject-her-finn/devel/.private/xarm_gripper/include/xarm_gripper/MoveResult.h, /home/student/Git-projects/robotproject-her-finn/devel/include/xarm_gripper/MoveResult.h)
Linked: (/home/student/Git-projects/robotproject-her-finn/devel/.private/xarm_gripper/include/xarm_gripper/MoveAction.h, /home/student/Git-projects/robotproject-her-finn/devel/include/xarm_gripper/MoveAction.h)
Linked: (/home/student/Git-projects/robotproject-her-finn/devel/.private/xarm_gripper/include/xarm_gripper/MoveActionGoal.h, /home/student/Git-projects/robotproject-her-finn/devel/include/xarm_gripper/MoveActionGoal.h)
Linked: (/home/student/Git-projects/robotproject-her-finn/devel/.private/xarm_gripper/include/xarm_gripper/MoveActionFeedback.h, /home/student/Git-projects/robotproject-her-finn/devel/include/xarm_gripper/MoveActionFeedback.h)
Linked: (/home/student/Git-projects/robotproject-her-finn/devel/.private/xarm_gripper/lib/python2.7/dist-packages/xarm_gripper/__init__.py, /home/student/Git-projects/robotproject-her-finn/devel/lib/python2.7/dist-packages/xarm_gripper/__init__.py)
Linked: (/home/student/Git-projects/robotproject-her-finn/devel/.private/xarm_gripper/lib/python2.7/dist-packages/xarm_gripper/msg/_MoveActionResult.py, /home/student/Git-projects/robotproject-her-finn/devel/lib/python2.7/dist-packages/xarm_gripper/msg/_MoveActionResult.py)
Linked: (/home/student/Git-projects/robotproject-her-finn/devel/.private/xarm_gripper/lib/python2.7/dist-packages/xarm_gripper/msg/__init__.py, /home/student/Git-projects/robotproject-her-finn/devel/lib/python2.7/dist-packages/xarm_gripper/msg/__init__.py)
Linked: (/home/student/Git-projects/robotproject-her-finn/devel/.private/xarm_gripper/lib/python2.7/dist-packages/xarm_gripper/msg/_MoveFeedback.py, /home/student/Git-projects/robotproject-her-finn/devel/lib/python2.7/dist-packages/xarm_gripper/msg/_MoveFeedback.py)
Linked: (/home/student/Git-projects/robotproject-her-finn/devel/.private/xarm_gripper/lib/python2.7/dist-packages/xarm_gripper/msg/_MoveActionFeedback.py, /home/student/Git-projects/robotproject-her-finn/devel/lib/python2.7/dist-packages/xarm_gripper/msg/_MoveActionFeedback.py)
Linked: (/home/student/Git-projects/robotproject-her-finn/devel/.private/xarm_gripper/lib/python2.7/dist-packages/xarm_gripper/msg/_MoveResult.py, /home/student/Git-projects/robotproject-her-finn/devel/lib/python2.7/dist-packages/xarm_gripper/msg/_MoveResult.py)
Linked: (/home/student/Git-projects/robotproject-her-finn/devel/.private/xarm_gripper/lib/python2.7/dist-packages/xarm_gripper/msg/_MoveAction.py, /home/student/Git-projects/robotproject-her-finn/devel/lib/python2.7/dist-packages/xarm_gripper/msg/_MoveAction.py)
Linked: (/home/student/Git-projects/robotproject-her-finn/devel/.private/xarm_gripper/lib/python2.7/dist-packages/xarm_gripper/msg/_MoveGoal.py, /home/student/Git-projects/robotproject-her-finn/devel/lib/python2.7/dist-packages/xarm_gripper/msg/_MoveGoal.py)
Linked: (/home/student/Git-projects/robotproject-her-finn/devel/.private/xarm_gripper/lib/python2.7/dist-packages/xarm_gripper/msg/_MoveActionGoal.py, /home/student/Git-projects/robotproject-her-finn/devel/lib/python2.7/dist-packages/xarm_gripper/msg/_MoveActionGoal.py)
Linked: (/home/student/Git-projects/robotproject-her-finn/devel/.private/xarm_gripper/lib/pkgconfig/xarm_gripper.pc, /home/student/Git-projects/robotproject-her-finn/devel/lib/pkgconfig/xarm_gripper.pc)
Linked: (/home/student/Git-projects/robotproject-her-finn/devel/.private/xarm_gripper/lib/xarm_gripper/gripper_action_server, /home/student/Git-projects/robotproject-her-finn/devel/lib/xarm_gripper/gripper_action_server)
Linked: (/home/student/Git-projects/robotproject-her-finn/devel/.private/xarm_gripper/lib/xarm_gripper/gripper_client, /home/student/Git-projects/robotproject-her-finn/devel/lib/xarm_gripper/gripper_client)
Linked: (/home/student/Git-projects/robotproject-her-finn/devel/.private/xarm_gripper/share/gennodejs/ros/xarm_gripper/_index.js, /home/student/Git-projects/robotproject-her-finn/devel/share/gennodejs/ros/xarm_gripper/_index.js)
Linked: (/home/student/Git-projects/robotproject-her-finn/devel/.private/xarm_gripper/share/gennodejs/ros/xarm_gripper/msg/MoveAction.js, /home/student/Git-projects/robotproject-her-finn/devel/share/gennodejs/ros/xarm_gripper/msg/MoveAction.js)
Linked: (/home/student/Git-projects/robotproject-her-finn/devel/.private/xarm_gripper/share/gennodejs/ros/xarm_gripper/msg/MoveFeedback.js, /home/student/Git-projects/robotproject-her-finn/devel/share/gennodejs/ros/xarm_gripper/msg/MoveFeedback.js)
Linked: (/home/student/Git-projects/robotproject-her-finn/devel/.private/xarm_gripper/share/gennodejs/ros/xarm_gripper/msg/MoveActionGoal.js, /home/student/Git-projects/robotproject-her-finn/devel/share/gennodejs/ros/xarm_gripper/msg/MoveActionGoal.js)
Linked: (/home/student/Git-projects/robotproject-her-finn/devel/.private/xarm_gripper/share/gennodejs/ros/xarm_gripper/msg/MoveResult.js, /home/student/Git-projects/robotproject-her-finn/devel/share/gennodejs/ros/xarm_gripper/msg/MoveResult.js)
Linked: (/home/student/Git-projects/robotproject-her-finn/devel/.private/xarm_gripper/share/gennodejs/ros/xarm_gripper/msg/MoveActionFeedback.js, /home/student/Git-projects/robotproject-her-finn/devel/share/gennodejs/ros/xarm_gripper/msg/MoveActionFeedback.js)
Linked: (/home/student/Git-projects/robotproject-her-finn/devel/.private/xarm_gripper/share/gennodejs/ros/xarm_gripper/msg/_index.js, /home/student/Git-projects/robotproject-her-finn/devel/share/gennodejs/ros/xarm_gripper/msg/_index.js)
Linked: (/home/student/Git-projects/robotproject-her-finn/devel/.private/xarm_gripper/share/gennodejs/ros/xarm_gripper/msg/MoveActionResult.js, /home/student/Git-projects/robotproject-her-finn/devel/share/gennodejs/ros/xarm_gripper/msg/MoveActionResult.js)
Linked: (/home/student/Git-projects/robotproject-her-finn/devel/.private/xarm_gripper/share/gennodejs/ros/xarm_gripper/msg/MoveGoal.js, /home/student/Git-projects/robotproject-her-finn/devel/share/gennodejs/ros/xarm_gripper/msg/MoveGoal.js)
Linked: (/home/student/Git-projects/robotproject-her-finn/devel/.private/xarm_gripper/share/roseus/ros/xarm_gripper/manifest.l, /home/student/Git-projects/robotproject-her-finn/devel/share/roseus/ros/xarm_gripper/manifest.l)
Linked: (/home/student/Git-projects/robotproject-her-finn/devel/.private/xarm_gripper/share/roseus/ros/xarm_gripper/msg/MoveFeedback.l, /home/student/Git-projects/robotproject-her-finn/devel/share/roseus/ros/xarm_gripper/msg/MoveFeedback.l)
Linked: (/home/student/Git-projects/robotproject-her-finn/devel/.private/xarm_gripper/share/roseus/ros/xarm_gripper/msg/MoveGoal.l, /home/student/Git-projects/robotproject-her-finn/devel/share/roseus/ros/xarm_gripper/msg/MoveGoal.l)
Linked: (/home/student/Git-projects/robotproject-her-finn/devel/.private/xarm_gripper/share/roseus/ros/xarm_gripper/msg/MoveActionResult.l, /home/student/Git-projects/robotproject-her-finn/devel/share/roseus/ros/xarm_gripper/msg/MoveActionResult.l)
Linked: (/home/student/Git-projects/robotproject-her-finn/devel/.private/xarm_gripper/share/roseus/ros/xarm_gripper/msg/MoveAction.l, /home/student/Git-projects/robotproject-her-finn/devel/share/roseus/ros/xarm_gripper/msg/MoveAction.l)
Linked: (/home/student/Git-projects/robotproject-her-finn/devel/.private/xarm_gripper/share/roseus/ros/xarm_gripper/msg/MoveActionFeedback.l, /home/student/Git-projects/robotproject-her-finn/devel/share/roseus/ros/xarm_gripper/msg/MoveActionFeedback.l)
Linked: (/home/student/Git-projects/robotproject-her-finn/devel/.private/xarm_gripper/share/roseus/ros/xarm_gripper/msg/MoveActionGoal.l, /home/student/Git-projects/robotproject-her-finn/devel/share/roseus/ros/xarm_gripper/msg/MoveActionGoal.l)
Linked: (/home/student/Git-projects/robotproject-her-finn/devel/.private/xarm_gripper/share/roseus/ros/xarm_gripper/msg/MoveResult.l, /home/student/Git-projects/robotproject-her-finn/devel/share/roseus/ros/xarm_gripper/msg/MoveResult.l)
Linked: (/home/student/Git-projects/robotproject-her-finn/devel/.private/xarm_gripper/share/common-lisp/ros/xarm_gripper/msg/MoveAction.lisp, /home/student/Git-projects/robotproject-her-finn/devel/share/common-lisp/ros/xarm_gripper/msg/MoveAction.lisp)
Linked: (/home/student/Git-projects/robotproject-her-finn/devel/.private/xarm_gripper/share/common-lisp/ros/xarm_gripper/msg/_package_MoveActionResult.lisp, /home/student/Git-projects/robotproject-her-finn/devel/share/common-lisp/ros/xarm_gripper/msg/_package_MoveActionResult.lisp)
Linked: (/home/student/Git-projects/robotproject-her-finn/devel/.private/xarm_gripper/share/common-lisp/ros/xarm_gripper/msg/_package_MoveActionFeedback.lisp, /home/student/Git-projects/robotproject-her-finn/devel/share/common-lisp/ros/xarm_gripper/msg/_package_MoveActionFeedback.lisp)
Linked: (/home/student/Git-projects/robotproject-her-finn/devel/.private/xarm_gripper/share/common-lisp/ros/xarm_gripper/msg/MoveFeedback.lisp, /home/student/Git-projects/robotproject-her-finn/devel/share/common-lisp/ros/xarm_gripper/msg/MoveFeedback.lisp)
Linked: (/home/student/Git-projects/robotproject-her-finn/devel/.private/xarm_gripper/share/common-lisp/ros/xarm_gripper/msg/MoveResult.lisp, /home/student/Git-projects/robotproject-her-finn/devel/share/common-lisp/ros/xarm_gripper/msg/MoveResult.lisp)
Linked: (/home/student/Git-projects/robotproject-her-finn/devel/.private/xarm_gripper/share/common-lisp/ros/xarm_gripper/msg/MoveGoal.lisp, /home/student/Git-projects/robotproject-her-finn/devel/share/common-lisp/ros/xarm_gripper/msg/MoveGoal.lisp)
Linked: (/home/student/Git-projects/robotproject-her-finn/devel/.private/xarm_gripper/share/common-lisp/ros/xarm_gripper/msg/_package.lisp, /home/student/Git-projects/robotproject-her-finn/devel/share/common-lisp/ros/xarm_gripper/msg/_package.lisp)
Linked: (/home/student/Git-projects/robotproject-her-finn/devel/.private/xarm_gripper/share/common-lisp/ros/xarm_gripper/msg/MoveActionFeedback.lisp, /home/student/Git-projects/robotproject-her-finn/devel/share/common-lisp/ros/xarm_gripper/msg/MoveActionFeedback.lisp)
Linked: (/home/student/Git-projects/robotproject-her-finn/devel/.private/xarm_gripper/share/common-lisp/ros/xarm_gripper/msg/MoveActionResult.lisp, /home/student/Git-projects/robotproject-her-finn/devel/share/common-lisp/ros/xarm_gripper/msg/MoveActionResult.lisp)
Linked: (/home/student/Git-projects/robotproject-her-finn/devel/.private/xarm_gripper/share/common-lisp/ros/xarm_gripper/msg/_package_MoveResult.lisp, /home/student/Git-projects/robotproject-her-finn/devel/share/common-lisp/ros/xarm_gripper/msg/_package_MoveResult.lisp)
Linked: (/home/student/Git-projects/robotproject-her-finn/devel/.private/xarm_gripper/share/common-lisp/ros/xarm_gripper/msg/_package_MoveGoal.lisp, /home/student/Git-projects/robotproject-her-finn/devel/share/common-lisp/ros/xarm_gripper/msg/_package_MoveGoal.lisp)
Linked: (/home/student/Git-projects/robotproject-her-finn/devel/.private/xarm_gripper/share/common-lisp/ros/xarm_gripper/msg/_package_MoveActionGoal.lisp, /home/student/Git-projects/robotproject-her-finn/devel/share/common-lisp/ros/xarm_gripper/msg/_package_MoveActionGoal.lisp)
Linked: (/home/student/Git-projects/robotproject-her-finn/devel/.private/xarm_gripper/share/common-lisp/ros/xarm_gripper/msg/xarm_gripper-msg.asd, /home/student/Git-projects/robotproject-her-finn/devel/share/common-lisp/ros/xarm_gripper/msg/xarm_gripper-msg.asd)
Linked: (/home/student/Git-projects/robotproject-her-finn/devel/.private/xarm_gripper/share/common-lisp/ros/xarm_gripper/msg/_package_MoveFeedback.lisp, /home/student/Git-projects/robotproject-her-finn/devel/share/common-lisp/ros/xarm_gripper/msg/_package_MoveFeedback.lisp)
Linked: (/home/student/Git-projects/robotproject-her-finn/devel/.private/xarm_gripper/share/common-lisp/ros/xarm_gripper/msg/MoveActionGoal.lisp, /home/student/Git-projects/robotproject-her-finn/devel/share/common-lisp/ros/xarm_gripper/msg/MoveActionGoal.lisp)
Linked: (/home/student/Git-projects/robotproject-her-finn/devel/.private/xarm_gripper/share/common-lisp/ros/xarm_gripper/msg/_package_MoveAction.lisp, /home/student/Git-projects/robotproject-her-finn/devel/share/common-lisp/ros/xarm_gripper/msg/_package_MoveAction.lisp)
Linked: (/home/student/Git-projects/robotproject-her-finn/devel/.private/xarm_gripper/share/xarm_gripper/msg/MoveResult.msg, /home/student/Git-projects/robotproject-her-finn/devel/share/xarm_gripper/msg/MoveResult.msg)
Linked: (/home/student/Git-projects/robotproject-her-finn/devel/.private/xarm_gripper/share/xarm_gripper/msg/MoveActionFeedback.msg, /home/student/Git-projects/robotproject-her-finn/devel/share/xarm_gripper/msg/MoveActionFeedback.msg)
Linked: (/home/student/Git-projects/robotproject-her-finn/devel/.private/xarm_gripper/share/xarm_gripper/msg/MoveAction.msg, /home/student/Git-projects/robotproject-her-finn/devel/share/xarm_gripper/msg/MoveAction.msg)
Linked: (/home/student/Git-projects/robotproject-her-finn/devel/.private/xarm_gripper/share/xarm_gripper/msg/MoveFeedback.msg, /home/student/Git-projects/robotproject-her-finn/devel/share/xarm_gripper/msg/MoveFeedback.msg)
Linked: (/home/student/Git-projects/robotproject-her-finn/devel/.private/xarm_gripper/share/xarm_gripper/msg/MoveActionResult.msg, /home/student/Git-projects/robotproject-her-finn/devel/share/xarm_gripper/msg/MoveActionResult.msg)
Linked: (/home/student/Git-projects/robotproject-her-finn/devel/.private/xarm_gripper/share/xarm_gripper/msg/MoveGoal.msg, /home/student/Git-projects/robotproject-her-finn/devel/share/xarm_gripper/msg/MoveGoal.msg)
Linked: (/home/student/Git-projects/robotproject-her-finn/devel/.private/xarm_gripper/share/xarm_gripper/msg/MoveActionGoal.msg, /home/student/Git-projects/robotproject-her-finn/devel/share/xarm_gripper/msg/MoveActionGoal.msg)
Linked: (/home/student/Git-projects/robotproject-her-finn/devel/.private/xarm_gripper/share/xarm_gripper/cmake/xarm_gripperConfig-version.cmake, /home/student/Git-projects/robotproject-her-finn/devel/share/xarm_gripper/cmake/xarm_gripperConfig-version.cmake)
Linked: (/home/student/Git-projects/robotproject-her-finn/devel/.private/xarm_gripper/share/xarm_gripper/cmake/xarm_gripper-msg-paths.cmake, /home/student/Git-projects/robotproject-her-finn/devel/share/xarm_gripper/cmake/xarm_gripper-msg-paths.cmake)
Linked: (/home/student/Git-projects/robotproject-her-finn/devel/.private/xarm_gripper/share/xarm_gripper/cmake/xarm_gripperConfig.cmake, /home/student/Git-projects/robotproject-her-finn/devel/share/xarm_gripper/cmake/xarm_gripperConfig.cmake)
Linked: (/home/student/Git-projects/robotproject-her-finn/devel/.private/xarm_gripper/share/xarm_gripper/cmake/xarm_gripper-msg-extras.cmake, /home/student/Git-projects/robotproject-her-finn/devel/share/xarm_gripper/cmake/xarm_gripper-msg-extras.cmake)
