Determining if the pthread_create exist failed with the following output:
Change Dir: /home/student/Git-projects/robotproject-her-finn/build/xarm7_moveit_config/CMakeFiles/CMakeTmp

Run Build Command:"/usr/bin/make" "cmTC_63baf/fast"
/usr/bin/make -f CMakeFiles/cmTC_63baf.dir/build.make CMakeFiles/cmTC_63baf.dir/build
make[1]: Entering directory '/home/student/Git-projects/robotproject-her-finn/build/xarm7_moveit_config/CMakeFiles/CMakeTmp'
Building C object CMakeFiles/cmTC_63baf.dir/CheckSymbolExists.c.o
/usr/bin/cc    -o CMakeFiles/cmTC_63baf.dir/CheckSymbolExists.c.o   -c /home/student/Git-projects/robotproject-her-finn/build/xarm7_moveit_config/CMakeFiles/CMakeTmp/CheckSymbolExists.c
Linking C executable cmTC_63baf
/usr/bin/cmake -E cmake_link_script CMakeFiles/cmTC_63baf.dir/link.txt --verbose=1
/usr/bin/cc      -rdynamic CMakeFiles/cmTC_63baf.dir/CheckSymbolExists.c.o  -o cmTC_63baf 
CMakeFiles/cmTC_63baf.dir/CheckSymbolExists.c.o: In function `main':
CheckSymbolExists.c:(.text+0x1b): undefined reference to `pthread_create'
collect2: error: ld returned 1 exit status
CMakeFiles/cmTC_63baf.dir/build.make:97: recipe for target 'cmTC_63baf' failed
make[1]: *** [cmTC_63baf] Error 1
make[1]: Leaving directory '/home/student/Git-projects/robotproject-her-finn/build/xarm7_moveit_config/CMakeFiles/CMakeTmp'
Makefile:126: recipe for target 'cmTC_63baf/fast' failed
make: *** [cmTC_63baf/fast] Error 2

File /home/student/Git-projects/robotproject-her-finn/build/xarm7_moveit_config/CMakeFiles/CMakeTmp/CheckSymbolExists.c:
/* */
#include <pthread.h>

int main(int argc, char** argv)
{
  (void)argv;
#ifndef pthread_create
  return ((int*)(&pthread_create))[argc];
#else
  (void)argc;
  return 0;
#endif
}

Determining if the function pthread_create exists in the pthreads failed with the following output:
Change Dir: /home/student/Git-projects/robotproject-her-finn/build/xarm7_moveit_config/CMakeFiles/CMakeTmp

Run Build Command:"/usr/bin/make" "cmTC_dae16/fast"
/usr/bin/make -f CMakeFiles/cmTC_dae16.dir/build.make CMakeFiles/cmTC_dae16.dir/build
make[1]: Entering directory '/home/student/Git-projects/robotproject-her-finn/build/xarm7_moveit_config/CMakeFiles/CMakeTmp'
Building C object CMakeFiles/cmTC_dae16.dir/CheckFunctionExists.c.o
/usr/bin/cc   -DCHECK_FUNCTION_EXISTS=pthread_create   -o CMakeFiles/cmTC_dae16.dir/CheckFunctionExists.c.o   -c /usr/share/cmake-3.10/Modules/CheckFunctionExists.c
Linking C executable cmTC_dae16
/usr/bin/cmake -E cmake_link_script CMakeFiles/cmTC_dae16.dir/link.txt --verbose=1
/usr/bin/cc  -DCHECK_FUNCTION_EXISTS=pthread_create    -rdynamic CMakeFiles/cmTC_dae16.dir/CheckFunctionExists.c.o  -o cmTC_dae16 -lpthreads 
/usr/bin/ld: cannot find -lpthreads
collect2: error: ld returned 1 exit status
CMakeFiles/cmTC_dae16.dir/build.make:97: recipe for target 'cmTC_dae16' failed
make[1]: *** [cmTC_dae16] Error 1
make[1]: Leaving directory '/home/student/Git-projects/robotproject-her-finn/build/xarm7_moveit_config/CMakeFiles/CMakeTmp'
Makefile:126: recipe for target 'cmTC_dae16/fast' failed
make: *** [cmTC_dae16/fast] Error 2


