Performing C SOURCE FILE Test CMAKE_HAVE_LIBC_PTHREAD failed with the following output:
Change Dir: /home/student/Git-projects/robotproject-her-finn/build/xarm7_redundancy_res/CMakeFiles/CMakeScratch/TryCompile-MPtz0E

Run Build Command(s):/usr/bin/make -f Makefile cmTC_545e6/fast && /usr/bin/make  -f CMakeFiles/cmTC_545e6.dir/build.make CMakeFiles/cmTC_545e6.dir/build
make[1]: Entering directory '/home/student/Git-projects/robotproject-her-finn/build/xarm7_redundancy_res/CMakeFiles/CMakeScratch/TryCompile-MPtz0E'
Building C object CMakeFiles/cmTC_545e6.dir/src.c.o
/usr/bin/cc -DCMAKE_HAVE_LIBC_PTHREAD   -o CMakeFiles/cmTC_545e6.dir/src.c.o -c /home/student/Git-projects/robotproject-her-finn/build/xarm7_redundancy_res/CMakeFiles/CMakeScratch/TryCompile-MPtz0E/src.c
Linking C executable cmTC_545e6
/usr/bin/cmake -E cmake_link_script CMakeFiles/cmTC_545e6.dir/link.txt --verbose=1
/usr/bin/cc -rdynamic CMakeFiles/cmTC_545e6.dir/src.c.o -o cmTC_545e6 
CMakeFiles/cmTC_545e6.dir/src.c.o: In function `main':
src.c:(.text+0x3e): undefined reference to `pthread_create'
src.c:(.text+0x4a): undefined reference to `pthread_detach'
src.c:(.text+0x56): undefined reference to `pthread_cancel'
src.c:(.text+0x67): undefined reference to `pthread_join'
src.c:(.text+0x7b): undefined reference to `pthread_atfork'
collect2: error: ld returned 1 exit status
CMakeFiles/cmTC_545e6.dir/build.make:98: recipe for target 'cmTC_545e6' failed
make[1]: *** [cmTC_545e6] Error 1
make[1]: Leaving directory '/home/student/Git-projects/robotproject-her-finn/build/xarm7_redundancy_res/CMakeFiles/CMakeScratch/TryCompile-MPtz0E'
Makefile:127: recipe for target 'cmTC_545e6/fast' failed
make: *** [cmTC_545e6/fast] Error 2


Source file was:
#include <pthread.h>

static void* test_func(void* data)
{
  return data;
}

int main(void)
{
  pthread_t thread;
  pthread_create(&thread, NULL, test_func, NULL);
  pthread_detach(thread);
  pthread_cancel(thread);
  pthread_join(thread, NULL);
  pthread_atfork(NULL, NULL, NULL);
  pthread_exit(NULL);

  return 0;
}


Determining if the function pthread_create exists in the pthreads failed with the following output:
Change Dir: /home/student/Git-projects/robotproject-her-finn/build/xarm7_redundancy_res/CMakeFiles/CMakeScratch/TryCompile-7U1rnA

Run Build Command(s):/usr/bin/make -f Makefile cmTC_fc123/fast && /usr/bin/make  -f CMakeFiles/cmTC_fc123.dir/build.make CMakeFiles/cmTC_fc123.dir/build
make[1]: Entering directory '/home/student/Git-projects/robotproject-her-finn/build/xarm7_redundancy_res/CMakeFiles/CMakeScratch/TryCompile-7U1rnA'
Building C object CMakeFiles/cmTC_fc123.dir/CheckFunctionExists.c.o
/usr/bin/cc   -DCHECK_FUNCTION_EXISTS=pthread_create -o CMakeFiles/cmTC_fc123.dir/CheckFunctionExists.c.o -c /home/student/Git-projects/robotproject-her-finn/build/xarm7_redundancy_res/CMakeFiles/CMakeScratch/TryCompile-7U1rnA/CheckFunctionExists.c
Linking C executable cmTC_fc123
/usr/bin/cmake -E cmake_link_script CMakeFiles/cmTC_fc123.dir/link.txt --verbose=1
/usr/bin/cc  -DCHECK_FUNCTION_EXISTS=pthread_create -rdynamic CMakeFiles/cmTC_fc123.dir/CheckFunctionExists.c.o -o cmTC_fc123  -lpthreads 
/usr/bin/ld: cannot find -lpthreads
collect2: error: ld returned 1 exit status
CMakeFiles/cmTC_fc123.dir/build.make:98: recipe for target 'cmTC_fc123' failed
make[1]: *** [cmTC_fc123] Error 1
make[1]: Leaving directory '/home/student/Git-projects/robotproject-her-finn/build/xarm7_redundancy_res/CMakeFiles/CMakeScratch/TryCompile-7U1rnA'
Makefile:127: recipe for target 'cmTC_fc123/fast' failed
make: *** [cmTC_fc123/fast] Error 2



