Symlinking /home/student/ufactory_ws/devel/include/my_depthai/DetectObjectResponse.h
Symlinking /home/student/ufactory_ws/devel/include/my_depthai/DetectObject.h
Symlinking /home/student/ufactory_ws/devel/include/my_depthai/DetectObjectRequest.h
Symlinking /home/student/ufactory_ws/devel/lib/python2.7/dist-packages/my_depthai/__init__.py
Symlinking /home/student/ufactory_ws/devel/lib/python2.7/dist-packages/my_depthai/srv/_DetectObject.py
Symlinking /home/student/ufactory_ws/devel/lib/python2.7/dist-packages/my_depthai/srv/__init__.py
Symlinking /home/student/ufactory_ws/devel/lib/pkgconfig/my_depthai.pc
Symlinking /home/student/ufactory_ws/devel/share/my_depthai/cmake/my_depthai-msg-extras.cmake
Symlinking /home/student/ufactory_ws/devel/share/my_depthai/cmake/my_depthaiConfig.cmake
Symlinking /home/student/ufactory_ws/devel/share/my_depthai/cmake/my_depthai-msg-paths.cmake
Symlinking /home/student/ufactory_ws/devel/share/my_depthai/cmake/my_depthaiConfig-version.cmake
Symlinking /home/student/ufactory_ws/devel/share/gennodejs/ros/my_depthai/_index.js
Symlinking /home/student/ufactory_ws/devel/share/gennodejs/ros/my_depthai/srv/_index.js
Symlinking /home/student/ufactory_ws/devel/share/gennodejs/ros/my_depthai/srv/DetectObject.js
Symlinking /home/student/ufactory_ws/devel/share/roseus/ros/my_depthai/manifest.l
Symlinking /home/student/ufactory_ws/devel/share/roseus/ros/my_depthai/srv/DetectObject.l
Symlinking /home/student/ufactory_ws/devel/share/common-lisp/ros/my_depthai/srv/DetectObject.lisp
Symlinking /home/student/ufactory_ws/devel/share/common-lisp/ros/my_depthai/srv/_package.lisp
Symlinking /home/student/ufactory_ws/devel/share/common-lisp/ros/my_depthai/srv/_package_DetectObject.lisp
Symlinking /home/student/ufactory_ws/devel/share/common-lisp/ros/my_depthai/srv/my_depthai-srv.asd
