Warning: Dest file doesn't exist, so it can't be removed: /home/student/ufactory_ws/devel/include/my_depthai/DetectObjectResponse.h
Warning: Dest file doesn't exist, so it can't be removed: /home/student/ufactory_ws/devel/include/my_depthai/DetectObject.h
Warning: Dest file doesn't exist, so it can't be removed: /home/student/ufactory_ws/devel/include/my_depthai/DetectObjectRequest.h
Warning: Dest file doesn't exist, so it can't be removed: /home/student/ufactory_ws/devel/lib/python2.7/dist-packages/my_depthai/__init__.py
Warning: Dest file doesn't exist, so it can't be removed: /home/student/ufactory_ws/devel/lib/python2.7/dist-packages/my_depthai/srv/_DetectObject.py
Warning: Dest file doesn't exist, so it can't be removed: /home/student/ufactory_ws/devel/lib/python2.7/dist-packages/my_depthai/srv/__init__.py
Warning: Dest file doesn't exist, so it can't be removed: /home/student/ufactory_ws/devel/lib/pkgconfig/my_depthai.pc
Warning: Dest file doesn't exist, so it can't be removed: /home/student/ufactory_ws/devel/share/my_depthai/cmake/my_depthai-msg-extras.cmake
Warning: Dest file doesn't exist, so it can't be removed: /home/student/ufactory_ws/devel/share/my_depthai/cmake/my_depthaiConfig.cmake
Warning: Dest file doesn't exist, so it can't be removed: /home/student/ufactory_ws/devel/share/my_depthai/cmake/my_depthai-msg-paths.cmake
Warning: Dest file doesn't exist, so it can't be removed: /home/student/ufactory_ws/devel/share/my_depthai/cmake/my_depthaiConfig-version.cmake
Warning: Dest file doesn't exist, so it can't be removed: /home/student/ufactory_ws/devel/share/gennodejs/ros/my_depthai/_index.js
Warning: Dest file doesn't exist, so it can't be removed: /home/student/ufactory_ws/devel/share/gennodejs/ros/my_depthai/srv/_index.js
Warning: Dest file doesn't exist, so it can't be removed: /home/student/ufactory_ws/devel/share/gennodejs/ros/my_depthai/srv/DetectObject.js
Warning: Dest file doesn't exist, so it can't be removed: /home/student/ufactory_ws/devel/share/roseus/ros/my_depthai/manifest.l
Warning: Dest file doesn't exist, so it can't be removed: /home/student/ufactory_ws/devel/share/roseus/ros/my_depthai/srv/DetectObject.l
Warning: Dest file doesn't exist, so it can't be removed: /home/student/ufactory_ws/devel/share/common-lisp/ros/my_depthai/srv/DetectObject.lisp
Warning: Dest file doesn't exist, so it can't be removed: /home/student/ufactory_ws/devel/share/common-lisp/ros/my_depthai/srv/_package.lisp
Warning: Dest file doesn't exist, so it can't be removed: /home/student/ufactory_ws/devel/share/common-lisp/ros/my_depthai/srv/_package_DetectObject.lisp
Warning: Dest file doesn't exist, so it can't be removed: /home/student/ufactory_ws/devel/share/common-lisp/ros/my_depthai/srv/my_depthai-srv.asd
